<?xml version="1.0" encoding="ISO-8859-1" ?>
<link_info>
   <banner>MSP430 Linker PC v18.1.2.LTS</banner>
   <copyright>Copyright (c) 2003-2017 Texas Instruments Incorporated</copyright>
   <link_time>0x5b476961</link_time>
   <link_errors>0x0</link_errors>
   <output_file>18_430F5529_Quad_Attempt_2.out</output_file>
   <entry_point>
      <name>_c_int00_noargs</name>
      <address>0x452c</address>
   </entry_point>
   <input_file_list>
      <input_file id="fl-2">
         <path>.\F5xx_F6xx_Core_Lib\</path>
         <kind>object</kind>
         <file>HAL_FLASH.obj</file>
         <name>HAL_FLASH.obj</name>
      </input_file>
      <input_file id="fl-3">
         <path>.\F5xx_F6xx_Core_Lib\</path>
         <kind>object</kind>
         <file>HAL_PMAP.obj</file>
         <name>HAL_PMAP.obj</name>
      </input_file>
      <input_file id="fl-4">
         <path>.\F5xx_F6xx_Core_Lib\</path>
         <kind>object</kind>
         <file>HAL_PMM.obj</file>
         <name>HAL_PMM.obj</name>
      </input_file>
      <input_file id="fl-5">
         <path>.\F5xx_F6xx_Core_Lib\</path>
         <kind>object</kind>
         <file>HAL_TLV.obj</file>
         <name>HAL_TLV.obj</name>
      </input_file>
      <input_file id="fl-6">
         <path>.\F5xx_F6xx_Core_Lib\</path>
         <kind>object</kind>
         <file>HAL_UCS.obj</file>
         <name>HAL_UCS.obj</name>
      </input_file>
      <input_file id="fl-7">
         <path>.\driver\</path>
         <kind>object</kind>
         <file>i2c.obj</file>
         <name>i2c.obj</name>
      </input_file>
      <input_file id="fl-8">
         <path>.\driver\</path>
         <kind>object</kind>
         <file>inv_mpu.obj</file>
         <name>inv_mpu.obj</name>
      </input_file>
      <input_file id="fl-9">
         <path>.\driver\</path>
         <kind>object</kind>
         <file>inv_mpu_dmp_motion_driver.obj</file>
         <name>inv_mpu_dmp_motion_driver.obj</name>
      </input_file>
      <input_file id="fl-a">
         <path>.\driver\</path>
         <kind>object</kind>
         <file>motor.obj</file>
         <name>motor.obj</name>
      </input_file>
      <input_file id="fl-b">
         <path>.\driver\</path>
         <kind>object</kind>
         <file>mpu6050.obj</file>
         <name>mpu6050.obj</name>
      </input_file>
      <input_file id="fl-c">
         <path>.\driver\</path>
         <kind>object</kind>
         <file>ppm.obj</file>
         <name>ppm.obj</name>
      </input_file>
      <input_file id="fl-d">
         <path>.\flight_ctrl\</path>
         <kind>object</kind>
         <file>PID.obj</file>
         <name>PID.obj</name>
      </input_file>
      <input_file id="fl-e">
         <path>.\flight_ctrl\</path>
         <kind>object</kind>
         <file>control.obj</file>
         <name>control.obj</name>
      </input_file>
      <input_file id="fl-f">
         <path>.\flight_ctrl\</path>
         <kind>object</kind>
         <file>control_acro.obj</file>
         <name>control_acro.obj</name>
      </input_file>
      <input_file id="fl-10">
         <path>.\modules\</path>
         <kind>object</kind>
         <file>filter.obj</file>
         <name>filter.obj</name>
      </input_file>
      <input_file id="fl-11">
         <path>.\modules\</path>
         <kind>object</kind>
         <file>imu.obj</file>
         <name>imu.obj</name>
      </input_file>
      <input_file id="fl-12">
         <path>.\user\</path>
         <kind>object</kind>
         <file>main.obj</file>
         <name>main.obj</name>
      </input_file>
      <input_file id="fl-13">
         <path>.\user\</path>
         <kind>object</kind>
         <file>msp430_clock.obj</file>
         <name>msp430_clock.obj</name>
      </input_file>
      <input_file id="fl-19">
         <kind>object</kind>
         <file>&lt;internal&gt;</file>
         <name>&lt;internal&gt;</name>
      </input_file>
      <input_file id="fl-1f">
         <path>C:\ti\ccsv8\ccs_base\msp430\lib\5xx_6xx_FRxx\</path>
         <kind>archive</kind>
         <file>MSPMATHLIB_CCS_msp430_5xx_6xx_FRxx_large_code_restricted_data.lib</file>
         <name>msp430_acos_asin.o</name>
      </input_file>
      <input_file id="fl-20">
         <path>C:\ti\ccsv8\ccs_base\msp430\lib\5xx_6xx_FRxx\</path>
         <kind>archive</kind>
         <file>MSPMATHLIB_CCS_msp430_5xx_6xx_FRxx_large_code_restricted_data.lib</file>
         <name>msp430_atan2.o</name>
      </input_file>
      <input_file id="fl-21">
         <path>C:\ti\ccsv8\ccs_base\msp430\lib\5xx_6xx_FRxx\</path>
         <kind>archive</kind>
         <file>MSPMATHLIB_CCS_msp430_5xx_6xx_FRxx_large_code_restricted_data.lib</file>
         <name>msp430_tables.o</name>
      </input_file>
      <input_file id="fl-22">
         <path>C:\ti\ccsv8\ccs_base\msp430\lib\5xx_6xx_FRxx\</path>
         <kind>archive</kind>
         <file>MSPMATHLIB_CCS_msp430_5xx_6xx_FRxx_large_code_restricted_data.lib</file>
         <name>msp430_common.o</name>
      </input_file>
      <input_file id="fl-38">
         <path>C:\ti\ccsv8\tools\compiler\ti-cgt-msp430_18.1.2.LTS\lib\</path>
         <kind>archive</kind>
         <file>rts430x_lc_rd_eabi.lib</file>
         <name>div16s.asm.obj</name>
      </input_file>
      <input_file id="fl-39">
         <path>C:\ti\ccsv8\tools\compiler\ti-cgt-msp430_18.1.2.LTS\lib\</path>
         <kind>archive</kind>
         <file>rts430x_lc_rd_eabi.lib</file>
         <name>div16u.asm.obj</name>
      </input_file>
      <input_file id="fl-3a">
         <path>C:\ti\ccsv8\tools\compiler\ti-cgt-msp430_18.1.2.LTS\lib\</path>
         <kind>archive</kind>
         <file>rts430x_lc_rd_eabi.lib</file>
         <name>div32s.asm.obj</name>
      </input_file>
      <input_file id="fl-3b">
         <path>C:\ti\ccsv8\tools\compiler\ti-cgt-msp430_18.1.2.LTS\lib\</path>
         <kind>archive</kind>
         <file>rts430x_lc_rd_eabi.lib</file>
         <name>div32u.asm.obj</name>
      </input_file>
      <input_file id="fl-3c">
         <path>C:\ti\ccsv8\tools\compiler\ti-cgt-msp430_18.1.2.LTS\lib\</path>
         <kind>archive</kind>
         <file>rts430x_lc_rd_eabi.lib</file>
         <name>fs_add.asm.obj</name>
      </input_file>
      <input_file id="fl-3d">
         <path>C:\ti\ccsv8\tools\compiler\ti-cgt-msp430_18.1.2.LTS\lib\</path>
         <kind>archive</kind>
         <file>rts430x_lc_rd_eabi.lib</file>
         <name>fs_cmp.asm.obj</name>
      </input_file>
      <input_file id="fl-3e">
         <path>C:\ti\ccsv8\tools\compiler\ti-cgt-msp430_18.1.2.LTS\lib\</path>
         <kind>archive</kind>
         <file>rts430x_lc_rd_eabi.lib</file>
         <name>fs_div.asm.obj</name>
      </input_file>
      <input_file id="fl-3f">
         <path>C:\ti\ccsv8\tools\compiler\ti-cgt-msp430_18.1.2.LTS\lib\</path>
         <kind>archive</kind>
         <file>rts430x_lc_rd_eabi.lib</file>
         <name>fs_itof.asm.obj</name>
      </input_file>
      <input_file id="fl-40">
         <path>C:\ti\ccsv8\tools\compiler\ti-cgt-msp430_18.1.2.LTS\lib\</path>
         <kind>archive</kind>
         <file>rts430x_lc_rd_eabi.lib</file>
         <name>fs_ltof.asm.obj</name>
      </input_file>
      <input_file id="fl-41">
         <path>C:\ti\ccsv8\tools\compiler\ti-cgt-msp430_18.1.2.LTS\lib\</path>
         <kind>archive</kind>
         <file>rts430x_lc_rd_eabi.lib</file>
         <name>fs_mpy.asm.obj</name>
      </input_file>
      <input_file id="fl-42">
         <path>C:\ti\ccsv8\tools\compiler\ti-cgt-msp430_18.1.2.LTS\lib\</path>
         <kind>archive</kind>
         <file>rts430x_lc_rd_eabi.lib</file>
         <name>fs_neg.asm.obj</name>
      </input_file>
      <input_file id="fl-43">
         <path>C:\ti\ccsv8\tools\compiler\ti-cgt-msp430_18.1.2.LTS\lib\</path>
         <kind>archive</kind>
         <file>rts430x_lc_rd_eabi.lib</file>
         <name>fs_toi.asm.obj</name>
      </input_file>
      <input_file id="fl-44">
         <path>C:\ti\ccsv8\tools\compiler\ti-cgt-msp430_18.1.2.LTS\lib\</path>
         <kind>archive</kind>
         <file>rts430x_lc_rd_eabi.lib</file>
         <name>fs_tol.asm.obj</name>
      </input_file>
      <input_file id="fl-45">
         <path>C:\ti\ccsv8\tools\compiler\ti-cgt-msp430_18.1.2.LTS\lib\</path>
         <kind>archive</kind>
         <file>rts430x_lc_rd_eabi.lib</file>
         <name>fs_tou.asm.obj</name>
      </input_file>
      <input_file id="fl-46">
         <path>C:\ti\ccsv8\tools\compiler\ti-cgt-msp430_18.1.2.LTS\lib\</path>
         <kind>archive</kind>
         <file>rts430x_lc_rd_eabi.lib</file>
         <name>fs_utof.asm.obj</name>
      </input_file>
      <input_file id="fl-47">
         <path>C:\ti\ccsv8\tools\compiler\ti-cgt-msp430_18.1.2.LTS\lib\</path>
         <kind>archive</kind>
         <file>rts430x_lc_rd_eabi.lib</file>
         <name>int41.asm.obj</name>
      </input_file>
      <input_file id="fl-48">
         <path>C:\ti\ccsv8\tools\compiler\ti-cgt-msp430_18.1.2.LTS\lib\</path>
         <kind>archive</kind>
         <file>rts430x_lc_rd_eabi.lib</file>
         <name>int42.asm.obj</name>
      </input_file>
      <input_file id="fl-49">
         <path>C:\ti\ccsv8\tools\compiler\ti-cgt-msp430_18.1.2.LTS\lib\</path>
         <kind>archive</kind>
         <file>rts430x_lc_rd_eabi.lib</file>
         <name>int43.asm.obj</name>
      </input_file>
      <input_file id="fl-4a">
         <path>C:\ti\ccsv8\tools\compiler\ti-cgt-msp430_18.1.2.LTS\lib\</path>
         <kind>archive</kind>
         <file>rts430x_lc_rd_eabi.lib</file>
         <name>int45.asm.obj</name>
      </input_file>
      <input_file id="fl-4b">
         <path>C:\ti\ccsv8\tools\compiler\ti-cgt-msp430_18.1.2.LTS\lib\</path>
         <kind>archive</kind>
         <file>rts430x_lc_rd_eabi.lib</file>
         <name>int46.asm.obj</name>
      </input_file>
      <input_file id="fl-4c">
         <path>C:\ti\ccsv8\tools\compiler\ti-cgt-msp430_18.1.2.LTS\lib\</path>
         <kind>archive</kind>
         <file>rts430x_lc_rd_eabi.lib</file>
         <name>int47.asm.obj</name>
      </input_file>
      <input_file id="fl-4d">
         <path>C:\ti\ccsv8\tools\compiler\ti-cgt-msp430_18.1.2.LTS\lib\</path>
         <kind>archive</kind>
         <file>rts430x_lc_rd_eabi.lib</file>
         <name>int49.asm.obj</name>
      </input_file>
      <input_file id="fl-4e">
         <path>C:\ti\ccsv8\tools\compiler\ti-cgt-msp430_18.1.2.LTS\lib\</path>
         <kind>archive</kind>
         <file>rts430x_lc_rd_eabi.lib</file>
         <name>int50.asm.obj</name>
      </input_file>
      <input_file id="fl-4f">
         <path>C:\ti\ccsv8\tools\compiler\ti-cgt-msp430_18.1.2.LTS\lib\</path>
         <kind>archive</kind>
         <file>rts430x_lc_rd_eabi.lib</file>
         <name>int51.asm.obj</name>
      </input_file>
      <input_file id="fl-50">
         <path>C:\ti\ccsv8\tools\compiler\ti-cgt-msp430_18.1.2.LTS\lib\</path>
         <kind>archive</kind>
         <file>rts430x_lc_rd_eabi.lib</file>
         <name>int52.asm.obj</name>
      </input_file>
      <input_file id="fl-51">
         <path>C:\ti\ccsv8\tools\compiler\ti-cgt-msp430_18.1.2.LTS\lib\</path>
         <kind>archive</kind>
         <file>rts430x_lc_rd_eabi.lib</file>
         <name>int53.asm.obj</name>
      </input_file>
      <input_file id="fl-52">
         <path>C:\ti\ccsv8\tools\compiler\ti-cgt-msp430_18.1.2.LTS\lib\</path>
         <kind>archive</kind>
         <file>rts430x_lc_rd_eabi.lib</file>
         <name>int54.asm.obj</name>
      </input_file>
      <input_file id="fl-53">
         <path>C:\ti\ccsv8\tools\compiler\ti-cgt-msp430_18.1.2.LTS\lib\</path>
         <kind>archive</kind>
         <file>rts430x_lc_rd_eabi.lib</file>
         <name>int55.asm.obj</name>
      </input_file>
      <input_file id="fl-54">
         <path>C:\ti\ccsv8\tools\compiler\ti-cgt-msp430_18.1.2.LTS\lib\</path>
         <kind>archive</kind>
         <file>rts430x_lc_rd_eabi.lib</file>
         <name>int56.asm.obj</name>
      </input_file>
      <input_file id="fl-55">
         <path>C:\ti\ccsv8\tools\compiler\ti-cgt-msp430_18.1.2.LTS\lib\</path>
         <kind>archive</kind>
         <file>rts430x_lc_rd_eabi.lib</file>
         <name>int57.asm.obj</name>
      </input_file>
      <input_file id="fl-56">
         <path>C:\ti\ccsv8\tools\compiler\ti-cgt-msp430_18.1.2.LTS\lib\</path>
         <kind>archive</kind>
         <file>rts430x_lc_rd_eabi.lib</file>
         <name>int58.asm.obj</name>
      </input_file>
      <input_file id="fl-57">
         <path>C:\ti\ccsv8\tools\compiler\ti-cgt-msp430_18.1.2.LTS\lib\</path>
         <kind>archive</kind>
         <file>rts430x_lc_rd_eabi.lib</file>
         <name>int60.asm.obj</name>
      </input_file>
      <input_file id="fl-58">
         <path>C:\ti\ccsv8\tools\compiler\ti-cgt-msp430_18.1.2.LTS\lib\</path>
         <kind>archive</kind>
         <file>rts430x_lc_rd_eabi.lib</file>
         <name>int61.asm.obj</name>
      </input_file>
      <input_file id="fl-59">
         <path>C:\ti\ccsv8\tools\compiler\ti-cgt-msp430_18.1.2.LTS\lib\</path>
         <kind>archive</kind>
         <file>rts430x_lc_rd_eabi.lib</file>
         <name>int62.asm.obj</name>
      </input_file>
      <input_file id="fl-5a">
         <path>C:\ti\ccsv8\tools\compiler\ti-cgt-msp430_18.1.2.LTS\lib\</path>
         <kind>archive</kind>
         <file>rts430x_lc_rd_eabi.lib</file>
         <name>isr_trap.asm.obj</name>
      </input_file>
      <input_file id="fl-5b">
         <path>C:\ti\ccsv8\tools\compiler\ti-cgt-msp430_18.1.2.LTS\lib\</path>
         <kind>archive</kind>
         <file>rts430x_lc_rd_eabi.lib</file>
         <name>lsl16.asm.obj</name>
      </input_file>
      <input_file id="fl-5c">
         <path>C:\ti\ccsv8\tools\compiler\ti-cgt-msp430_18.1.2.LTS\lib\</path>
         <kind>archive</kind>
         <file>rts430x_lc_rd_eabi.lib</file>
         <name>lsl32.asm.obj</name>
      </input_file>
      <input_file id="fl-5d">
         <path>C:\ti\ccsv8\tools\compiler\ti-cgt-msp430_18.1.2.LTS\lib\</path>
         <kind>archive</kind>
         <file>rts430x_lc_rd_eabi.lib</file>
         <name>lsr32.asm.obj</name>
      </input_file>
      <input_file id="fl-5e">
         <path>C:\ti\ccsv8\tools\compiler\ti-cgt-msp430_18.1.2.LTS\lib\</path>
         <kind>archive</kind>
         <file>rts430x_lc_rd_eabi.lib</file>
         <name>mult16.asm.obj</name>
      </input_file>
      <input_file id="fl-5f">
         <path>C:\ti\ccsv8\tools\compiler\ti-cgt-msp430_18.1.2.LTS\lib\</path>
         <kind>archive</kind>
         <file>rts430x_lc_rd_eabi.lib</file>
         <name>mult16_f5hw.asm.obj</name>
      </input_file>
      <input_file id="fl-60">
         <path>C:\ti\ccsv8\tools\compiler\ti-cgt-msp430_18.1.2.LTS\lib\</path>
         <kind>archive</kind>
         <file>rts430x_lc_rd_eabi.lib</file>
         <name>mult1632_f5hw.asm.obj</name>
      </input_file>
      <input_file id="fl-61">
         <path>C:\ti\ccsv8\tools\compiler\ti-cgt-msp430_18.1.2.LTS\lib\</path>
         <kind>archive</kind>
         <file>rts430x_lc_rd_eabi.lib</file>
         <name>mult32.asm.obj</name>
      </input_file>
      <input_file id="fl-62">
         <path>C:\ti\ccsv8\tools\compiler\ti-cgt-msp430_18.1.2.LTS\lib\</path>
         <kind>archive</kind>
         <file>rts430x_lc_rd_eabi.lib</file>
         <name>mult32_f5hw.asm.obj</name>
      </input_file>
      <input_file id="fl-63">
         <path>C:\ti\ccsv8\tools\compiler\ti-cgt-msp430_18.1.2.LTS\lib\</path>
         <kind>archive</kind>
         <file>rts430x_lc_rd_eabi.lib</file>
         <name>mult3264_f5hw.asm.obj</name>
      </input_file>
      <input_file id="fl-64">
         <path>C:\ti\ccsv8\tools\compiler\ti-cgt-msp430_18.1.2.LTS\lib\</path>
         <kind>archive</kind>
         <file>rts430x_lc_rd_eabi.lib</file>
         <name>mult64.asm.obj</name>
      </input_file>
      <input_file id="fl-65">
         <path>C:\ti\ccsv8\tools\compiler\ti-cgt-msp430_18.1.2.LTS\lib\</path>
         <kind>archive</kind>
         <file>rts430x_lc_rd_eabi.lib</file>
         <name>mult64_f5hw.asm.obj</name>
      </input_file>
      <input_file id="fl-66">
         <path>C:\ti\ccsv8\tools\compiler\ti-cgt-msp430_18.1.2.LTS\lib\</path>
         <kind>archive</kind>
         <file>rts430x_lc_rd_eabi.lib</file>
         <name>boot.c.obj</name>
      </input_file>
      <input_file id="fl-67">
         <path>C:\ti\ccsv8\tools\compiler\ti-cgt-msp430_18.1.2.LTS\lib\</path>
         <kind>archive</kind>
         <file>rts430x_lc_rd_eabi.lib</file>
         <name>autoinit.c.obj</name>
      </input_file>
      <input_file id="fl-68">
         <path>C:\ti\ccsv8\tools\compiler\ti-cgt-msp430_18.1.2.LTS\lib\</path>
         <kind>archive</kind>
         <file>rts430x_lc_rd_eabi.lib</file>
         <name>copy_zero_init.c.obj</name>
      </input_file>
      <input_file id="fl-69">
         <path>C:\ti\ccsv8\tools\compiler\ti-cgt-msp430_18.1.2.LTS\lib\</path>
         <kind>archive</kind>
         <file>rts430x_lc_rd_eabi.lib</file>
         <name>cpy_tbl.c.obj</name>
      </input_file>
      <input_file id="fl-6a">
         <path>C:\ti\ccsv8\tools\compiler\ti-cgt-msp430_18.1.2.LTS\lib\</path>
         <kind>archive</kind>
         <file>rts430x_lc_rd_eabi.lib</file>
         <name>mpu_init.c.obj</name>
      </input_file>
      <input_file id="fl-6b">
         <path>C:\ti\ccsv8\tools\compiler\ti-cgt-msp430_18.1.2.LTS\lib\</path>
         <kind>archive</kind>
         <file>rts430x_lc_rd_eabi.lib</file>
         <name>asr64.c.obj</name>
      </input_file>
      <input_file id="fl-6c">
         <path>C:\ti\ccsv8\tools\compiler\ti-cgt-msp430_18.1.2.LTS\lib\</path>
         <kind>archive</kind>
         <file>rts430x_lc_rd_eabi.lib</file>
         <name>lsl64.c.obj</name>
      </input_file>
      <input_file id="fl-6d">
         <path>C:\ti\ccsv8\tools\compiler\ti-cgt-msp430_18.1.2.LTS\lib\</path>
         <kind>archive</kind>
         <file>rts430x_lc_rd_eabi.lib</file>
         <name>lsr64.c.obj</name>
      </input_file>
      <input_file id="fl-6e">
         <path>C:\ti\ccsv8\tools\compiler\ti-cgt-msp430_18.1.2.LTS\lib\</path>
         <kind>archive</kind>
         <file>rts430x_lc_rd_eabi.lib</file>
         <name>div64s.c.obj</name>
      </input_file>
      <input_file id="fl-6f">
         <path>C:\ti\ccsv8\tools\compiler\ti-cgt-msp430_18.1.2.LTS\lib\</path>
         <kind>archive</kind>
         <file>rts430x_lc_rd_eabi.lib</file>
         <name>div64u.c.obj</name>
      </input_file>
      <input_file id="fl-70">
         <path>C:\ti\ccsv8\tools\compiler\ti-cgt-msp430_18.1.2.LTS\lib\</path>
         <kind>archive</kind>
         <file>rts430x_lc_rd_eabi.lib</file>
         <name>pre_init.c.obj</name>
      </input_file>
      <input_file id="fl-71">
         <path>C:\ti\ccsv8\tools\compiler\ti-cgt-msp430_18.1.2.LTS\lib\</path>
         <kind>archive</kind>
         <file>rts430x_lc_rd_eabi.lib</file>
         <name>startup.c.obj</name>
      </input_file>
      <input_file id="fl-72">
         <path>C:\ti\ccsv8\tools\compiler\ti-cgt-msp430_18.1.2.LTS\lib\</path>
         <kind>archive</kind>
         <file>rts430x_lc_rd_eabi.lib</file>
         <name>copy_decompress_none.c.obj</name>
      </input_file>
      <input_file id="fl-73">
         <path>C:\ti\ccsv8\tools\compiler\ti-cgt-msp430_18.1.2.LTS\lib\</path>
         <kind>archive</kind>
         <file>rts430x_lc_rd_eabi.lib</file>
         <name>copy_decompress_lzss.c.obj</name>
      </input_file>
      <input_file id="fl-74">
         <path>C:\ti\ccsv8\tools\compiler\ti-cgt-msp430_18.1.2.LTS\lib\</path>
         <kind>archive</kind>
         <file>rts430x_lc_rd_eabi.lib</file>
         <name>addd.c.obj</name>
      </input_file>
      <input_file id="fl-75">
         <path>C:\ti\ccsv8\tools\compiler\ti-cgt-msp430_18.1.2.LTS\lib\</path>
         <kind>archive</kind>
         <file>rts430x_lc_rd_eabi.lib</file>
         <name>cvtfd.c.obj</name>
      </input_file>
      <input_file id="fl-76">
         <path>C:\ti\ccsv8\tools\compiler\ti-cgt-msp430_18.1.2.LTS\lib\</path>
         <kind>archive</kind>
         <file>rts430x_lc_rd_eabi.lib</file>
         <name>divd.c.obj</name>
      </input_file>
      <input_file id="fl-77">
         <path>C:\ti\ccsv8\tools\compiler\ti-cgt-msp430_18.1.2.LTS\lib\</path>
         <kind>archive</kind>
         <file>rts430x_lc_rd_eabi.lib</file>
         <name>fixdi.c.obj</name>
      </input_file>
      <input_file id="fl-78">
         <path>C:\ti\ccsv8\tools\compiler\ti-cgt-msp430_18.1.2.LTS\lib\</path>
         <kind>archive</kind>
         <file>rts430x_lc_rd_eabi.lib</file>
         <name>fixdli.c.obj</name>
      </input_file>
      <input_file id="fl-79">
         <path>C:\ti\ccsv8\tools\compiler\ti-cgt-msp430_18.1.2.LTS\lib\</path>
         <kind>archive</kind>
         <file>rts430x_lc_rd_eabi.lib</file>
         <name>fltid.c.obj</name>
      </input_file>
      <input_file id="fl-7a">
         <path>C:\ti\ccsv8\tools\compiler\ti-cgt-msp430_18.1.2.LTS\lib\</path>
         <kind>archive</kind>
         <file>rts430x_lc_rd_eabi.lib</file>
         <name>fltlid.c.obj</name>
      </input_file>
      <input_file id="fl-7b">
         <path>C:\ti\ccsv8\tools\compiler\ti-cgt-msp430_18.1.2.LTS\lib\</path>
         <kind>archive</kind>
         <file>rts430x_lc_rd_eabi.lib</file>
         <name>frcaddd.c.obj</name>
      </input_file>
      <input_file id="fl-7c">
         <path>C:\ti\ccsv8\tools\compiler\ti-cgt-msp430_18.1.2.LTS\lib\</path>
         <kind>archive</kind>
         <file>rts430x_lc_rd_eabi.lib</file>
         <name>frcdivd.c.obj</name>
      </input_file>
      <input_file id="fl-7d">
         <path>C:\ti\ccsv8\tools\compiler\ti-cgt-msp430_18.1.2.LTS\lib\</path>
         <kind>archive</kind>
         <file>rts430x_lc_rd_eabi.lib</file>
         <name>mpyd.c.obj</name>
      </input_file>
      <input_file id="fl-7e">
         <path>C:\ti\ccsv8\tools\compiler\ti-cgt-msp430_18.1.2.LTS\lib\</path>
         <kind>archive</kind>
         <file>rts430x_lc_rd_eabi.lib</file>
         <name>renormd.c.obj</name>
      </input_file>
      <input_file id="fl-7f">
         <path>C:\ti\ccsv8\tools\compiler\ti-cgt-msp430_18.1.2.LTS\lib\</path>
         <kind>archive</kind>
         <file>rts430x_lc_rd_eabi.lib</file>
         <name>subd.c.obj</name>
      </input_file>
      <input_file id="fl-80">
         <path>C:\ti\ccsv8\tools\compiler\ti-cgt-msp430_18.1.2.LTS\lib\</path>
         <kind>archive</kind>
         <file>rts430x_lc_rd_eabi.lib</file>
         <name>cvtdf.c.obj</name>
      </input_file>
      <input_file id="fl-81">
         <path>C:\ti\ccsv8\tools\compiler\ti-cgt-msp430_18.1.2.LTS\lib\</path>
         <kind>archive</kind>
         <file>rts430x_lc_rd_eabi.lib</file>
         <name>exit.c.obj</name>
      </input_file>
      <input_file id="fl-82">
         <path>C:\ti\ccsv8\tools\compiler\ti-cgt-msp430_18.1.2.LTS\lib\</path>
         <kind>archive</kind>
         <file>rts430x_lc_rd_eabi.lib</file>
         <name>_lock.c.obj</name>
      </input_file>
      <input_file id="fl-83">
         <path>C:\ti\ccsv8\tools\compiler\ti-cgt-msp430_18.1.2.LTS\lib\</path>
         <kind>archive</kind>
         <file>rts430x_lc_rd_eabi.lib</file>
         <name>args_main.c.obj</name>
      </input_file>
      <input_file id="fl-84">
         <path>C:\ti\ccsv8\tools\compiler\ti-cgt-msp430_18.1.2.LTS\lib\</path>
         <kind>archive</kind>
         <file>rts430x_lc_rd_eabi.lib</file>
         <name>memcmp.c.obj</name>
      </input_file>
      <input_file id="fl-85">
         <path>C:\ti\ccsv8\tools\compiler\ti-cgt-msp430_18.1.2.LTS\lib\</path>
         <kind>archive</kind>
         <file>rts430x_lc_rd_eabi.lib</file>
         <name>memcpy.c.obj</name>
      </input_file>
      <input_file id="fl-86">
         <path>C:\ti\ccsv8\tools\compiler\ti-cgt-msp430_18.1.2.LTS\lib\</path>
         <kind>archive</kind>
         <file>rts430x_lc_rd_eabi.lib</file>
         <name>memset.c.obj</name>
      </input_file>
      <input_file id="fl-87">
         <path>C:\ti\ccsv8\tools\compiler\ti-cgt-msp430_18.1.2.LTS\lib\</path>
         <kind>archive</kind>
         <file>rts430x_lc_rd_eabi.lib</file>
         <name>printf.c.obj</name>
      </input_file>
      <input_file id="fl-88">
         <path>C:\ti\ccsv8\tools\compiler\ti-cgt-msp430_18.1.2.LTS\lib\</path>
         <kind>archive</kind>
         <file>rts430x_lc_rd_eabi.lib</file>
         <name>abs.c.obj</name>
      </input_file>
      <input_file id="fl-89">
         <path>C:\ti\ccsv8\tools\compiler\ti-cgt-msp430_18.1.2.LTS\lib\</path>
         <kind>archive</kind>
         <file>rts430x_lc_rd_eabi.lib</file>
         <name>labs.c.obj</name>
      </input_file>
      <input_file id="fl-8a">
         <path>C:\ti\ccsv8\tools\compiler\ti-cgt-msp430_18.1.2.LTS\lib\</path>
         <kind>archive</kind>
         <file>rts430x_lc_rd_eabi.lib</file>
         <name>llabs.c.obj</name>
      </input_file>
      <input_file id="fl-8b">
         <path>C:\ti\ccsv8\tools\compiler\ti-cgt-msp430_18.1.2.LTS\lib\</path>
         <kind>archive</kind>
         <file>rts430x_lc_rd_eabi.lib</file>
         <name>asr32.asm.obj</name>
      </input_file>
      <input_file id="fl-8c">
         <path>C:\ti\ccsv8\tools\compiler\ti-cgt-msp430_18.1.2.LTS\lib\</path>
         <kind>archive</kind>
         <file>rts430x_lc_rd_eabi.lib</file>
         <name>mult1632.asm.obj</name>
      </input_file>
      <input_file id="fl-8d">
         <path>C:\ti\ccsv8\tools\compiler\ti-cgt-msp430_18.1.2.LTS\lib\</path>
         <kind>archive</kind>
         <file>rts430x_lc_rd_eabi.lib</file>
         <name>exit_gvars.c.obj</name>
      </input_file>
      <input_file id="fl-8e">
         <path>C:\ti\ccsv8\tools\compiler\ti-cgt-msp430_18.1.2.LTS\lib\</path>
         <kind>archive</kind>
         <file>rts430x_lc_rd_eabi.lib</file>
         <name>frcmpyd.c.obj</name>
      </input_file>
      <input_file id="fl-8f">
         <path>C:\ti\ccsv8\tools\compiler\ti-cgt-msp430_18.1.2.LTS\lib\</path>
         <kind>archive</kind>
         <file>rts430x_lc_rd_eabi.lib</file>
         <name>_printfi.c.obj</name>
      </input_file>
      <input_file id="fl-90">
         <path>C:\ti\ccsv8\tools\compiler\ti-cgt-msp430_18.1.2.LTS\lib\</path>
         <kind>archive</kind>
         <file>rts430x_lc_rd_eabi.lib</file>
         <name>atoi.c.obj</name>
      </input_file>
      <input_file id="fl-91">
         <path>C:\ti\ccsv8\tools\compiler\ti-cgt-msp430_18.1.2.LTS\lib\</path>
         <kind>archive</kind>
         <file>rts430x_lc_rd_eabi.lib</file>
         <name>ctype.c.obj</name>
      </input_file>
      <input_file id="fl-92">
         <path>C:\ti\ccsv8\tools\compiler\ti-cgt-msp430_18.1.2.LTS\lib\</path>
         <kind>archive</kind>
         <file>rts430x_lc_rd_eabi.lib</file>
         <name>defs.c.obj</name>
      </input_file>
      <input_file id="fl-93">
         <path>C:\ti\ccsv8\tools\compiler\ti-cgt-msp430_18.1.2.LTS\lib\</path>
         <kind>archive</kind>
         <file>rts430x_lc_rd_eabi.lib</file>
         <name>fputc.c.obj</name>
      </input_file>
      <input_file id="fl-94">
         <path>C:\ti\ccsv8\tools\compiler\ti-cgt-msp430_18.1.2.LTS\lib\</path>
         <kind>archive</kind>
         <file>rts430x_lc_rd_eabi.lib</file>
         <name>fputs.c.obj</name>
      </input_file>
      <input_file id="fl-95">
         <path>C:\ti\ccsv8\tools\compiler\ti-cgt-msp430_18.1.2.LTS\lib\</path>
         <kind>archive</kind>
         <file>rts430x_lc_rd_eabi.lib</file>
         <name>ltoa.c.obj</name>
      </input_file>
      <input_file id="fl-96">
         <path>C:\ti\ccsv8\tools\compiler\ti-cgt-msp430_18.1.2.LTS\lib\</path>
         <kind>archive</kind>
         <file>rts430x_lc_rd_eabi.lib</file>
         <name>memccpy.c.obj</name>
      </input_file>
      <input_file id="fl-97">
         <path>C:\ti\ccsv8\tools\compiler\ti-cgt-msp430_18.1.2.LTS\lib\</path>
         <kind>archive</kind>
         <file>rts430x_lc_rd_eabi.lib</file>
         <name>memchr.c.obj</name>
      </input_file>
      <input_file id="fl-98">
         <path>C:\ti\ccsv8\tools\compiler\ti-cgt-msp430_18.1.2.LTS\lib\</path>
         <kind>archive</kind>
         <file>rts430x_lc_rd_eabi.lib</file>
         <name>strchr.c.obj</name>
      </input_file>
      <input_file id="fl-99">
         <path>C:\ti\ccsv8\tools\compiler\ti-cgt-msp430_18.1.2.LTS\lib\</path>
         <kind>archive</kind>
         <file>rts430x_lc_rd_eabi.lib</file>
         <name>strlen.c.obj</name>
      </input_file>
      <input_file id="fl-9a">
         <path>C:\ti\ccsv8\tools\compiler\ti-cgt-msp430_18.1.2.LTS\lib\</path>
         <kind>archive</kind>
         <file>rts430x_lc_rd_eabi.lib</file>
         <name>toupper.c.obj</name>
      </input_file>
      <input_file id="fl-9b">
         <path>C:\ti\ccsv8\tools\compiler\ti-cgt-msp430_18.1.2.LTS\lib\</path>
         <kind>archive</kind>
         <file>rts430x_lc_rd_eabi.lib</file>
         <name>write.c.obj</name>
      </input_file>
      <input_file id="fl-9c">
         <path>C:\ti\ccsv8\tools\compiler\ti-cgt-msp430_18.1.2.LTS\lib\</path>
         <kind>archive</kind>
         <file>rts430x_lc_rd_eabi.lib</file>
         <name>errno.c.obj</name>
      </input_file>
      <input_file id="fl-9d">
         <path>C:\ti\ccsv8\tools\compiler\ti-cgt-msp430_18.1.2.LTS\lib\</path>
         <kind>archive</kind>
         <file>rts430x_lc_rd_eabi.lib</file>
         <name>s_frexp.c.obj</name>
      </input_file>
      <input_file id="fl-9e">
         <path>C:\ti\ccsv8\tools\compiler\ti-cgt-msp430_18.1.2.LTS\lib\</path>
         <kind>archive</kind>
         <file>rts430x_lc_rd_eabi.lib</file>
         <name>s_scalbn.c.obj</name>
      </input_file>
      <input_file id="fl-9f">
         <path>C:\ti\ccsv8\tools\compiler\ti-cgt-msp430_18.1.2.LTS\lib\</path>
         <kind>archive</kind>
         <file>rts430x_lc_rd_eabi.lib</file>
         <name>wcslen.c.obj</name>
      </input_file>
      <input_file id="fl-a0">
         <path>C:\ti\ccsv8\tools\compiler\ti-cgt-msp430_18.1.2.LTS\lib\</path>
         <kind>archive</kind>
         <file>rts430x_lc_rd_eabi.lib</file>
         <name>cmpd.c.obj</name>
      </input_file>
      <input_file id="fl-a1">
         <path>C:\ti\ccsv8\tools\compiler\ti-cgt-msp430_18.1.2.LTS\lib\</path>
         <kind>archive</kind>
         <file>rts430x_lc_rd_eabi.lib</file>
         <name>negd.c.obj</name>
      </input_file>
      <input_file id="fl-a2">
         <path>C:\ti\ccsv8\tools\compiler\ti-cgt-msp430_18.1.2.LTS\lib\</path>
         <kind>archive</kind>
         <file>rts430x_lc_rd_eabi.lib</file>
         <name>_io_perm.c.obj</name>
      </input_file>
      <input_file id="fl-a3">
         <path>C:\ti\ccsv8\tools\compiler\ti-cgt-msp430_18.1.2.LTS\lib\</path>
         <kind>archive</kind>
         <file>rts430x_lc_rd_eabi.lib</file>
         <name>fflush.c.obj</name>
      </input_file>
      <input_file id="fl-a4">
         <path>C:\ti\ccsv8\tools\compiler\ti-cgt-msp430_18.1.2.LTS\lib\</path>
         <kind>archive</kind>
         <file>rts430x_lc_rd_eabi.lib</file>
         <name>fseek.c.obj</name>
      </input_file>
      <input_file id="fl-a5">
         <path>C:\ti\ccsv8\tools\compiler\ti-cgt-msp430_18.1.2.LTS\lib\</path>
         <kind>archive</kind>
         <file>rts430x_lc_rd_eabi.lib</file>
         <name>lseek.c.obj</name>
      </input_file>
      <input_file id="fl-a6">
         <path>C:\ti\ccsv8\tools\compiler\ti-cgt-msp430_18.1.2.LTS\lib\</path>
         <kind>archive</kind>
         <file>rts430x_lc_rd_eabi.lib</file>
         <name>setvbuf.c.obj</name>
      </input_file>
      <input_file id="fl-a7">
         <path>C:\ti\ccsv8\tools\compiler\ti-cgt-msp430_18.1.2.LTS\lib\</path>
         <kind>archive</kind>
         <file>rts430x_lc_rd_eabi.lib</file>
         <name>hostclose.c.obj</name>
      </input_file>
      <input_file id="fl-a8">
         <path>C:\ti\ccsv8\tools\compiler\ti-cgt-msp430_18.1.2.LTS\lib\</path>
         <kind>archive</kind>
         <file>rts430x_lc_rd_eabi.lib</file>
         <name>hostlseek.c.obj</name>
      </input_file>
      <input_file id="fl-a9">
         <path>C:\ti\ccsv8\tools\compiler\ti-cgt-msp430_18.1.2.LTS\lib\</path>
         <kind>archive</kind>
         <file>rts430x_lc_rd_eabi.lib</file>
         <name>hostopen.c.obj</name>
      </input_file>
      <input_file id="fl-aa">
         <path>C:\ti\ccsv8\tools\compiler\ti-cgt-msp430_18.1.2.LTS\lib\</path>
         <kind>archive</kind>
         <file>rts430x_lc_rd_eabi.lib</file>
         <name>hostread.c.obj</name>
      </input_file>
      <input_file id="fl-ab">
         <path>C:\ti\ccsv8\tools\compiler\ti-cgt-msp430_18.1.2.LTS\lib\</path>
         <kind>archive</kind>
         <file>rts430x_lc_rd_eabi.lib</file>
         <name>hostrename.c.obj</name>
      </input_file>
      <input_file id="fl-ac">
         <path>C:\ti\ccsv8\tools\compiler\ti-cgt-msp430_18.1.2.LTS\lib\</path>
         <kind>archive</kind>
         <file>rts430x_lc_rd_eabi.lib</file>
         <name>hostunlink.c.obj</name>
      </input_file>
      <input_file id="fl-ad">
         <path>C:\ti\ccsv8\tools\compiler\ti-cgt-msp430_18.1.2.LTS\lib\</path>
         <kind>archive</kind>
         <file>rts430x_lc_rd_eabi.lib</file>
         <name>hostwrite.c.obj</name>
      </input_file>
      <input_file id="fl-ae">
         <path>C:\ti\ccsv8\tools\compiler\ti-cgt-msp430_18.1.2.LTS\lib\</path>
         <kind>archive</kind>
         <file>rts430x_lc_rd_eabi.lib</file>
         <name>trgmsg.c.obj</name>
      </input_file>
      <input_file id="fl-af">
         <path>C:\ti\ccsv8\tools\compiler\ti-cgt-msp430_18.1.2.LTS\lib\</path>
         <kind>archive</kind>
         <file>rts430x_lc_rd_eabi.lib</file>
         <name>s_copysign.c.obj</name>
      </input_file>
      <input_file id="fl-b0">
         <path>C:\ti\ccsv8\tools\compiler\ti-cgt-msp430_18.1.2.LTS\lib\</path>
         <kind>archive</kind>
         <file>rts430x_lc_rd_eabi.lib</file>
         <name>memory.c.obj</name>
      </input_file>
      <input_file id="fl-b1">
         <path>C:\ti\ccsv8\tools\compiler\ti-cgt-msp430_18.1.2.LTS\lib\</path>
         <kind>archive</kind>
         <file>rts430x_lc_rd_eabi.lib</file>
         <name>fopen.c.obj</name>
      </input_file>
      <input_file id="fl-b2">
         <path>C:\ti\ccsv8\tools\compiler\ti-cgt-msp430_18.1.2.LTS\lib\</path>
         <kind>archive</kind>
         <file>rts430x_lc_rd_eabi.lib</file>
         <name>open.c.obj</name>
      </input_file>
      <input_file id="fl-b3">
         <path>C:\ti\ccsv8\tools\compiler\ti-cgt-msp430_18.1.2.LTS\lib\</path>
         <kind>archive</kind>
         <file>rts430x_lc_rd_eabi.lib</file>
         <name>strcpy.c.obj</name>
      </input_file>
      <input_file id="fl-b4">
         <path>C:\ti\ccsv8\tools\compiler\ti-cgt-msp430_18.1.2.LTS\lib\</path>
         <kind>archive</kind>
         <file>rts430x_lc_rd_eabi.lib</file>
         <name>fclose.c.obj</name>
      </input_file>
      <input_file id="fl-b5">
         <path>C:\ti\ccsv8\tools\compiler\ti-cgt-msp430_18.1.2.LTS\lib\</path>
         <kind>archive</kind>
         <file>rts430x_lc_rd_eabi.lib</file>
         <name>getdevice.c.obj</name>
      </input_file>
      <input_file id="fl-b6">
         <path>C:\ti\ccsv8\tools\compiler\ti-cgt-msp430_18.1.2.LTS\lib\</path>
         <kind>archive</kind>
         <file>rts430x_lc_rd_eabi.lib</file>
         <name>remove.c.obj</name>
      </input_file>
      <input_file id="fl-b7">
         <path>C:\ti\ccsv8\tools\compiler\ti-cgt-msp430_18.1.2.LTS\lib\</path>
         <kind>archive</kind>
         <file>rts430x_lc_rd_eabi.lib</file>
         <name>strcmp.c.obj</name>
      </input_file>
      <input_file id="fl-b8">
         <path>C:\ti\ccsv8\tools\compiler\ti-cgt-msp430_18.1.2.LTS\lib\</path>
         <kind>archive</kind>
         <file>rts430x_lc_rd_eabi.lib</file>
         <name>strncpy.c.obj</name>
      </input_file>
      <input_file id="fl-b9">
         <path>C:\ti\ccsv8\tools\compiler\ti-cgt-msp430_18.1.2.LTS\lib\</path>
         <kind>archive</kind>
         <file>rts430x_lc_rd_eabi.lib</file>
         <name>unlink.c.obj</name>
      </input_file>
      <input_file id="fl-ba">
         <path>C:\ti\ccsv8\tools\compiler\ti-cgt-msp430_18.1.2.LTS\lib\</path>
         <kind>archive</kind>
         <file>rts430x_lc_rd_eabi.lib</file>
         <name>close.c.obj</name>
      </input_file>
   </input_file_list>
   <object_component_list>
      <object_component id="oc-ada">
         <name>.bss</name>
         <uninitialized>true</uninitialized>
         <run_address>0x293a</run_address>
         <size>0xa</size>
         <input_file_ref idref="fl-b0"/>
      </object_component>
      <object_component id="oc-41d">
         <name>.common:_val</name>
         <uninitialized>true</uninitialized>
         <run_address>0x294e</run_address>
         <size>0x2</size>
      </object_component>
      <object_component id="oc-41a">
         <name>.common:_preval</name>
         <uninitialized>true</uninitialized>
         <run_address>0x294c</run_address>
         <size>0x2</size>
      </object_component>
      <object_component id="oc-4cd">
         <name>.common:rc</name>
         <uninitialized>true</uninitialized>
         <run_address>0x28ae</run_address>
         <size>0x14</size>
      </object_component>
      <object_component id="oc-5c7">
         <name>.common:pid_r_rate_acro</name>
         <uninitialized>true</uninitialized>
         <run_address>0x2836</run_address>
         <size>0x3c</size>
      </object_component>
      <object_component id="oc-5ce">
         <name>.common:pid_p_rate_acro</name>
         <uninitialized>true</uninitialized>
         <run_address>0x27fa</run_address>
         <size>0x3c</size>
      </object_component>
      <object_component id="oc-5cf">
         <name>.common:pid_y_rate_acro</name>
         <uninitialized>true</uninitialized>
         <run_address>0x2872</run_address>
         <size>0x3c</size>
      </object_component>
      <object_component id="oc-5c2">
         <name>.common:target_rate_acro</name>
         <uninitialized>true</uninitialized>
         <run_address>0x292e</run_address>
         <size>0xc</size>
      </object_component>
      <object_component id="oc-4a3">
         <name>.common:IMU</name>
         <uninitialized>true</uninitialized>
         <run_address>0x28c2</run_address>
         <size>0xc</size>
      </object_component>
      <object_component id="oc-4a2">
         <name>.common:IMU_last</name>
         <uninitialized>true</uninitialized>
         <run_address>0x28ce</run_address>
         <size>0xc</size>
      </object_component>
      <object_component id="oc-460">
         <name>.common:imu_dmp</name>
         <uninitialized>true</uninitialized>
         <run_address>0x2922</run_address>
         <size>0xc</size>
      </object_component>
      <object_component id="oc-493">
         <name>.common:acc_raw</name>
         <uninitialized>true</uninitialized>
         <run_address>0x28f2</run_address>
         <size>0xc</size>
      </object_component>
      <object_component id="oc-495">
         <name>.common:acc</name>
         <uninitialized>true</uninitialized>
         <run_address>0x28da</run_address>
         <size>0xc</size>
      </object_component>
      <object_component id="oc-494">
         <name>.common:acc_last</name>
         <uninitialized>true</uninitialized>
         <run_address>0x28e6</run_address>
         <size>0xc</size>
      </object_component>
      <object_component id="oc-499">
         <name>.common:gyro_raw</name>
         <uninitialized>true</uninitialized>
         <run_address>0x2916</run_address>
         <size>0xc</size>
      </object_component>
      <object_component id="oc-49b">
         <name>.common:gyro</name>
         <uninitialized>true</uninitialized>
         <run_address>0x28fe</run_address>
         <size>0xc</size>
      </object_component>
      <object_component id="oc-49a">
         <name>.common:gyro_last</name>
         <uninitialized>true</uninitialized>
         <run_address>0x290a</run_address>
         <size>0xc</size>
      </object_component>
      <object_component id="oc-b61">
         <name>.common:__TI_tmpnams</name>
         <uninitialized>true</uninitialized>
         <run_address>0x275a</run_address>
         <size>0xa0</size>
      </object_component>
      <object_component id="oc-b6c">
         <name>.common:parmbuf</name>
         <uninitialized>true</uninitialized>
         <run_address>0x2944</run_address>
         <size>0x8</size>
      </object_component>
      <object_component id="oc-72e">
         <name>.data:st</name>
         <load_address>0x266c</load_address>
         <run_address>0x266c</run_address>
         <size>0x2c</size>
         <input_file_ref idref="fl-8"/>
      </object_component>
      <object_component id="oc-626">
         <name>.data:gyro_orientation</name>
         <load_address>0x2732</load_address>
         <run_address>0x2732</run_address>
         <size>0x9</size>
         <input_file_ref idref="fl-8"/>
      </object_component>
      <object_component id="oc-687">
         <name>.data:dmp</name>
         <load_address>0x2716</load_address>
         <run_address>0x2716</run_address>
         <size>0x10</size>
         <input_file_ref idref="fl-9"/>
      </object_component>
      <object_component id="oc-4ed">
         <name>.data</name>
         <load_address>0x2750</load_address>
         <run_address>0x2750</run_address>
         <size>0x2</size>
         <input_file_ref idref="fl-a"/>
      </object_component>
      <object_component id="oc-41e">
         <name>.data:channel</name>
         <load_address>0x2706</load_address>
         <run_address>0x2706</run_address>
         <size>0x10</size>
         <input_file_ref idref="fl-c"/>
      </object_component>
      <object_component id="oc-417">
         <name>.data</name>
         <load_address>0x274c</load_address>
         <run_address>0x274c</run_address>
         <size>0x4</size>
         <input_file_ref idref="fl-c"/>
      </object_component>
      <object_component id="oc-4b5">
         <name>.data:b_IIR</name>
         <load_address>0x26c0</load_address>
         <run_address>0x26c0</run_address>
         <size>0x28</size>
         <input_file_ref idref="fl-11"/>
      </object_component>
      <object_component id="oc-4b8">
         <name>.data:a_IIR</name>
         <load_address>0x2698</load_address>
         <run_address>0x2698</run_address>
         <size>0x28</size>
         <input_file_ref idref="fl-11"/>
      </object_component>
      <object_component id="oc-47b">
         <name>.data:InPut_IIR</name>
         <load_address>0x24c8</load_address>
         <run_address>0x24c8</run_address>
         <size>0x78</size>
         <input_file_ref idref="fl-11"/>
      </object_component>
      <object_component id="oc-47e">
         <name>.data:OutPut_IIR</name>
         <load_address>0x2540</load_address>
         <run_address>0x2540</run_address>
         <size>0x78</size>
         <input_file_ref idref="fl-11"/>
      </object_component>
      <object_component id="oc-496">
         <name>.data:gyro_idle</name>
         <load_address>0x2726</load_address>
         <run_address>0x2726</run_address>
         <size>0xc</size>
         <input_file_ref idref="fl-11"/>
      </object_component>
      <object_component id="oc-422">
         <name>.data:clock</name>
         <load_address>0x26e8</load_address>
         <run_address>0x26e8</run_address>
         <size>0x1e</size>
         <input_file_ref idref="fl-13"/>
      </object_component>
      <object_component id="oc-64f">
         <name>.data</name>
         <load_address>0x2756</load_address>
         <run_address>0x2756</run_address>
         <size>0x2</size>
         <input_file_ref idref="fl-81"/>
      </object_component>
      <object_component id="oc-652">
         <name>.data:_lock</name>
         <load_address>0x2744</load_address>
         <run_address>0x2744</run_address>
         <size>0x4</size>
         <input_file_ref idref="fl-82"/>
      </object_component>
      <object_component id="oc-65b">
         <name>.data:_unlock</name>
         <load_address>0x2748</load_address>
         <run_address>0x2748</run_address>
         <size>0x4</size>
         <input_file_ref idref="fl-82"/>
      </object_component>
      <object_component id="oc-658">
         <name>.data:__TI_cleanup_ptr</name>
         <load_address>0x273c</load_address>
         <run_address>0x273c</run_address>
         <size>0x4</size>
         <input_file_ref idref="fl-8d"/>
      </object_component>
      <object_component id="oc-655">
         <name>.data:__TI_dtors_ptr</name>
         <load_address>0x2740</load_address>
         <run_address>0x2740</run_address>
         <size>0x4</size>
         <input_file_ref idref="fl-8d"/>
      </object_component>
      <object_component id="oc-700">
         <name>.data:_ftable</name>
         <load_address>0x2400</load_address>
         <run_address>0x2400</run_address>
         <size>0xc8</size>
         <input_file_ref idref="fl-92"/>
      </object_component>
      <object_component id="oc-aee">
         <name>.data</name>
         <load_address>0x2752</load_address>
         <run_address>0x2752</run_address>
         <size>0x2</size>
         <input_file_ref idref="fl-92"/>
      </object_component>
      <object_component id="oc-a6d">
         <name>.data:_device</name>
         <load_address>0x25b8</load_address>
         <run_address>0x25b8</run_address>
         <size>0x78</size>
         <input_file_ref idref="fl-9b"/>
      </object_component>
      <object_component id="oc-9db">
         <name>.data:_stream</name>
         <load_address>0x2630</load_address>
         <run_address>0x2630</run_address>
         <size>0x3c</size>
         <input_file_ref idref="fl-9b"/>
      </object_component>
      <object_component id="oc-980">
         <name>.data</name>
         <load_address>0x2754</load_address>
         <run_address>0x2754</run_address>
         <size>0x2</size>
         <input_file_ref idref="fl-9c"/>
      </object_component>
      <object_component id="oc-ade">
         <name>.data</name>
         <load_address>0x2758</load_address>
         <run_address>0x2758</run_address>
         <size>0x2</size>
         <input_file_ref idref="fl-b0"/>
      </object_component>
      <object_component id="oc-381">
         <name>.sysmem</name>
         <uninitialized>true</uninitialized>
         <run_address>0x2a70</run_address>
         <size>0x6</size>
         <input_file_ref idref="fl-b0"/>
      </object_component>
      <object_component id="oc-c73">
         <name>.sysmem</name>
         <uninitialized>true</uninitialized>
         <run_address>0x2a70</run_address>
         <size>0x0</size>
      </object_component>
      <object_component id="oc-37d">
         <name>.stack</name>
         <uninitialized>true</uninitialized>
         <run_address>0x4360</run_address>
         <size>0x4</size>
         <input_file_ref idref="fl-66"/>
      </object_component>
      <object_component id="oc-c72">
         <name>.stack</name>
         <uninitialized>true</uninitialized>
         <run_address>0x4360</run_address>
         <size>0x0</size>
      </object_component>
      <object_component id="oc-56b">
         <name>.text:atan2f</name>
         <load_address>0x10000</load_address>
         <run_address>0x10000</run_address>
         <size>0x598</size>
         <input_file_ref idref="fl-20"/>
      </object_component>
      <object_component id="oc-b36">
         <name>.text:__TI_frcdivd</name>
         <load_address>0x10598</load_address>
         <run_address>0x10598</run_address>
         <size>0x466</size>
         <input_file_ref idref="fl-7c"/>
      </object_component>
      <object_component id="oc-8fc">
         <name>.text:get_st_biases</name>
         <load_address>0x109fe</load_address>
         <run_address>0x109fe</run_address>
         <size>0x450</size>
         <input_file_ref idref="fl-8"/>
      </object_component>
      <object_component id="oc-6a4">
         <name>.text:msp430_acos_asin</name>
         <load_address>0x10e4e</load_address>
         <run_address>0x10e4e</run_address>
         <size>0x3de</size>
         <input_file_ref idref="fl-1f"/>
      </object_component>
      <object_component id="oc-a3b">
         <name>.text:__mspabi_divull</name>
         <load_address>0x1122c</load_address>
         <run_address>0x1122c</run_address>
         <size>0x34e</size>
         <input_file_ref idref="fl-6f"/>
      </object_component>
      <object_component id="oc-55f">
         <name>.text:dmp_read_fifo</name>
         <load_address>0x1157a</load_address>
         <run_address>0x1157a</run_address>
         <size>0x2f0</size>
         <input_file_ref idref="fl-9"/>
      </object_component>
      <object_component id="oc-587">
         <name>.text:__mspabi_addd</name>
         <load_address>0x1186a</load_address>
         <run_address>0x1186a</run_address>
         <size>0x2e0</size>
         <input_file_ref idref="fl-74"/>
      </object_component>
      <object_component id="oc-404">
         <name>.text:update_IMU_Data</name>
         <load_address>0x11b4a</load_address>
         <run_address>0x11b4a</run_address>
         <size>0x2bc</size>
         <input_file_ref idref="fl-11"/>
      </object_component>
      <object_component id="oc-463">
         <name>.text:mpu_dmp_get_data</name>
         <load_address>0x11e06</load_address>
         <run_address>0x11e06</run_address>
         <size>0x2ba</size>
         <input_file_ref idref="fl-8"/>
      </object_component>
      <object_component id="oc-70f">
         <name>.text:__TI_printfi</name>
         <load_address>0x120c0</load_address>
         <run_address>0x120c0</run_address>
         <size>0x2a6</size>
         <input_file_ref idref="fl-8f"/>
      </object_component>
      <object_component id="oc-5a1">
         <name>.text:__TI_frcmpyd</name>
         <load_address>0x12366</load_address>
         <run_address>0x12366</run_address>
         <size>0x280</size>
         <input_file_ref idref="fl-8e"/>
      </object_component>
      <object_component id="oc-875">
         <name>.text:_setfield</name>
         <load_address>0x125e6</load_address>
         <run_address>0x125e6</run_address>
         <size>0x27a</size>
         <input_file_ref idref="fl-8f"/>
      </object_component>
      <object_component id="oc-4a4">
         <name>.text:__mspabi_mpyd</name>
         <load_address>0x12860</load_address>
         <run_address>0x12860</run_address>
         <size>0x266</size>
         <input_file_ref idref="fl-7d"/>
      </object_component>
      <object_component id="oc-635">
         <name>.text:dmp_enable_feature</name>
         <load_address>0x12ac6</load_address>
         <run_address>0x12ac6</run_address>
         <size>0x24a</size>
         <input_file_ref idref="fl-9"/>
      </object_component>
      <object_component id="oc-6de">
         <name>.text:__TI_frcaddd</name>
         <load_address>0x12d10</load_address>
         <run_address>0x12d10</run_address>
         <size>0x248</size>
         <input_file_ref idref="fl-7b"/>
      </object_component>
      <object_component id="oc-abb">
         <name>.text:acvt</name>
         <load_address>0x12f58</load_address>
         <run_address>0x12f58</run_address>
         <size>0x224</size>
         <input_file_ref idref="fl-8f"/>
      </object_component>
      <object_component id="oc-aae">
         <name>.text:__mspabi_divd</name>
         <load_address>0x1317c</load_address>
         <run_address>0x1317c</run_address>
         <size>0x222</size>
         <input_file_ref idref="fl-76"/>
      </object_component>
      <object_component id="oc-96c">
         <name>.text:_pproc_fgea</name>
         <load_address>0x1339e</load_address>
         <run_address>0x1339e</run_address>
         <size>0x21c</size>
         <input_file_ref idref="fl-8f"/>
      </object_component>
      <object_component id="oc-9eb">
         <name>.text:_getarg_diouxp</name>
         <load_address>0x135ba</load_address>
         <run_address>0x135ba</run_address>
         <size>0x20c</size>
         <input_file_ref idref="fl-8f"/>
      </object_component>
      <object_component id="oc-a8e">
         <name>.text:ecvt</name>
         <load_address>0x137c6</load_address>
         <run_address>0x137c6</run_address>
         <size>0x1e6</size>
         <input_file_ref idref="fl-8f"/>
      </object_component>
      <object_component id="oc-481">
         <name>.text:IIR_I_Filter</name>
         <load_address>0x139ac</load_address>
         <run_address>0x139ac</run_address>
         <size>0x1d6</size>
         <input_file_ref idref="fl-10"/>
      </object_component>
      <object_component id="oc-aa1">
         <name>.text:fcvt</name>
         <load_address>0x13b82</load_address>
         <run_address>0x13b82</run_address>
         <size>0x1c8</size>
         <input_file_ref idref="fl-8f"/>
      </object_component>
      <object_component id="oc-a10">
         <name>.text:_pconv_e</name>
         <load_address>0x13d4a</load_address>
         <run_address>0x13d4a</run_address>
         <size>0x1a2</size>
         <input_file_ref idref="fl-8f"/>
      </object_component>
      <object_component id="oc-7d6">
         <name>.text:dmp_set_accel_bias</name>
         <load_address>0x13eec</load_address>
         <run_address>0x13eec</run_address>
         <size>0x198</size>
         <input_file_ref idref="fl-9"/>
      </object_component>
      <object_component id="oc-608">
         <name>.text:mpu_init</name>
         <load_address>0x14084</load_address>
         <run_address>0x14084</run_address>
         <size>0x192</size>
         <input_file_ref idref="fl-8"/>
      </object_component>
      <object_component id="oc-a16">
         <name>.text:_pconv_a</name>
         <load_address>0x14216</load_address>
         <run_address>0x14216</run_address>
         <size>0x170</size>
         <input_file_ref idref="fl-8f"/>
      </object_component>
      <object_component id="oc-40a">
         <name>.text:control_All</name>
         <load_address>0x14386</load_address>
         <run_address>0x14386</run_address>
         <size>0x166</size>
         <input_file_ref idref="fl-e"/>
      </object_component>
      <object_component id="oc-7ca">
         <name>.text:dmp_set_gyro_bias</name>
         <load_address>0x144ec</load_address>
         <run_address>0x144ec</run_address>
         <size>0x164</size>
         <input_file_ref idref="fl-9"/>
      </object_component>
      <object_component id="oc-62f">
         <name>.text:dmp_set_orientation</name>
         <load_address>0x14650</load_address>
         <run_address>0x14650</run_address>
         <size>0x15c</size>
         <input_file_ref idref="fl-9"/>
      </object_component>
      <object_component id="oc-695">
         <name>.text:mpu_reset_fifo</name>
         <load_address>0x147ac</load_address>
         <run_address>0x147ac</run_address>
         <size>0x15a</size>
         <input_file_ref idref="fl-8"/>
      </object_component>
      <object_component id="oc-b45">
         <name>.text:scalbn</name>
         <load_address>0x14906</load_address>
         <run_address>0x14906</run_address>
         <size>0x15a</size>
         <input_file_ref idref="fl-9e"/>
      </object_component>
      <object_component id="oc-966">
         <name>.text:_pproc_diouxp</name>
         <load_address>0x14a60</load_address>
         <run_address>0x14a60</run_address>
         <size>0x148</size>
         <input_file_ref idref="fl-8f"/>
      </object_component>
      <object_component id="oc-795">
         <name>.text:dmp_set_tap_thresh</name>
         <load_address>0x14ba8</load_address>
         <run_address>0x14ba8</run_address>
         <size>0x142</size>
         <input_file_ref idref="fl-9"/>
      </object_component>
      <object_component id="oc-9aa">
         <name>.text:__mspabi_divlli</name>
         <load_address>0x14cea</load_address>
         <run_address>0x14cea</run_address>
         <size>0x13c</size>
         <input_file_ref idref="fl-6e"/>
      </object_component>
      <object_component id="oc-4e2">
         <name>.text</name>
         <load_address>0x14e26</load_address>
         <run_address>0x14e26</run_address>
         <size>0x132</size>
         <input_file_ref idref="fl-3c"/>
      </object_component>
      <object_component id="oc-9f1">
         <name>.text:_ltostr</name>
         <load_address>0x14f58</load_address>
         <run_address>0x14f58</run_address>
         <size>0x128</size>
         <input_file_ref idref="fl-8f"/>
      </object_component>
      <object_component id="oc-5c8">
         <name>.text:calcPid</name>
         <load_address>0x15080</load_address>
         <run_address>0x15080</run_address>
         <size>0x11c</size>
         <input_file_ref idref="fl-d"/>
      </object_component>
      <object_component id="oc-7be">
         <name>.text:mpu_run_self_test</name>
         <load_address>0x1519c</load_address>
         <run_address>0x1519c</run_address>
         <size>0x116</size>
         <input_file_ref idref="fl-8"/>
      </object_component>
      <object_component id="oc-4dc">
         <name>.text:control_PID_Acro</name>
         <load_address>0x152b2</load_address>
         <run_address>0x152b2</run_address>
         <size>0x110</size>
         <input_file_ref idref="fl-f"/>
      </object_component>
      <object_component id="oc-908">
         <name>.text:gyro_self_test</name>
         <load_address>0x153c2</load_address>
         <run_address>0x153c2</run_address>
         <size>0xfe</size>
         <input_file_ref idref="fl-8"/>
      </object_component>
      <object_component id="oc-a04">
         <name>.text:_pconv_g</name>
         <load_address>0x154c0</load_address>
         <run_address>0x154c0</run_address>
         <size>0xfc</size>
         <input_file_ref idref="fl-8f"/>
      </object_component>
      <object_component id="oc-86f">
         <name>.text:_pproc_fwp</name>
         <load_address>0x155bc</load_address>
         <run_address>0x155bc</run_address>
         <size>0xfa</size>
         <input_file_ref idref="fl-8f"/>
      </object_component>
      <object_component id="oc-85b">
         <name>.text:fputs</name>
         <load_address>0x156b6</load_address>
         <run_address>0x156b6</run_address>
         <size>0xf0</size>
         <input_file_ref idref="fl-94"/>
      </object_component>
      <object_component id="oc-749">
         <name>.text:mpu_set_bypass</name>
         <load_address>0x157a6</load_address>
         <run_address>0x157a6</run_address>
         <size>0xea</size>
         <input_file_ref idref="fl-8"/>
      </object_component>
      <object_component id="oc-71b">
         <name>.text:Init_FLL</name>
         <load_address>0x15890</load_address>
         <run_address>0x15890</run_address>
         <size>0xe4</size>
         <input_file_ref idref="fl-6"/>
      </object_component>
      <object_component id="oc-641">
         <name>.text:run_self_test</name>
         <load_address>0x15974</load_address>
         <run_address>0x15974</run_address>
         <size>0xe4</size>
         <input_file_ref idref="fl-8"/>
      </object_component>
      <object_component id="oc-9cf">
         <name>.text:setvbuf</name>
         <load_address>0x15a58</load_address>
         <run_address>0x15a58</run_address>
         <size>0xde</size>
         <input_file_ref idref="fl-a6"/>
      </object_component>
      <object_component id="oc-a1c">
         <name>.text:__mspabi_cmpd</name>
         <load_address>0x15b36</load_address>
         <run_address>0x15b36</run_address>
         <size>0xd8</size>
         <input_file_ref idref="fl-a0"/>
      </object_component>
      <object_component id="oc-6a5">
         <name>.text:msp430_calc_recip</name>
         <load_address>0x15c0e</load_address>
         <run_address>0x15c0e</run_address>
         <size>0xd0</size>
         <input_file_ref idref="fl-22"/>
      </object_component>
      <object_component id="oc-902">
         <name>.text:accel_self_test</name>
         <load_address>0x15cde</load_address>
         <run_address>0x15cde</run_address>
         <size>0xcc</size>
         <input_file_ref idref="fl-8"/>
      </object_component>
      <object_component id="oc-81f">
         <name>.text:msp430_calc_sqrt</name>
         <load_address>0x15daa</load_address>
         <run_address>0x15daa</run_address>
         <size>0xcc</size>
         <input_file_ref idref="fl-22"/>
      </object_component>
      <object_component id="oc-881">
         <name>.text:_pproc_wstr</name>
         <load_address>0x15e76</load_address>
         <run_address>0x15e76</run_address>
         <size>0xc8</size>
         <input_file_ref idref="fl-8f"/>
      </object_component>
      <object_component id="oc-508">
         <name>.text:mpu_dmp_init</name>
         <load_address>0x15f3e</load_address>
         <run_address>0x15f3e</run_address>
         <size>0xc8</size>
         <input_file_ref idref="fl-8"/>
      </object_component>
      <object_component id="oc-9b1">
         <name>.text:get_accel_prod_shift</name>
         <load_address>0x16006</load_address>
         <run_address>0x16006</run_address>
         <size>0xc6</size>
         <input_file_ref idref="fl-8"/>
      </object_component>
      <object_component id="oc-75e">
         <name>.text:mpu_lp_accel_mode</name>
         <load_address>0x160cc</load_address>
         <run_address>0x160cc</run_address>
         <size>0xc6</size>
         <input_file_ref idref="fl-8"/>
      </object_component>
      <object_component id="oc-a54">
         <name>.text:malloc</name>
         <load_address>0x16192</load_address>
         <run_address>0x16192</run_address>
         <size>0xbc</size>
         <input_file_ref idref="fl-b0"/>
      </object_component>
      <object_component id="oc-60e">
         <name>.text:mpu_set_sensors</name>
         <load_address>0x1624e</load_address>
         <run_address>0x1624e</run_address>
         <size>0xbc</size>
         <input_file_ref idref="fl-8"/>
      </object_component>
      <object_component id="oc-565">
         <name>.text</name>
         <load_address>0x1630a</load_address>
         <run_address>0x1630a</run_address>
         <size>0xb8</size>
         <input_file_ref idref="fl-41"/>
      </object_component>
      <object_component id="oc-842">
         <name>.text:__TI_renormd</name>
         <load_address>0x163c2</load_address>
         <run_address>0x163c2</run_address>
         <size>0xb2</size>
         <input_file_ref idref="fl-7e"/>
      </object_component>
      <object_component id="oc-502">
         <name>.text:msp430_clock_init</name>
         <load_address>0x16474</load_address>
         <run_address>0x16474</run_address>
         <size>0xb2</size>
         <input_file_ref idref="fl-13"/>
      </object_component>
      <object_component id="oc-68a">
         <name>.text:mpu_read_fifo_stream</name>
         <load_address>0x16526</load_address>
         <run_address>0x16526</run_address>
         <size>0xb0</size>
         <input_file_ref idref="fl-8"/>
      </object_component>
      <object_component id="oc-87b">
         <name>.text:_pproc_str</name>
         <load_address>0x165d6</load_address>
         <run_address>0x165d6</run_address>
         <size>0xa6</size>
         <input_file_ref idref="fl-8f"/>
      </object_component>
      <object_component id="oc-ab5">
         <name>.text:frexp</name>
         <load_address>0x1667c</load_address>
         <run_address>0x1667c</run_address>
         <size>0xa6</size>
         <input_file_ref idref="fl-9d"/>
      </object_component>
      <object_component id="oc-772">
         <name>.text:mpu_load_firmware</name>
         <load_address>0x16722</load_address>
         <run_address>0x16722</run_address>
         <size>0xa6</size>
         <input_file_ref idref="fl-8"/>
      </object_component>
      <object_component id="oc-57c">
         <name>.text:__mspabi_fltlid</name>
         <load_address>0x167c8</load_address>
         <run_address>0x167c8</run_address>
         <size>0x9e</size>
         <input_file_ref idref="fl-7a"/>
      </object_component>
      <object_component id="oc-b0c">
         <name>.text:HOSTlseek</name>
         <load_address>0x16866</load_address>
         <run_address>0x16866</run_address>
         <size>0x9a</size>
         <input_file_ref idref="fl-a8"/>
      </object_component>
      <object_component id="oc-a94">
         <name>.text:_ecpy</name>
         <load_address>0x16900</load_address>
         <run_address>0x16900</run_address>
         <size>0x90</size>
         <input_file_ref idref="fl-8f"/>
      </object_component>
      <object_component id="oc-a9a">
         <name>.text:_mcpy</name>
         <load_address>0x16990</load_address>
         <run_address>0x16990</run_address>
         <size>0x90</size>
         <input_file_ref idref="fl-8f"/>
      </object_component>
      <object_component id="oc-862">
         <name>.text:fputc</name>
         <load_address>0x16a20</load_address>
         <run_address>0x16a20</run_address>
         <size>0x90</size>
         <input_file_ref idref="fl-93"/>
      </object_component>
      <object_component id="oc-6f9">
         <name>.text</name>
         <load_address>0x16ab0</load_address>
         <run_address>0x16ab0</run_address>
         <size>0x90</size>
         <input_file_ref idref="fl-3e"/>
      </object_component>
      <object_component id="oc-a4e">
         <name>.text:free</name>
         <load_address>0x16b40</load_address>
         <run_address>0x16b40</run_address>
         <size>0x8e</size>
         <input_file_ref idref="fl-b0"/>
      </object_component>
      <object_component id="oc-61a">
         <name>.text:mpu_set_sample_rate</name>
         <load_address>0x16bce</load_address>
         <run_address>0x16bce</run_address>
         <size>0x8e</size>
         <input_file_ref idref="fl-8"/>
      </object_component>
      <object_component id="oc-48d">
         <name>.text:__mspabi_cvtdf</name>
         <load_address>0x16c5c</load_address>
         <run_address>0x16c5c</run_address>
         <size>0x8c</size>
         <input_file_ref idref="fl-80"/>
      </object_component>
      <object_component id="oc-6cd">
         <name>.text:MPU_IIC_Send_Byte</name>
         <load_address>0x16ce8</load_address>
         <run_address>0x16ce8</run_address>
         <size>0x86</size>
         <input_file_ref idref="fl-7"/>
      </object_component>
      <object_component id="oc-b25">
         <name>.text:ltoa</name>
         <load_address>0x16d6e</load_address>
         <run_address>0x16d6e</run_address>
         <size>0x80</size>
         <input_file_ref idref="fl-95"/>
      </object_component>
      <object_component id="oc-940">
         <name>.text:__TI_wrt_ok</name>
         <load_address>0x16dee</load_address>
         <run_address>0x16dee</run_address>
         <size>0x7e</size>
         <input_file_ref idref="fl-a2"/>
      </object_component>
      <object_component id="oc-7dc">
         <name>.text</name>
         <load_address>0x16e6c</load_address>
         <run_address>0x16e6c</run_address>
         <size>0x7e</size>
         <input_file_ref idref="fl-44"/>
      </object_component>
      <object_component id="oc-a0a">
         <name>.text:_pconv_f</name>
         <load_address>0x16eea</load_address>
         <run_address>0x16eea</run_address>
         <size>0x78</size>
         <input_file_ref idref="fl-8f"/>
      </object_component>
      <object_component id="oc-6d">
         <name>.text:decompress:lzss:__TI_decompress_lzss</name>
         <load_address>0x16f62</load_address>
         <run_address>0x16f62</run_address>
         <size>0x76</size>
         <input_file_ref idref="fl-73"/>
      </object_component>
      <object_component id="oc-647">
         <name>.text:mpu_set_dmp_state</name>
         <load_address>0x16fd8</load_address>
         <run_address>0x16fd8</run_address>
         <size>0x76</size>
         <input_file_ref idref="fl-8"/>
      </object_component>
      <object_component id="oc-b18">
         <name>.text:HOSTrename</name>
         <load_address>0x1704e</load_address>
         <run_address>0x1704e</run_address>
         <size>0x74</size>
         <input_file_ref idref="fl-ab"/>
      </object_component>
      <object_component id="oc-ae8">
         <name>.text:__TI_closefile</name>
         <load_address>0x170c2</load_address>
         <run_address>0x170c2</run_address>
         <size>0x74</size>
         <input_file_ref idref="fl-b4"/>
      </object_component>
      <object_component id="oc-743">
         <name>.text:mpu_set_lpf</name>
         <load_address>0x17136</load_address>
         <run_address>0x17136</run_address>
         <size>0x74</size>
         <input_file_ref idref="fl-8"/>
      </object_component>
      <object_component id="oc-737">
         <name>.text:mpu_set_gyro_fsr</name>
         <load_address>0x171aa</load_address>
         <run_address>0x171aa</run_address>
         <size>0x72</size>
         <input_file_ref idref="fl-8"/>
      </object_component>
      <object_component id="oc-af4">
         <name>.text:HOSTopen</name>
         <load_address>0x1721c</load_address>
         <run_address>0x1721c</run_address>
         <size>0x70</size>
         <input_file_ref idref="fl-a9"/>
      </object_component>
      <object_component id="oc-6d3">
         <name>.text:MPU_IIC_Wait_Ack</name>
         <load_address>0x1728c</load_address>
         <run_address>0x1728c</run_address>
         <size>0x70</size>
         <input_file_ref idref="fl-7"/>
      </object_component>
      <object_component id="oc-b06">
         <name>.text:HOSTwrite</name>
         <load_address>0x172fc</load_address>
         <run_address>0x172fc</run_address>
         <size>0x6c</size>
         <input_file_ref idref="fl-ad"/>
      </object_component>
      <object_component id="oc-63b">
         <name>.text:dmp_set_fifo_rate</name>
         <load_address>0x17368</load_address>
         <run_address>0x17368</run_address>
         <size>0x6c</size>
         <input_file_ref idref="fl-9"/>
      </object_component>
      <object_component id="oc-73d">
         <name>.text:mpu_set_accel_fsr</name>
         <load_address>0x173d4</load_address>
         <run_address>0x173d4</run_address>
         <size>0x6c</size>
         <input_file_ref idref="fl-8"/>
      </object_component>
      <object_component id="oc-b00">
         <name>.text:HOSTread</name>
         <load_address>0x17440</load_address>
         <run_address>0x17440</run_address>
         <size>0x6a</size>
         <input_file_ref idref="fl-aa"/>
      </object_component>
      <object_component id="oc-9c9">
         <name>.text:fseek</name>
         <load_address>0x174aa</load_address>
         <run_address>0x174aa</run_address>
         <size>0x6a</size>
         <input_file_ref idref="fl-a4"/>
      </object_component>
      <object_component id="oc-6c1">
         <name>.text:MPU_IIC_Read_Byte</name>
         <load_address>0x17514</load_address>
         <run_address>0x17514</run_address>
         <size>0x68</size>
         <input_file_ref idref="fl-7"/>
      </object_component>
      <object_component id="oc-6bb">
         <name>.text:MPU_IIC_Start</name>
         <load_address>0x1757c</load_address>
         <run_address>0x1757c</run_address>
         <size>0x68</size>
         <input_file_ref idref="fl-7"/>
      </object_component>
      <object_component id="oc-6c7">
         <name>.text:MPU_IIC_Stop</name>
         <load_address>0x175e4</load_address>
         <run_address>0x175e4</run_address>
         <size>0x68</size>
         <input_file_ref idref="fl-7"/>
      </object_component>
      <object_component id="oc-573">
         <name>.text:MPU_Read_Len</name>
         <load_address>0x1764c</load_address>
         <run_address>0x1764c</run_address>
         <size>0x68</size>
         <input_file_ref idref="fl-b"/>
      </object_component>
      <object_component id="oc-8b6">
         <name>.text:mpu_read_mem</name>
         <load_address>0x176b4</load_address>
         <run_address>0x176b4</run_address>
         <size>0x68</size>
         <input_file_ref idref="fl-8"/>
      </object_component>
      <object_component id="oc-788">
         <name>.text:mpu_write_mem</name>
         <load_address>0x1771c</load_address>
         <run_address>0x1771c</run_address>
         <size>0x68</size>
         <input_file_ref idref="fl-8"/>
      </object_component>
      <object_component id="oc-4e7">
         <name>.text</name>
         <load_address>0x17784</load_address>
         <run_address>0x17784</run_address>
         <size>0x68</size>
         <input_file_ref idref="fl-43"/>
      </object_component>
      <object_component id="oc-82b">
         <name>.text:MPU_IIC_Ack</name>
         <load_address>0x177ec</load_address>
         <run_address>0x177ec</run_address>
         <size>0x66</size>
         <input_file_ref idref="fl-7"/>
      </object_component>
      <object_component id="oc-825">
         <name>.text:MPU_IIC_NAck</name>
         <load_address>0x17852</load_address>
         <run_address>0x17852</run_address>
         <size>0x66</size>
         <input_file_ref idref="fl-7"/>
      </object_component>
      <object_component id="oc-4af">
         <name>.text:__mspabi_cvtfd</name>
         <load_address>0x178b8</load_address>
         <run_address>0x178b8</run_address>
         <size>0x66</size>
         <input_file_ref idref="fl-75"/>
      </object_component>
      <object_component id="oc-595">
         <name>.text:__mspabi_fixdli</name>
         <load_address>0x1791e</load_address>
         <run_address>0x1791e</run_address>
         <size>0x66</size>
         <input_file_ref idref="fl-78"/>
      </object_component>
      <object_component id="oc-94c">
         <name>.text:__TI_doflush</name>
         <load_address>0x17984</load_address>
         <run_address>0x17984</run_address>
         <size>0x64</size>
         <input_file_ref idref="fl-a3"/>
      </object_component>
      <object_component id="oc-95e">
         <name>.text:atoi</name>
         <load_address>0x179e8</load_address>
         <run_address>0x179e8</run_address>
         <size>0x62</size>
         <input_file_ref idref="fl-90"/>
      </object_component>
      <object_component id="oc-614">
         <name>.text:mpu_configure_fifo</name>
         <load_address>0x17a4a</load_address>
         <run_address>0x17a4a</run_address>
         <size>0x62</size>
         <input_file_ref idref="fl-8"/>
      </object_component>
      <object_component id="oc-469">
         <name>.text:MPU_Get_Accelerometer</name>
         <load_address>0x17aac</load_address>
         <run_address>0x17aac</run_address>
         <size>0x60</size>
         <input_file_ref idref="fl-b"/>
      </object_component>
      <object_component id="oc-46f">
         <name>.text:MPU_Get_Gyroscope</name>
         <load_address>0x17b0c</load_address>
         <run_address>0x17b0c</run_address>
         <size>0x60</size>
         <input_file_ref idref="fl-b"/>
      </object_component>
      <object_component id="oc-910">
         <name>.text:__mpyll</name>
         <load_address>0x17b6c</load_address>
         <run_address>0x17b6c</run_address>
         <size>0x5c</size>
         <input_file_ref idref="fl-65"/>
      </object_component>
      <object_component id="oc-750">
         <name>.text:mpu_set_int_latched</name>
         <load_address>0x17bc8</load_address>
         <run_address>0x17bc8</run_address>
         <size>0x5c</size>
         <input_file_ref idref="fl-8"/>
      </object_component>
      <object_component id="oc-4d0">
         <name>.text:calc_Target_Acro</name>
         <load_address>0x17c24</load_address>
         <run_address>0x17c24</run_address>
         <size>0x5a</size>
         <input_file_ref idref="fl-f"/>
      </object_component>
      <object_component id="oc-b5b">
         <name>.text:close</name>
         <load_address>0x17c7e</load_address>
         <run_address>0x17c7e</run_address>
         <size>0x5a</size>
         <input_file_ref idref="fl-ba"/>
      </object_component>
      <object_component id="oc-ba8">
         <name>.text:getdevice</name>
         <load_address>0x17cd8</load_address>
         <run_address>0x17cd8</run_address>
         <size>0x5a</size>
         <input_file_ref idref="fl-b5"/>
      </object_component>
      <object_component id="oc-4d6">
         <name>.text:calc_Throttle_Acro</name>
         <load_address>0x17d32</load_address>
         <run_address>0x17d32</run_address>
         <size>0x58</size>
         <input_file_ref idref="fl-f"/>
      </object_component>
      <object_component id="oc-5df">
         <name>.text</name>
         <load_address>0x17d8a</load_address>
         <run_address>0x17d8a</run_address>
         <size>0x58</size>
         <input_file_ref idref="fl-3b"/>
      </object_component>
      <object_component id="oc-6f3">
         <name>.text:DataLimit</name>
         <load_address>0x17de2</load_address>
         <run_address>0x17de2</run_address>
         <size>0x54</size>
         <input_file_ref idref="fl-d"/>
      </object_component>
      <object_component id="oc-533">
         <name>.text:__TI_auto_init_nobinit_nopinit_hold_wdt:__TI_auto_init_nobinit_nopinit_hold_wdt</name>
         <load_address>0x17e36</load_address>
         <run_address>0x17e36</run_address>
         <size>0x54</size>
         <input_file_ref idref="fl-67"/>
      </object_component>
      <object_component id="oc-8f6">
         <name>.text:mpu_get_lpf</name>
         <load_address>0x17e8a</load_address>
         <run_address>0x17e8a</run_address>
         <size>0x54</size>
         <input_file_ref idref="fl-8"/>
      </object_component>
      <object_component id="oc-757">
         <name>.text:set_int_enable</name>
         <load_address>0x17ede</load_address>
         <run_address>0x17ede</run_address>
         <size>0x54</size>
         <input_file_ref idref="fl-8"/>
      </object_component>
      <object_component id="oc-727">
         <name>.text:MPU_Write_Len</name>
         <load_address>0x17f32</load_address>
         <run_address>0x17f32</run_address>
         <size>0x52</size>
         <input_file_ref idref="fl-b"/>
      </object_component>
      <object_component id="oc-afa">
         <name>.text:HOSTclose</name>
         <load_address>0x17f84</load_address>
         <run_address>0x17f84</run_address>
         <size>0x4e</size>
         <input_file_ref idref="fl-a7"/>
      </object_component>
      <object_component id="oc-aa7">
         <name>.text:_fcpy</name>
         <load_address>0x17fd2</load_address>
         <run_address>0x17fd2</run_address>
         <size>0x4e</size>
         <input_file_ref idref="fl-8f"/>
      </object_component>
      <object_component id="oc-629">
         <name>.text:inv_row_2_scale</name>
         <load_address>0x18020</load_address>
         <run_address>0x18020</run_address>
         <size>0x4e</size>
         <input_file_ref idref="fl-8"/>
      </object_component>
      <object_component id="oc-7c4">
         <name>.text:mpu_get_gyro_sens</name>
         <load_address>0x1806e</load_address>
         <run_address>0x1806e</run_address>
         <size>0x4e</size>
         <input_file_ref idref="fl-8"/>
      </object_component>
      <object_component id="oc-515">
         <name>.text:exit</name>
         <load_address>0x180bc</load_address>
         <run_address>0x180bc</run_address>
         <size>0x4a</size>
         <input_file_ref idref="fl-81"/>
      </object_component>
      <object_component id="oc-5fb">
         <name>.text:msp430_clock_enable</name>
         <load_address>0x18106</load_address>
[...]
         <value>0x185a0</value>
         <object_component_ref idref="oc-5e4"/>
      </symbol>
      <symbol id="sm-a9d">
         <name>__mspabi_srll_11</name>
         <value>0x185a4</value>
         <object_component_ref idref="oc-5e4"/>
      </symbol>
      <symbol id="sm-a9e">
         <name>__mspabi_srll_10</name>
         <value>0x185a8</value>
         <object_component_ref idref="oc-5e4"/>
      </symbol>
      <symbol id="sm-a9f">
         <name>__mspabi_srll</name>
         <value>0x18cfa</value>
         <object_component_ref idref="oc-6a9"/>
      </symbol>
      <symbol id="sm-aa8">
         <name>__mspabi_mpyi_f5hw</name>
         <value>0x18bf6</value>
         <object_component_ref idref="oc-804"/>
      </symbol>
      <symbol id="sm-ab2">
         <name>__mspabi_mpyl_f5hw</name>
         <value>0x18b7c</value>
         <object_component_ref idref="oc-690"/>
      </symbol>
      <symbol id="sm-abc">
         <name>__mspabi_mpyll_f5hw</name>
         <value>0x17b6c</value>
         <object_component_ref idref="oc-910"/>
      </symbol>
      <symbol id="sm-acc">
         <name>_stack</name>
         <value>0x4360</value>
         <object_component_ref idref="oc-37d"/>
      </symbol>
      <symbol id="sm-acd">
         <name>_c_int00_noargs</name>
         <value>0x452c</value>
         <object_component_ref idref="oc-3c5"/>
      </symbol>
      <symbol id="sm-ace">
         <name>_reset_vector</name>
         <value>0xfffe</value>
         <object_component_ref idref="oc-380"/>
      </symbol>
      <symbol id="sm-af1">
         <name>__TI_auto_init_nobinit_nopinit_hold_wdt</name>
         <value>0x17e36</value>
         <object_component_ref idref="oc-533"/>
      </symbol>
      <symbol id="sm-b04">
         <name>__TI_zero_init_nomemset</name>
         <value>0x18b34</value>
         <object_component_ref idref="oc-3b3"/>
      </symbol>
      <symbol id="sm-b18">
         <name>__mspabi_srall</name>
         <value>0x18458</value>
         <object_component_ref idref="oc-915"/>
      </symbol>
      <symbol id="sm-b25">
         <name>__mspabi_sllll</name>
         <value>0x186c4</value>
         <object_component_ref idref="oc-91d"/>
      </symbol>
      <symbol id="sm-b32">
         <name>__mspabi_srlll</name>
         <value>0x186fe</value>
         <object_component_ref idref="oc-a84"/>
      </symbol>
      <symbol id="sm-b4a">
         <name>__mspabi_divlli</name>
         <value>0x14cea</value>
         <object_component_ref idref="oc-9aa"/>
      </symbol>
      <symbol id="sm-b7d">
         <name>__mspabi_divull</name>
         <value>0x1122c</value>
         <object_component_ref idref="oc-a3b"/>
      </symbol>
      <symbol id="sm-b86">
         <name>_system_pre_init</name>
         <value>0x18d5c</value>
         <object_component_ref idref="oc-42e"/>
      </symbol>
      <symbol id="sm-b8f">
         <name>_system_post_cinit</name>
         <value>0x18d64</value>
         <object_component_ref idref="oc-660"/>
      </symbol>
      <symbol id="sm-ba0">
         <name>__TI_decompress_none</name>
         <value>0x18ca4</value>
         <object_component_ref idref="oc-73"/>
      </symbol>
      <symbol id="sm-bc3">
         <name>__TI_decompress_lzss</name>
         <value>0x16f62</value>
         <object_component_ref idref="oc-6d"/>
      </symbol>
      <symbol id="sm-bea">
         <name>__mspabi_addd</name>
         <value>0x1186a</value>
         <object_component_ref idref="oc-587"/>
      </symbol>
      <symbol id="sm-bfd">
         <name>__mspabi_cvtfd</name>
         <value>0x178b8</value>
         <object_component_ref idref="oc-4af"/>
      </symbol>
      <symbol id="sm-c1e">
         <name>__mspabi_divd</name>
         <value>0x1317c</value>
         <object_component_ref idref="oc-aae"/>
      </symbol>
      <symbol id="sm-c2b">
         <name>__mspabi_fixdi</name>
         <value>0x18ae6</value>
         <object_component_ref idref="oc-487"/>
      </symbol>
      <symbol id="sm-c3a">
         <name>__mspabi_fixdli</name>
         <value>0x1791e</value>
         <object_component_ref idref="oc-595"/>
      </symbol>
      <symbol id="sm-c43">
         <name>__mspabi_fltid</name>
         <value>0x18d26</value>
         <object_component_ref idref="oc-475"/>
      </symbol>
      <symbol id="sm-c5b">
         <name>__mspabi_fltlid</name>
         <value>0x167c8</value>
         <object_component_ref idref="oc-57c"/>
      </symbol>
      <symbol id="sm-c7c">
         <name>__TI_frcaddd</name>
         <value>0x12d10</value>
         <object_component_ref idref="oc-6de"/>
      </symbol>
      <symbol id="sm-c97">
         <name>__TI_frcdivd</name>
         <value>0x10598</value>
         <object_component_ref idref="oc-b36"/>
      </symbol>
      <symbol id="sm-cb8">
         <name>__mspabi_mpyd</name>
         <value>0x12860</value>
         <object_component_ref idref="oc-4a4"/>
      </symbol>
      <symbol id="sm-ccc">
         <name>__TI_renormd</name>
         <value>0x163c2</value>
         <object_component_ref idref="oc-842"/>
      </symbol>
      <symbol id="sm-cd5">
         <name>__mspabi_subd</name>
         <value>0x18912</value>
         <object_component_ref idref="oc-4bb"/>
      </symbol>
      <symbol id="sm-ce8">
         <name>__mspabi_cvtdf</name>
         <value>0x16c5c</value>
         <object_component_ref idref="oc-48d"/>
      </symbol>
      <symbol id="sm-d05">
         <name>C$$EXIT</name>
         <value>0x18d4c</value>
         <object_component_ref idref="oc-50f"/>
      </symbol>
      <symbol id="sm-d06">
         <name>abort</name>
         <value>0x18d4c</value>
         <object_component_ref idref="oc-50f"/>
      </symbol>
      <symbol id="sm-d07">
         <name>__TI_enable_exit_profile_output</name>
         <value>0x2756</value>
         <object_component_ref idref="oc-64f"/>
      </symbol>
      <symbol id="sm-d08">
         <name>exit</name>
         <value>0x180bc</value>
         <object_component_ref idref="oc-515"/>
      </symbol>
      <symbol id="sm-d1e">
         <name>_nop</name>
         <value>0x18d62</value>
         <object_component_ref idref="oc-7e5"/>
      </symbol>
      <symbol id="sm-d1f">
         <name>_lock</name>
         <value>0x2744</value>
         <object_component_ref idref="oc-652"/>
      </symbol>
      <symbol id="sm-d20">
         <name>_unlock</name>
         <value>0x2748</value>
         <object_component_ref idref="oc-65b"/>
      </symbol>
      <symbol id="sm-d30">
         <name>memcmp</name>
         <value>0x18b0e</value>
         <object_component_ref idref="oc-8bc"/>
      </symbol>
      <symbol id="sm-d3e">
         <name>memcpy</name>
         <value>0x18c90</value>
         <object_component_ref idref="oc-38f"/>
      </symbol>
      <symbol id="sm-d4c">
         <name>memset</name>
         <value>0x18c3a</value>
         <object_component_ref idref="oc-731"/>
      </symbol>
      <symbol id="sm-d6f">
         <name>printf</name>
         <value>0x18150</value>
         <object_component_ref idref="oc-5d1"/>
      </symbol>
      <symbol id="sm-d79">
         <name>abs</name>
         <value>0x18d32</value>
         <object_component_ref idref="oc-b2c"/>
      </symbol>
      <symbol id="sm-d83">
         <name>labs</name>
         <value>0x18d0a</value>
         <object_component_ref idref="oc-9b7"/>
      </symbol>
      <symbol id="sm-d8d">
         <name>llabs</name>
         <value>0x18c0e</value>
         <object_component_ref idref="oc-a35"/>
      </symbol>
      <symbol id="sm-d9d">
         <name>__mspabi_sral</name>
         <value>0x18cda</value>
         <object_component_ref idref="oc-83d"/>
      </symbol>
      <symbol id="sm-d9e">
         <name>__mspabi_sral_15</name>
         <value>0x18518</value>
         <object_component_ref idref="oc-5af"/>
      </symbol>
      <symbol id="sm-d9f">
         <name>__mspabi_sral_14</name>
         <value>0x1851c</value>
         <object_component_ref idref="oc-5af"/>
      </symbol>
      <symbol id="sm-da0">
         <name>__mspabi_sral_13</name>
         <value>0x18520</value>
         <object_component_ref idref="oc-5af"/>
      </symbol>
      <symbol id="sm-da1">
         <name>__mspabi_sral_12</name>
         <value>0x18524</value>
         <object_component_ref idref="oc-5af"/>
      </symbol>
      <symbol id="sm-da2">
         <name>__mspabi_sral_11</name>
         <value>0x18528</value>
         <object_component_ref idref="oc-5af"/>
      </symbol>
      <symbol id="sm-da3">
         <name>__mspabi_sral_10</name>
         <value>0x1852c</value>
         <object_component_ref idref="oc-5af"/>
      </symbol>
      <symbol id="sm-da4">
         <name>__mspabi_sral_8</name>
         <value>0x18534</value>
         <object_component_ref idref="oc-5af"/>
      </symbol>
      <symbol id="sm-da5">
         <name>__mspabi_sral_9</name>
         <value>0x18530</value>
         <object_component_ref idref="oc-5af"/>
      </symbol>
      <symbol id="sm-da6">
         <name>__mspabi_sral_6</name>
         <value>0x1853c</value>
         <object_component_ref idref="oc-5af"/>
      </symbol>
      <symbol id="sm-da7">
         <name>__mspabi_sral_7</name>
         <value>0x18538</value>
         <object_component_ref idref="oc-5af"/>
      </symbol>
      <symbol id="sm-da8">
         <name>__mspabi_sral_4</name>
         <value>0x18544</value>
         <object_component_ref idref="oc-5af"/>
      </symbol>
      <symbol id="sm-da9">
         <name>__mspabi_sral_5</name>
         <value>0x18540</value>
         <object_component_ref idref="oc-5af"/>
      </symbol>
      <symbol id="sm-daa">
         <name>__mspabi_sral_2</name>
         <value>0x1854c</value>
         <object_component_ref idref="oc-5af"/>
      </symbol>
      <symbol id="sm-dab">
         <name>__mspabi_sral_3</name>
         <value>0x18548</value>
         <object_component_ref idref="oc-5af"/>
      </symbol>
      <symbol id="sm-dac">
         <name>__mspabi_sral_1</name>
         <value>0x18550</value>
         <object_component_ref idref="oc-5af"/>
      </symbol>
      <symbol id="sm-dbc">
         <name>__TI_dtors_ptr</name>
         <value>0x2740</value>
         <object_component_ref idref="oc-655"/>
      </symbol>
      <symbol id="sm-dbd">
         <name>__TI_cleanup_ptr</name>
         <value>0x273c</value>
         <object_component_ref idref="oc-658"/>
      </symbol>
      <symbol id="sm-dcd">
         <name>__TI_frcmpyd</name>
         <value>0x12366</value>
         <object_component_ref idref="oc-5a1"/>
      </symbol>
      <symbol id="sm-fa3">
         <name>__TI_printfi</name>
         <value>0x120c0</value>
         <object_component_ref idref="oc-70f"/>
      </symbol>
      <symbol id="sm-fb6">
         <name>atoi</name>
         <value>0x179e8</value>
         <object_component_ref idref="oc-95e"/>
      </symbol>
      <symbol id="sm-fc0">
         <name>_ctypes_</name>
         <value>0x5146</value>
         <object_component_ref idref="oc-9e6"/>
      </symbol>
      <symbol id="sm-fd0">
         <name>__TI_tmpnams</name>
         <value>0x275a</value>
      </symbol>
      <symbol id="sm-fd1">
         <name>_ftable</name>
         <value>0x2400</value>
         <object_component_ref idref="oc-700"/>
      </symbol>
      <symbol id="sm-fd2">
         <name>__TI_ft_end</name>
         <value>0x2752</value>
         <object_component_ref idref="oc-aee"/>
      </symbol>
      <symbol id="sm-fe5">
         <name>putc</name>
         <value>0x16a20</value>
         <object_component_ref idref="oc-862"/>
      </symbol>
      <symbol id="sm-fe6">
         <name>fputc</name>
         <value>0x16a20</value>
         <object_component_ref idref="oc-862"/>
      </symbol>
      <symbol id="sm-ffe">
         <name>fputs</name>
         <value>0x156b6</value>
         <object_component_ref idref="oc-85b"/>
      </symbol>
      <symbol id="sm-100d">
         <name>ltoa</name>
         <value>0x16d6e</value>
         <object_component_ref idref="oc-b25"/>
      </symbol>
      <symbol id="sm-101c">
         <name>memccpy</name>
         <value>0x18ba0</value>
         <object_component_ref idref="oc-972"/>
      </symbol>
      <symbol id="sm-102b">
         <name>memchr</name>
         <value>0x18c24</value>
         <object_component_ref idref="oc-946"/>
      </symbol>
      <symbol id="sm-103a">
         <name>strchr</name>
         <value>0x18bbe</value>
         <object_component_ref idref="oc-b4b"/>
      </symbol>
      <symbol id="sm-1047">
         <name>strlen</name>
         <value>0x18d18</value>
         <object_component_ref idref="oc-869"/>
      </symbol>
      <symbol id="sm-1054">
         <name>toupper</name>
         <value>0x18cc8</value>
         <object_component_ref idref="oc-9f8"/>
      </symbol>
      <symbol id="sm-1076">
         <name>_stream</name>
         <value>0x2630</value>
         <object_component_ref idref="oc-9db"/>
      </symbol>
      <symbol id="sm-1077">
         <name>_device</name>
         <value>0x25b8</value>
         <object_component_ref idref="oc-a6d"/>
      </symbol>
      <symbol id="sm-1078">
         <name>write</name>
         <value>0x18688</value>
         <object_component_ref idref="oc-952"/>
      </symbol>
      <symbol id="sm-107f">
         <name>errno</name>
         <value>0x2754</value>
         <object_component_ref idref="oc-980"/>
      </symbol>
      <symbol id="sm-109b">
         <name>frexpl</name>
         <value>0x1667c</value>
         <object_component_ref idref="oc-ab5"/>
      </symbol>
      <symbol id="sm-109c">
         <name>frexp</name>
         <value>0x1667c</value>
         <object_component_ref idref="oc-ab5"/>
      </symbol>
      <symbol id="sm-10b5">
         <name>scalbn</name>
         <value>0x14906</value>
         <object_component_ref idref="oc-b45"/>
      </symbol>
      <symbol id="sm-10b6">
         <name>scalbnl</name>
         <value>0x14906</value>
         <object_component_ref idref="oc-b45"/>
      </symbol>
      <symbol id="sm-10b7">
         <name>ldexpl</name>
         <value>0x14906</value>
         <object_component_ref idref="oc-b45"/>
      </symbol>
      <symbol id="sm-10b8">
         <name>ldexp</name>
         <value>0x14906</value>
         <object_component_ref idref="oc-b45"/>
      </symbol>
      <symbol id="sm-10d0">
         <name>wcslen</name>
         <value>0x18c66</value>
         <object_component_ref idref="oc-97a"/>
      </symbol>
      <symbol id="sm-10ea">
         <name>__mspabi_cmpd</name>
         <value>0x15b36</value>
         <object_component_ref idref="oc-a1c"/>
      </symbol>
      <symbol id="sm-10f3">
         <name>__mspabi_negd</name>
         <value>0x18a06</value>
         <object_component_ref idref="oc-9fe"/>
      </symbol>
      <symbol id="sm-110b">
         <name>__TI_wrt_ok</name>
         <value>0x16dee</value>
         <object_component_ref idref="oc-940"/>
      </symbol>
      <symbol id="sm-111c">
         <name>__TI_doflush</name>
         <value>0x17984</value>
         <object_component_ref idref="oc-94c"/>
      </symbol>
      <symbol id="sm-112c">
         <name>fseek</name>
         <value>0x174aa</value>
         <object_component_ref idref="oc-9c9"/>
      </symbol>
      <symbol id="sm-113a">
         <name>lseek</name>
         <value>0x185d2</value>
         <object_component_ref idref="oc-a46"/>
      </symbol>
      <symbol id="sm-1152">
         <name>setvbuf</name>
         <value>0x15a58</value>
         <object_component_ref idref="oc-9cf"/>
      </symbol>
      <symbol id="sm-115e">
         <name>HOSTclose</name>
         <value>0x17f84</value>
         <object_component_ref idref="oc-afa"/>
      </symbol>
      <symbol id="sm-116a">
         <name>HOSTlseek</name>
         <value>0x16866</value>
         <object_component_ref idref="oc-b0c"/>
      </symbol>
      <symbol id="sm-1178">
         <name>parmbuf</name>
         <value>0x2944</value>
      </symbol>
      <symbol id="sm-1179">
         <name>HOSTopen</name>
         <value>0x1721c</value>
         <object_component_ref idref="oc-af4"/>
      </symbol>
      <symbol id="sm-1186">
         <name>HOSTread</name>
         <value>0x17440</value>
         <object_component_ref idref="oc-b00"/>
      </symbol>
      <symbol id="sm-1192">
         <name>HOSTrename</name>
         <value>0x1704e</value>
         <object_component_ref idref="oc-b18"/>
      </symbol>
      <symbol id="sm-119e">
         <name>HOSTunlink</name>
         <value>0x18276</value>
         <object_component_ref idref="oc-b12"/>
      </symbol>
      <symbol id="sm-11ab">
         <name>HOSTwrite</name>
         <value>0x172fc</value>
         <object_component_ref idref="oc-b06"/>
      </symbol>
      <symbol id="sm-11c9">
         <name>__TI_readmsg</name>
         <value>0x188e0</value>
         <object_component_ref idref="oc-b75"/>
      </symbol>
      <symbol id="sm-11ca">
         <name>C$$IO$$</name>
         <value>0x187d8</value>
         <object_component_ref idref="oc-b6f"/>
      </symbol>
      <symbol id="sm-11cb">
         <name>_CIOBUF_</name>
         <value>0x2950</value>
         <object_component_ref idref="oc-bb4"/>
      </symbol>
      <symbol id="sm-11cc">
         <name>__TI_writemsg</name>
         <value>0x187a6</value>
         <object_component_ref idref="oc-b6f"/>
      </symbol>
      <symbol id="sm-11d5">
         <name>copysign</name>
         <value>0x18a34</value>
         <object_component_ref idref="oc-b9c"/>
      </symbol>
      <symbol id="sm-11d6">
         <name>copysignl</name>
         <value>0x18a34</value>
         <object_component_ref idref="oc-b9c"/>
      </symbol>
      <symbol id="sm-1225">
         <name>_sys_memory</name>
         <value>0x2a70</value>
         <object_component_ref idref="oc-381"/>
      </symbol>
      <symbol id="sm-1226">
         <name>free</name>
         <value>0x16b40</value>
         <object_component_ref idref="oc-a4e"/>
      </symbol>
      <symbol id="sm-1227">
         <name>malloc</name>
         <value>0x16192</value>
         <object_component_ref idref="oc-a54"/>
      </symbol>
      <symbol id="sm-1228">
         <name>minit</name>
         <value>0x18416</value>
         <object_component_ref idref="oc-ae1"/>
      </symbol>
      <symbol id="sm-1234">
         <name>__TI_cleanup</name>
         <value>0x18770</value>
         <object_component_ref idref="oc-a5a"/>
      </symbol>
      <symbol id="sm-1242">
         <name>strcpy</name>
         <value>0x18cb6</value>
         <object_component_ref idref="oc-b86"/>
      </symbol>
      <symbol id="sm-1253">
         <name>__TI_closefile</name>
         <value>0x170c2</value>
         <object_component_ref idref="oc-ae8"/>
      </symbol>
      <symbol id="sm-1272">
         <name>finddevice</name>
         <value>0x18a62</value>
         <object_component_ref idref="oc-bd9"/>
      </symbol>
      <symbol id="sm-1273">
         <name>getdevice</name>
         <value>0x17cd8</value>
         <object_component_ref idref="oc-ba8"/>
      </symbol>
      <symbol id="sm-1282">
         <name>strcmp</name>
         <value>0x18bda</value>
         <object_component_ref idref="oc-bf0"/>
      </symbol>
      <symbol id="sm-1292">
         <name>strncpy</name>
         <value>0x18944</value>
         <object_component_ref idref="oc-bd3"/>
      </symbol>
      <symbol id="sm-129e">
         <name>unlink</name>
         <value>0x189d6</value>
         <object_component_ref idref="oc-b62"/>
      </symbol>
      <symbol id="sm-12b0">
         <name>close</name>
         <value>0x17c7e</value>
         <object_component_ref idref="oc-b5b"/>
      </symbol>
      <symbol id="sm-12b2">
         <name>remove</name>
         <value>0x189d6</value>
      </symbol>
   </symbol_table>
   <title>Link successful</title>
</link_info>
