******************************************************************************
                  MSP430 Linker PC v18.1.2                     
******************************************************************************
>> Linked Thu Jul 12 22:44:49 2018

OUTPUT FILE NAME:   <18_430F5529_Quad_Attempt_2.out>
ENTRY POINT SYMBOL: "_c_int00_noargs"  address: 0000452c


MEMORY CONFIGURATION

         name            origin    length      used     unused   attr    fill
----------------------  --------  ---------  --------  --------  ----  --------
  SFR                   00000000   00000010  00000000  00000010  RWIX
  PERIPHERALS_8BIT      00000010   000000f0  00000000  000000f0  RWIX
  PERIPHERALS_16BIT     00000100   00000100  00000000  00000100  RWIX
  INFOD                 00001800   00000080  00000000  00000080  RWIX
  INFOC                 00001880   00000080  00000000  00000080  RWIX
  INFOB                 00001900   00000080  00000000  00000080  RWIX
  INFOA                 00001980   00000080  00000000  00000080  RWIX
  USBRAM                00001c00   00000800  00000000  00000800  RWIX
  RAM                   00002400   00002000  000007b0  00001850  RWIX
  FLASH                 00004400   0000bb80  00001229  0000a957  RWIX
  INT00                 0000ff80   00000002  00000000  00000002  RWIX
  INT01                 0000ff82   00000002  00000000  00000002  RWIX
  INT02                 0000ff84   00000002  00000000  00000002  RWIX
  INT03                 0000ff86   00000002  00000000  00000002  RWIX
  INT04                 0000ff88   00000002  00000000  00000002  RWIX
  INT05                 0000ff8a   00000002  00000000  00000002  RWIX
  INT06                 0000ff8c   00000002  00000000  00000002  RWIX
  INT07                 0000ff8e   00000002  00000000  00000002  RWIX
  INT08                 0000ff90   00000002  00000000  00000002  RWIX
  INT09                 0000ff92   00000002  00000000  00000002  RWIX
  INT10                 0000ff94   00000002  00000000  00000002  RWIX
  INT11                 0000ff96   00000002  00000000  00000002  RWIX
  INT12                 0000ff98   00000002  00000000  00000002  RWIX
  INT13                 0000ff9a   00000002  00000000  00000002  RWIX
  INT14                 0000ff9c   00000002  00000000  00000002  RWIX
  INT15                 0000ff9e   00000002  00000000  00000002  RWIX
  INT16                 0000ffa0   00000002  00000000  00000002  RWIX
  INT17                 0000ffa2   00000002  00000000  00000002  RWIX
  INT18                 0000ffa4   00000002  00000000  00000002  RWIX
  INT19                 0000ffa6   00000002  00000000  00000002  RWIX
  INT20                 0000ffa8   00000002  00000000  00000002  RWIX
  INT21                 0000ffaa   00000002  00000000  00000002  RWIX
  INT22                 0000ffac   00000002  00000000  00000002  RWIX
  INT23                 0000ffae   00000002  00000000  00000002  RWIX
  INT24                 0000ffb0   00000002  00000000  00000002  RWIX
  INT25                 0000ffb2   00000002  00000000  00000002  RWIX
  INT26                 0000ffb4   00000002  00000000  00000002  RWIX
  INT27                 0000ffb6   00000002  00000000  00000002  RWIX
  INT28                 0000ffb8   00000002  00000000  00000002  RWIX
  INT29                 0000ffba   00000002  00000000  00000002  RWIX
  INT30                 0000ffbc   00000002  00000000  00000002  RWIX
  INT31                 0000ffbe   00000002  00000000  00000002  RWIX
  INT32                 0000ffc0   00000002  00000000  00000002  RWIX
  INT33                 0000ffc2   00000002  00000000  00000002  RWIX
  INT34                 0000ffc4   00000002  00000000  00000002  RWIX
  INT35                 0000ffc6   00000002  00000000  00000002  RWIX
  INT36                 0000ffc8   00000002  00000000  00000002  RWIX
  INT37                 0000ffca   00000002  00000000  00000002  RWIX
  INT38                 0000ffcc   00000002  00000000  00000002  RWIX
  INT39                 0000ffce   00000002  00000000  00000002  RWIX
  INT40                 0000ffd0   00000002  00000000  00000002  RWIX
  INT41                 0000ffd2   00000002  00000002  00000000  RWIX
  INT42                 0000ffd4   00000002  00000002  00000000  RWIX
  INT43                 0000ffd6   00000002  00000002  00000000  RWIX
  INT44                 0000ffd8   00000002  00000002  00000000  RWIX
  INT45                 0000ffda   00000002  00000002  00000000  RWIX
  INT46                 0000ffdc   00000002  00000002  00000000  RWIX
  INT47                 0000ffde   00000002  00000002  00000000  RWIX
  INT48                 0000ffe0   00000002  00000002  00000000  RWIX
  INT49                 0000ffe2   00000002  00000002  00000000  RWIX
  INT50                 0000ffe4   00000002  00000002  00000000  RWIX
  INT51                 0000ffe6   00000002  00000002  00000000  RWIX
  INT52                 0000ffe8   00000002  00000002  00000000  RWIX
  INT53                 0000ffea   00000002  00000002  00000000  RWIX
  INT54                 0000ffec   00000002  00000002  00000000  RWIX
  INT55                 0000ffee   00000002  00000002  00000000  RWIX
  INT56                 0000fff0   00000002  00000002  00000000  RWIX
  INT57                 0000fff2   00000002  00000002  00000000  RWIX
  INT58                 0000fff4   00000002  00000002  00000000  RWIX
  INT59                 0000fff6   00000002  00000002  00000000  RWIX
  INT60                 0000fff8   00000002  00000002  00000000  RWIX
  INT61                 0000fffa   00000002  00000002  00000000  RWIX
  INT62                 0000fffc   00000002  00000002  00000000  RWIX
  RESET                 0000fffe   00000002  00000002  00000000  RWIX
  FLASH2                00010000   00014400  00008d68  0000b698  RWIX


SECTION ALLOCATION MAP

 output                                  attributes/
section   page    origin      length       input sections
--------  ----  ----------  ----------   ----------------
.data      0    00002400    0000035a     UNINITIALIZED
                  00002400    000000c8     rts430x_lc_rd_eabi.lib : defs.c.obj (.data:_ftable)
                  000024c8    00000078     imu.obj (.data:InPut_IIR)
                  00002540    00000078     imu.obj (.data:OutPut_IIR)
                  000025b8    00000078     rts430x_lc_rd_eabi.lib : write.c.obj (.data:_device)
                  00002630    0000003c                            : write.c.obj (.data:_stream)
                  0000266c    0000002c     inv_mpu.obj (.data:st)
                  00002698    00000028     imu.obj (.data:a_IIR)
                  000026c0    00000028     imu.obj (.data:b_IIR)
                  000026e8    0000001e     msp430_clock.obj (.data:clock)
                  00002706    00000010     ppm.obj (.data:channel)
                  00002716    00000010     inv_mpu_dmp_motion_driver.obj (.data:dmp)
                  00002726    0000000c     imu.obj (.data:gyro_idle)
                  00002732    00000009     inv_mpu.obj (.data:gyro_orientation)
                  0000273b    00000001     --HOLE--
                  0000273c    00000004     rts430x_lc_rd_eabi.lib : exit_gvars.c.obj (.data:__TI_cleanup_ptr)
                  00002740    00000004                            : exit_gvars.c.obj (.data:__TI_dtors_ptr)
                  00002744    00000004                            : _lock.c.obj (.data:_lock)
                  00002748    00000004                            : _lock.c.obj (.data:_unlock)
                  0000274c    00000004     ppm.obj (.data)
                  00002750    00000002     motor.obj (.data)
                  00002752    00000002     rts430x_lc_rd_eabi.lib : defs.c.obj (.data)
                  00002754    00000002                            : errno.c.obj (.data)
                  00002756    00000002                            : exit.c.obj (.data)
                  00002758    00000002                            : memory.c.obj (.data)

.bss       0    0000275a    000001f6     UNINITIALIZED
                  0000275a    000000a0     (.common:__TI_tmpnams)
                  000027fa    0000003c     (.common:pid_p_rate_acro)
                  00002836    0000003c     (.common:pid_r_rate_acro)
                  00002872    0000003c     (.common:pid_y_rate_acro)
                  000028ae    00000014     (.common:rc)
                  000028c2    0000000c     (.common:IMU)
                  000028ce    0000000c     (.common:IMU_last)
                  000028da    0000000c     (.common:acc)
                  000028e6    0000000c     (.common:acc_last)
                  000028f2    0000000c     (.common:acc_raw)
                  000028fe    0000000c     (.common:gyro)
                  0000290a    0000000c     (.common:gyro_last)
                  00002916    0000000c     (.common:gyro_raw)
                  00002922    0000000c     (.common:imu_dmp)
                  0000292e    0000000c     (.common:target_rate_acro)
                  0000293a    0000000a     rts430x_lc_rd_eabi.lib : memory.c.obj (.bss)
                  00002944    00000008     (.common:parmbuf)
                  0000294c    00000002     (.common:_preval)
                  0000294e    00000002     (.common:_val)

.cio       0    00002950    00000120     UNINITIALIZED
                  00002950    00000120     rts430x_lc_rd_eabi.lib : trgmsg.c.obj (.cio)

.sysmem    0    00002a70    000000a0     UNINITIALIZED
                  00002a70    00000006     rts430x_lc_rd_eabi.lib : memory.c.obj (.sysmem)
                  00002a76    0000009a     --HOLE--

.stack     0    00004360    000000a0     UNINITIALIZED
                  00004360    00000004     rts430x_lc_rd_eabi.lib : boot.c.obj (.stack)
                  00004364    0000009c     --HOLE--

.text:_isr 
*          0    00004400    00000150     
                  00004400    00000086     ppm.obj (.text:_isr:TIMER1_A1_ISR)
                  00004486    00000068     main.obj (.text:_isr:Timer2_A0_IRQHandler)
                  000044ee    0000003e     msp430_clock.obj (.text:_isr:TIMERB0_ISR)
                  0000452c    0000001c     rts430x_lc_rd_eabi.lib : boot.c.obj (.text:_isr:_c_int00_noargs)
                  00004548    00000008                            : isr_trap.asm.obj (.text:_isr:__TI_ISR_TRAP)

.cinit     0    00005562    000000c8     
                  00005562    000000a5     (.cinit..data.load) [load image, compression = lzss]
                  00005607    00000001     --HOLE-- [fill = 0]
                  00005608    0000000c     (__TI_handler_table)
                  00005614    00000006     (.cinit..bss.load) [load image, compression = zero_init]
                  0000561a    00000010     (__TI_cinit_table)

.binit     0    00004400    00000000     

.init_array 
*          0    00004400    00000000     UNINITIALIZED

.const     0    00004550    00001011     
                  00004550    00000bf6     inv_mpu_dmp_motion_driver.obj (.const:.string:dmp_memory)
                  00005146    00000101     rts430x_lc_rd_eabi.lib : ctype.c.obj (.const:.string:_ctypes_)
                  00005247    00000001     --HOLE-- [fill = 0]
                  00005248    000000c0     MSPMATHLIB_CCS_msp430_5xx_6xx_FRxx_large_code_restricted_data.lib : msp430_tables.o (.const:msp430_sqrt_lookup)
                  00005308    000000a0     inv_mpu.obj (.const:.string)
                  000053a8    00000044     MSPMATHLIB_CCS_msp430_5xx_6xx_FRxx_large_code_restricted_data.lib : msp430_tables.o (.const:msp430_asin_coeffs)
                  000053ec    00000040                                                                       : msp430_tables.o (.const:msp430_recip_lookup)
                  0000542c    00000028                                                                       : msp430_tables.o (.const:msp430_atan_coeffs3)
                  00005454    00000028     inv_mpu.obj (.const:test)
                  0000547c    00000026     rts430x_lc_rd_eabi.lib : _printfi.c.obj (.const:.string)
                  000054a2    00000024     MSPMATHLIB_CCS_msp430_5xx_6xx_FRxx_large_code_restricted_data.lib : msp430_tables.o (.const:msp430_atan_coeffs2)
                  000054c6    0000001b     inv_mpu.obj (.const:reg)
                  000054e1    00000001     --HOLE-- [fill = 0]
                  000054e2    00000018     MSPMATHLIB_CCS_msp430_5xx_6xx_FRxx_large_code_restricted_data.lib : msp430_tables.o (.const:msp430_asin_params)
                  000054fa    00000018                                                                       : msp430_tables.o (.const:msp430_atan_coeffs1)
                  00005512    00000014     control_acro.obj (.const:.string)
                  00005526    0000000c     inv_mpu_dmp_motion_driver.obj (.const:.string:$P$T4$5)
                  00005532    0000000c     inv_mpu.obj (.const:hw)
                  0000553e    00000009     inv_mpu_dmp_motion_driver.obj (.const:.string:$P$T5$6)
                  00005547    00000001     --HOLE-- [fill = 0]
                  00005548    00000009     inv_mpu_dmp_motion_driver.obj (.const:.string:$P$T6$7)
                  00005551    00000001     --HOLE-- [fill = 0]
                  00005552    00000003     inv_mpu_dmp_motion_driver.obj (.const:.string:$P$T0$1)
                  00005555    00000001     --HOLE-- [fill = 0]
                  00005556    00000003     inv_mpu_dmp_motion_driver.obj (.const:.string:$P$T1$2)
                  00005559    00000001     --HOLE-- [fill = 0]
                  0000555a    00000003     inv_mpu_dmp_motion_driver.obj (.const:.string:$P$T2$3)
                  0000555d    00000001     --HOLE-- [fill = 0]
                  0000555e    00000003     inv_mpu_dmp_motion_driver.obj (.const:.string:$P$T3$4)

RTC        0    0000ffd2    00000002     
                  0000ffd2    00000002     rts430x_lc_rd_eabi.lib : int41.asm.obj (.int41)

PORT2      0    0000ffd4    00000002     
                  0000ffd4    00000002     rts430x_lc_rd_eabi.lib : int42.asm.obj (.int42)

TIMER2_A1 
*          0    0000ffd6    00000002     
                  0000ffd6    00000002     rts430x_lc_rd_eabi.lib : int43.asm.obj (.int43)

TIMER2_A0 
*          0    0000ffd8    00000002     
                  0000ffd8    00000002     main.obj (.int44)

USCI_B1    0    0000ffda    00000002     
                  0000ffda    00000002     rts430x_lc_rd_eabi.lib : int45.asm.obj (.int45)

USCI_A1    0    0000ffdc    00000002     
                  0000ffdc    00000002     rts430x_lc_rd_eabi.lib : int46.asm.obj (.int46)

PORT1      0    0000ffde    00000002     
                  0000ffde    00000002     rts430x_lc_rd_eabi.lib : int47.asm.obj (.int47)

TIMER1_A1 
*          0    0000ffe0    00000002     
                  0000ffe0    00000002     ppm.obj (.int48)

TIMER1_A0 
*          0    0000ffe2    00000002     
                  0000ffe2    00000002     rts430x_lc_rd_eabi.lib : int49.asm.obj (.int49)

DMA        0    0000ffe4    00000002     
                  0000ffe4    00000002     rts430x_lc_rd_eabi.lib : int50.asm.obj (.int50)

USB_UBM    0    0000ffe6    00000002     
                  0000ffe6    00000002     rts430x_lc_rd_eabi.lib : int51.asm.obj (.int51)

TIMER0_A1 
*          0    0000ffe8    00000002     
                  0000ffe8    00000002     rts430x_lc_rd_eabi.lib : int52.asm.obj (.int52)

TIMER0_A0 
*          0    0000ffea    00000002     
                  0000ffea    00000002     rts430x_lc_rd_eabi.lib : int53.asm.obj (.int53)

ADC12      0    0000ffec    00000002     
                  0000ffec    00000002     rts430x_lc_rd_eabi.lib : int54.asm.obj (.int54)

USCI_B0    0    0000ffee    00000002     
                  0000ffee    00000002     rts430x_lc_rd_eabi.lib : int55.asm.obj (.int55)

USCI_A0    0    0000fff0    00000002     
                  0000fff0    00000002     rts430x_lc_rd_eabi.lib : int56.asm.obj (.int56)

WDT        0    0000fff2    00000002     
                  0000fff2    00000002     rts430x_lc_rd_eabi.lib : int57.asm.obj (.int57)

TIMER0_B1 
*          0    0000fff4    00000002     
                  0000fff4    00000002     rts430x_lc_rd_eabi.lib : int58.asm.obj (.int58)

TIMER0_B0 
*          0    0000fff6    00000002     
                  0000fff6    00000002     msp430_clock.obj (.int59)

COMP_B     0    0000fff8    00000002     
                  0000fff8    00000002     rts430x_lc_rd_eabi.lib : int60.asm.obj (.int60)

UNMI       0    0000fffa    00000002     
                  0000fffa    00000002     rts430x_lc_rd_eabi.lib : int61.asm.obj (.int61)

SYSNMI     0    0000fffc    00000002     
                  0000fffc    00000002     rts430x_lc_rd_eabi.lib : int62.asm.obj (.int62)

.reset     0    0000fffe    00000002     
                  0000fffe    00000002     rts430x_lc_rd_eabi.lib : boot.c.obj (.reset)

.text      0    00010000    00008d68     
                  00010000    00000598     MSPMATHLIB_CCS_msp430_5xx_6xx_FRxx_large_code_restricted_data.lib : msp430_atan2.o (.text:atan2f)
                  00010598    00000466     rts430x_lc_rd_eabi.lib : frcdivd.c.obj (.text:__TI_frcdivd)
                  000109fe    00000450     inv_mpu.obj (.text:get_st_biases)
                  00010e4e    000003de     MSPMATHLIB_CCS_msp430_5xx_6xx_FRxx_large_code_restricted_data.lib : msp430_acos_asin.o (.text:msp430_acos_asin)
                  0001122c    0000034e     rts430x_lc_rd_eabi.lib : div64u.c.obj (.text:__mspabi_divull)
                  0001157a    000002f0     inv_mpu_dmp_motion_driver.obj (.text:dmp_read_fifo)
                  0001186a    000002e0     rts430x_lc_rd_eabi.lib : addd.c.obj (.text:__mspabi_addd)
                  00011b4a    000002bc     imu.obj (.text:update_IMU_Data)
                  00011e06    000002ba     inv_mpu.obj (.text:mpu_dmp_get_data)
                  000120c0    000002a6     rts430x_lc_rd_eabi.lib : _printfi.c.obj (.text:__TI_printfi)
                  00012366    00000280                            : frcmpyd.c.obj (.text:__TI_frcmpyd)
                  000125e6    0000027a                            : _printfi.c.obj (.text:_setfield)
                  00012860    00000266                            : mpyd.c.obj (.text:__mspabi_mpyd)
                  00012ac6    0000024a     inv_mpu_dmp_motion_driver.obj (.text:dmp_enable_feature)
                  00012d10    00000248     rts430x_lc_rd_eabi.lib : frcaddd.c.obj (.text:__TI_frcaddd)
                  00012f58    00000224                            : _printfi.c.obj (.text:acvt)
                  0001317c    00000222                            : divd.c.obj (.text:__mspabi_divd)
                  0001339e    0000021c                            : _printfi.c.obj (.text:_pproc_fgea)
                  000135ba    0000020c                            : _printfi.c.obj (.text:_getarg_diouxp)
                  000137c6    000001e6                            : _printfi.c.obj (.text:ecvt)
                  000139ac    000001d6     filter.obj (.text:IIR_I_Filter)
                  00013b82    000001c8     rts430x_lc_rd_eabi.lib : _printfi.c.obj (.text:fcvt)
                  00013d4a    000001a2                            : _printfi.c.obj (.text:_pconv_e)
                  00013eec    00000198     inv_mpu_dmp_motion_driver.obj (.text:dmp_set_accel_bias)
                  00014084    00000192     inv_mpu.obj (.text:mpu_init)
                  00014216    00000170     rts430x_lc_rd_eabi.lib : _printfi.c.obj (.text:_pconv_a)
                  00014386    00000166     control.obj (.text:control_All)
                  000144ec    00000164     inv_mpu_dmp_motion_driver.obj (.text:dmp_set_gyro_bias)
                  00014650    0000015c     inv_mpu_dmp_motion_driver.obj (.text:dmp_set_orientation)
                  000147ac    0000015a     inv_mpu.obj (.text:mpu_reset_fifo)
                  00014906    0000015a     rts430x_lc_rd_eabi.lib : s_scalbn.c.obj (.text:scalbn)
                  00014a60    00000148                            : _printfi.c.obj (.text:_pproc_diouxp)
                  00014ba8    00000142     inv_mpu_dmp_motion_driver.obj (.text:dmp_set_tap_thresh)
                  00014cea    0000013c     rts430x_lc_rd_eabi.lib : div64s.c.obj (.text:__mspabi_divlli)
                  00014e26    00000132                            : fs_add.asm.obj (.text)
                  00014f58    00000128                            : _printfi.c.obj (.text:_ltostr)
                  00015080    0000011c     PID.obj (.text:calcPid)
                  0001519c    00000116     inv_mpu.obj (.text:mpu_run_self_test)
                  000152b2    00000110     control_acro.obj (.text:control_PID_Acro)
                  000153c2    000000fe     inv_mpu.obj (.text:gyro_self_test)
                  000154c0    000000fc     rts430x_lc_rd_eabi.lib : _printfi.c.obj (.text:_pconv_g)
                  000155bc    000000fa                            : _printfi.c.obj (.text:_pproc_fwp)
                  000156b6    000000f0                            : fputs.c.obj (.text:fputs)
                  000157a6    000000ea     inv_mpu.obj (.text:mpu_set_bypass)
                  00015890    000000e4     HAL_UCS.obj (.text:Init_FLL)
                  00015974    000000e4     inv_mpu.obj (.text:run_self_test)
                  00015a58    000000de     rts430x_lc_rd_eabi.lib : setvbuf.c.obj (.text:setvbuf)
                  00015b36    000000d8                            : cmpd.c.obj (.text:__mspabi_cmpd)
                  00015c0e    000000d0     MSPMATHLIB_CCS_msp430_5xx_6xx_FRxx_large_code_restricted_data.lib : msp430_common.o (.text:msp430_calc_recip)
                  00015cde    000000cc     inv_mpu.obj (.text:accel_self_test)
                  00015daa    000000cc     MSPMATHLIB_CCS_msp430_5xx_6xx_FRxx_large_code_restricted_data.lib : msp430_common.o (.text:msp430_calc_sqrt)
                  00015e76    000000c8     rts430x_lc_rd_eabi.lib : _printfi.c.obj (.text:_pproc_wstr)
                  00015f3e    000000c8     inv_mpu.obj (.text:mpu_dmp_init)
                  00016006    000000c6     inv_mpu.obj (.text:get_accel_prod_shift)
                  000160cc    000000c6     inv_mpu.obj (.text:mpu_lp_accel_mode)
                  00016192    000000bc     rts430x_lc_rd_eabi.lib : memory.c.obj (.text:malloc)
                  0001624e    000000bc     inv_mpu.obj (.text:mpu_set_sensors)
                  0001630a    000000b8     rts430x_lc_rd_eabi.lib : fs_mpy.asm.obj (.text)
                  000163c2    000000b2                            : renormd.c.obj (.text:__TI_renormd)
                  00016474    000000b2     msp430_clock.obj (.text:msp430_clock_init)
                  00016526    000000b0     inv_mpu.obj (.text:mpu_read_fifo_stream)
                  000165d6    000000a6     rts430x_lc_rd_eabi.lib : _printfi.c.obj (.text:_pproc_str)
                  0001667c    000000a6                            : s_frexp.c.obj (.text:frexp)
                  00016722    000000a6     inv_mpu.obj (.text:mpu_load_firmware)
                  000167c8    0000009e     rts430x_lc_rd_eabi.lib : fltlid.c.obj (.text:__mspabi_fltlid)
                  00016866    0000009a                            : hostlseek.c.obj (.text:HOSTlseek)
                  00016900    00000090                            : _printfi.c.obj (.text:_ecpy)
                  00016990    00000090                            : _printfi.c.obj (.text:_mcpy)
                  00016a20    00000090                            : fputc.c.obj (.text:fputc)
                  00016ab0    00000090                            : fs_div.asm.obj (.text)
                  00016b40    0000008e                            : memory.c.obj (.text:free)
                  00016bce    0000008e     inv_mpu.obj (.text:mpu_set_sample_rate)
                  00016c5c    0000008c     rts430x_lc_rd_eabi.lib : cvtdf.c.obj (.text:__mspabi_cvtdf)
                  00016ce8    00000086     i2c.obj (.text:MPU_IIC_Send_Byte)
                  00016d6e    00000080     rts430x_lc_rd_eabi.lib : ltoa.c.obj (.text:ltoa)
                  00016dee    0000007e                            : _io_perm.c.obj (.text:__TI_wrt_ok)
                  00016e6c    0000007e                            : fs_tol.asm.obj (.text)
                  00016eea    00000078                            : _printfi.c.obj (.text:_pconv_f)
                  00016f62    00000076                            : copy_decompress_lzss.c.obj (.text:decompress:lzss:__TI_decompress_lzss)
                  00016fd8    00000076     inv_mpu.obj (.text:mpu_set_dmp_state)
                  0001704e    00000074     rts430x_lc_rd_eabi.lib : hostrename.c.obj (.text:HOSTrename)
                  000170c2    00000074                            : fclose.c.obj (.text:__TI_closefile)
                  00017136    00000074     inv_mpu.obj (.text:mpu_set_lpf)
                  000171aa    00000072     inv_mpu.obj (.text:mpu_set_gyro_fsr)
                  0001721c    00000070     rts430x_lc_rd_eabi.lib : hostopen.c.obj (.text:HOSTopen)
                  0001728c    00000070     i2c.obj (.text:MPU_IIC_Wait_Ack)
                  000172fc    0000006c     rts430x_lc_rd_eabi.lib : hostwrite.c.obj (.text:HOSTwrite)
                  00017368    0000006c     inv_mpu_dmp_motion_driver.obj (.text:dmp_set_fifo_rate)
                  000173d4    0000006c     inv_mpu.obj (.text:mpu_set_accel_fsr)
                  00017440    0000006a     rts430x_lc_rd_eabi.lib : hostread.c.obj (.text:HOSTread)
                  000174aa    0000006a                            : fseek.c.obj (.text:fseek)
                  00017514    00000068     i2c.obj (.text:MPU_IIC_Read_Byte)
                  0001757c    00000068     i2c.obj (.text:MPU_IIC_Start)
                  000175e4    00000068     i2c.obj (.text:MPU_IIC_Stop)
                  0001764c    00000068     mpu6050.obj (.text:MPU_Read_Len)
                  000176b4    00000068     inv_mpu.obj (.text:mpu_read_mem)
                  0001771c    00000068     inv_mpu.obj (.text:mpu_write_mem)
                  00017784    00000068     rts430x_lc_rd_eabi.lib : fs_toi.asm.obj (.text)
                  000177ec    00000066     i2c.obj (.text:MPU_IIC_Ack)
                  00017852    00000066     i2c.obj (.text:MPU_IIC_NAck)
                  000178b8    00000066     rts430x_lc_rd_eabi.lib : cvtfd.c.obj (.text:__mspabi_cvtfd)
                  0001791e    00000066                            : fixdli.c.obj (.text:__mspabi_fixdli)
                  00017984    00000064                            : fflush.c.obj (.text:__TI_doflush)
                  000179e8    00000062                            : atoi.c.obj (.text:atoi)
                  00017a4a    00000062     inv_mpu.obj (.text:mpu_configure_fifo)
                  00017aac    00000060     mpu6050.obj (.text:MPU_Get_Accelerometer)
                  00017b0c    00000060     mpu6050.obj (.text:MPU_Get_Gyroscope)
                  00017b6c    0000005c     rts430x_lc_rd_eabi.lib : mult64_f5hw.asm.obj (.text:__mpyll)
                  00017bc8    0000005c     inv_mpu.obj (.text:mpu_set_int_latched)
                  00017c24    0000005a     control_acro.obj (.text:calc_Target_Acro)
                  00017c7e    0000005a     rts430x_lc_rd_eabi.lib : close.c.obj (.text:close)
                  00017cd8    0000005a                            : getdevice.c.obj (.text:getdevice)
                  00017d32    00000058     control_acro.obj (.text:calc_Throttle_Acro)
                  00017d8a    00000058     rts430x_lc_rd_eabi.lib : div32u.asm.obj (.text)
                  00017de2    00000054     PID.obj (.text:DataLimit)
                  00017e36    00000054     rts430x_lc_rd_eabi.lib : autoinit.c.obj (.text:__TI_auto_init_nobinit_nopinit_hold_wdt:__TI_auto_init_nobinit_nopinit_hold_wdt)
                  00017e8a    00000054     inv_mpu.obj (.text:mpu_get_lpf)
                  00017ede    00000054     inv_mpu.obj (.text:set_int_enable)
                  00017f32    00000052     mpu6050.obj (.text:MPU_Write_Len)
                  00017f84    0000004e     rts430x_lc_rd_eabi.lib : hostclose.c.obj (.text:HOSTclose)
                  00017fd2    0000004e                            : _printfi.c.obj (.text:_fcpy)
                  00018020    0000004e     inv_mpu.obj (.text:inv_row_2_scale)
                  0001806e    0000004e     inv_mpu.obj (.text:mpu_get_gyro_sens)
                  000180bc    0000004a     rts430x_lc_rd_eabi.lib : exit.c.obj (.text:exit)
                  00018106    0000004a     msp430_clock.obj (.text:msp430_clock_enable)
                  00018150    0000004a     rts430x_lc_rd_eabi.lib : printf.c.obj (.text:printf)
                  0001819a    0000004a                            : fs_cmp.asm.obj (.text)
                  000181e4    0000004a                            : fs_ltof.asm.obj (.text)
                  0001822e    00000048     filter.obj (.text:LPF_1st)
                  00018276    00000046     rts430x_lc_rd_eabi.lib : hostunlink.c.obj (.text:HOSTunlink)
                  000182bc    00000046     inv_mpu_dmp_motion_driver.obj (.text:dmp_set_shake_reject_thresh)
                  00018302    00000046     inv_mpu.obj (.text:mpu_get_accel_sens)
                  00018348    00000046     rts430x_lc_rd_eabi.lib : fs_tou.asm.obj (.text)
                  0001838e    00000044     inv_mpu_dmp_motion_driver.obj (.text:dmp_enable_6x_lp_quat)
                  000183d2    00000044     inv_mpu_dmp_motion_driver.obj (.text:dmp_enable_lp_quat)
                  00018416    00000042     rts430x_lc_rd_eabi.lib : memory.c.obj (.text:minit)
                  00018458    00000040                            : asr64.c.obj (.text:__mspabi_srall)
                  00018498    00000040     inv_mpu.obj (.text:mpu_get_accel_fsr)
                  000184d8    00000040     rts430x_lc_rd_eabi.lib : div32s.asm.obj (.text)
                  00018518    0000003e                            : asr32.asm.obj (.text:l_asr_const)
                  00018556    0000003e                            : lsl32.asm.obj (.text:l_lsl_const)
                  00018594    0000003e                            : lsr32.asm.obj (.text:l_lsr_const)
                  000185d2    0000003e                            : lseek.c.obj (.text:lseek)
                  00018610    0000003c     main.obj (.text:main)
                  0001864c    0000003c     inv_mpu.obj (.text:mpu_get_gyro_fsr)
                  00018688    0000003c     rts430x_lc_rd_eabi.lib : write.c.obj (.text:write)
                  000186c4    0000003a                            : lsl64.c.obj (.text:__mspabi_sllll)
                  000186fe    0000003a                            : lsr64.c.obj (.text:__mspabi_srlll)
                  00018738    00000038     motor.obj (.text:Motor_set_Values)
                  00018770    00000036     rts430x_lc_rd_eabi.lib : fopen.c.obj (.text:__TI_cleanup)
                  000187a6    00000036                            : trgmsg.c.obj (.text:__TI_writemsg)
                  000187dc    00000036                            : fs_itof.asm.obj (.text)
                  00018812    00000034     HAL_UCS.obj (.text:XT1_Start)
                  00018846    00000034     control.obj (.text:control_Safety)
                  0001887a    00000034     inv_mpu_dmp_motion_driver.obj (.text:dmp_set_tap_axes)
                  000188ae    00000032     HAL_UCS.obj (.text:Init_FLL_Settle)
                  000188e0    00000032     rts430x_lc_rd_eabi.lib : trgmsg.c.obj (.text:__TI_readmsg)
                  00018912    00000032                            : subd.c.obj (.text:__mspabi_subd)
                  00018944    00000032                            : strncpy.c.obj (.text:strncpy)
                  00018976    00000030     HAL_UCS.obj (.text:XT2_Start)
                  000189a6    00000030     inv_mpu_dmp_motion_driver.obj (.text:dmp_enable_gyro_cal)
                  000189d6    00000030     rts430x_lc_rd_eabi.lib : unlink.c.obj (.text:unlink)
                  00018a06    0000002e                            : negd.c.obj (.text:__mspabi_negd)
                  00018a34    0000002e                            : s_copysign.c.obj (.text:copysign)
                  00018a62    0000002e                            : getdevice.c.obj (.text:finddevice)
                  00018a90    0000002c                            : div16s.asm.obj (.text)
                  00018abc    0000002a     inv_mpu_dmp_motion_driver.obj (.text:dmp_set_tap_count)
                  00018ae6    00000028     rts430x_lc_rd_eabi.lib : fixdi.c.obj (.text:__mspabi_fixdi)
                  00018b0e    00000026                            : memcmp.c.obj (.text:memcmp)
                  00018b34    00000024                            : copy_zero_init.c.obj (.text:decompress:ZI:__TI_zero_init_nomemset:__TI_zero_init_nomemset)
                  00018b58    00000024                            : fs_utof.asm.obj (.text)
                  00018b7c    00000024                            : mult32_f5hw.asm.obj (.text)
                  00018ba0    0000001e                            : memccpy.c.obj (.text:memccpy)
                  00018bbe    0000001c                            : strchr.c.obj (.text:strchr)
                  00018bda    0000001c                            : strcmp.c.obj (.text:strcmp)
                  00018bf6    00000018                            : mult16_f5hw.asm.obj (.text)
                  00018c0e    00000016                            : llabs.c.obj (.text:llabs)
                  00018c24    00000016                            : memchr.c.obj (.text:memchr)
                  00018c3a    00000016                            : memset.c.obj (.text:memset)
                  00018c50    00000016                            : div16u.asm.obj (.text)
                  00018c66    00000016                            : wcslen.c.obj (.text:wcslen)
                  00018c7c    00000014     inv_mpu_dmp_motion_driver.obj (.text:dmp_load_motion_driver_firmware)
                  00018c90    00000014     rts430x_lc_rd_eabi.lib : memcpy.c.obj (.text:memcpy)
                  00018ca4    00000012                            : copy_decompress_none.c.obj (.text:decompress:none:__TI_decompress_none)
                  00018cb6    00000012                            : strcpy.c.obj (.text:strcpy)
                  00018cc8    00000012                            : toupper.c.obj (.text:toupper)
                  00018cda    00000010                            : asr32.asm.obj (.text:l_asr)
                  00018cea    00000010                            : lsl32.asm.obj (.text:l_lsl)
                  00018cfa    00000010                            : lsr32.asm.obj (.text:l_lsr)
                  00018d0a    0000000e                            : labs.c.obj (.text:labs)
                  00018d18    0000000e                            : strlen.c.obj (.text:strlen)
                  00018d26    0000000c                            : fltid.c.obj (.text:__mspabi_fltid)
                  00018d32    0000000a                            : abs.c.obj (.text:abs)
                  00018d3c    0000000a                            : lsl16.asm.obj (.text)
                  00018d46    00000006                            : printf.c.obj (.text:_outc)
                  00018d4c    00000006                            : exit.c.obj (.text:abort)
                  00018d52    00000006     MSPMATHLIB_CCS_msp430_5xx_6xx_FRxx_large_code_restricted_data.lib : msp430_acos_asin.o (.text:asinf)
                  00018d58    00000004     rts430x_lc_rd_eabi.lib : printf.c.obj (.text:_outs)
                  00018d5c    00000004                            : pre_init.c.obj (.text:_system_pre_init)
                  00018d60    00000002     i2c.obj (.text:MPU_IIC_Init)
                  00018d62    00000002     rts430x_lc_rd_eabi.lib : _lock.c.obj (.text:_nop)
                  00018d64    00000002                            : startup.c.obj (.text:_system_post_cinit)
                  00018d66    00000002     inv_mpu.obj (.text:mget_ms)

MODULE SUMMARY

       Module                          code    ro data   rw data
       ------                          ----    -------   -------
    .\F5xx_F6xx_Core_Lib\
       HAL_UCS.obj                     378     0         0      
    +--+-------------------------------+-------+---------+---------+
       Total:                          378     0         0      
                                                                
    .\driver\
       inv_mpu.obj                     6390    239       53     
       inv_mpu_dmp_motion_driver.obj   3248    3104      16     
       i2c.obj                         764     0         0      
       mpu6050.obj                     378     0         0      
       ppm.obj                         134     2         24     
       motor.obj                       56      0         2      
    +--+-------------------------------+-------+---------+---------+
       Total:                          10970   3345      95     
                                                                
    .\flight_ctrl\
       control_acro.obj                450     20        192    
       control.obj                     410     0         20     
       PID.obj                         368     0         0      
    +--+-------------------------------+-------+---------+---------+
       Total:                          1228    20        212    
                                                                
    .\modules\
       imu.obj                         700     0         440    
       filter.obj                      542     0         0      
    +--+-------------------------------+-------+---------+---------+
       Total:                          1242    0         440    
                                                                
    .\user\
       msp430_clock.obj                314     2         30     
       main.obj                        164     2         0      
    +--+-------------------------------+-------+---------+---------+
       Total:                          478     4         30     
                                                                
    C:\ti\ccsv8\ccs_base\msp430\lib\5xx_6xx_FRxx\MSPMATHLIB_CCS_msp430_5xx_6xx_FRxx_large_code_restricted_data.lib
       msp430_atan2.o                  1432    0         0      
       msp430_acos_asin.o              996     0         0      
       msp430_tables.o                 0       448       0      
       msp430_common.o                 412     0         0      
    +--+-------------------------------+-------+---------+---------+
       Total:                          2840    448       0      
                                                                
    C:\ti\ccsv8\tools\compiler\ti-cgt-msp430_18.1.2.LTS\lib\rts430x_lc_rd_eabi.lib
       _printfi.c.obj                  6630    38        0      
       frcdivd.c.obj                   1126    0         0      
       div64u.c.obj                    846     0         0      
       addd.c.obj                      736     0         0      
       frcmpyd.c.obj                   640     0         0      
       mpyd.c.obj                      614     0         0      
       frcaddd.c.obj                   584     0         0      
       divd.c.obj                      546     0         0      
       memory.c.obj                    396     0         12     
       trgmsg.c.obj                    104     0         288    
       defs.c.obj                      0       0         362    
       s_scalbn.c.obj                  346     0         0      
       div64s.c.obj                    316     0         0      
       fs_add.asm.obj                  306     0         0      
       ctype.c.obj                     0       257       0      
       fputs.c.obj                     240     0         0      
       write.c.obj                     60      0         180    
       setvbuf.c.obj                   222     0         0      
       cmpd.c.obj                      216     0         0      
       fs_mpy.asm.obj                  184     0         0      
       renormd.c.obj                   178     0         0      
       s_frexp.c.obj                   166     0         0      
       fltlid.c.obj                    158     0         0      
       hostlseek.c.obj                 154     0         0      
       fputc.c.obj                     144     0         0      
       fs_div.asm.obj                  144     0         0      
       cvtdf.c.obj                     140     0         0      
       getdevice.c.obj                 136     0         0      
       ltoa.c.obj                      128     0         0      
       _io_perm.c.obj                  126     0         0      
       fs_tol.asm.obj                  126     0         0      
       hostopen.c.obj                  112     0         8      
       copy_decompress_lzss.c.obj      118     0         0      
       fclose.c.obj                    116     0         0      
       hostrename.c.obj                116     0         0      
       hostwrite.c.obj                 108     0         0      
       fseek.c.obj                     106     0         0      
       hostread.c.obj                  106     0         0      
       fs_toi.asm.obj                  104     0         0      
       cvtfd.c.obj                     102     0         0      
       fixdli.c.obj                    102     0         0      
       fflush.c.obj                    100     0         0      
       atoi.c.obj                      98      0         0      
       mult64_f5hw.asm.obj             92      0         0      
       close.c.obj                     90      0         0      
       div32u.asm.obj                  88      0         0      
       autoinit.c.obj                  84      0         0      
       printf.c.obj                    84      0         0      
       exit.c.obj                      80      0         2      
       asr32.asm.obj                   78      0         0      
       hostclose.c.obj                 78      0         0      
       lsl32.asm.obj                   78      0         0      
       lsr32.asm.obj                   78      0         0      
       fs_cmp.asm.obj                  74      0         0      
       fs_ltof.asm.obj                 74      0         0      
       fs_tou.asm.obj                  70      0         0      
       hostunlink.c.obj                70      0         0      
       asr64.c.obj                     64      0         0      
       div32s.asm.obj                  64      0         0      
       lseek.c.obj                     62      0         0      
       lsl64.c.obj                     58      0         0      
       lsr64.c.obj                     58      0         0      
       fopen.c.obj                     54      0         0      
       fs_itof.asm.obj                 54      0         0      
       strncpy.c.obj                   50      0         0      
       subd.c.obj                      50      0         0      
       unlink.c.obj                    48      0         0      
       negd.c.obj                      46      0         0      
       s_copysign.c.obj                46      0         0      
       div16s.asm.obj                  44      0         0      
       fixdi.c.obj                     40      0         0      
       memcmp.c.obj                    38      0         0      
       copy_zero_init.c.obj            36      0         0      
       fs_utof.asm.obj                 36      0         0      
       mult32_f5hw.asm.obj             36      0         0      
       boot.c.obj                      28      2         0      
       memccpy.c.obj                   30      0         0      
       strchr.c.obj                    28      0         0      
       strcmp.c.obj                    28      0         0      
       mult16_f5hw.asm.obj             24      0         0      
       div16u.asm.obj                  22      0         0      
       llabs.c.obj                     22      0         0      
       memchr.c.obj                    22      0         0      
       memset.c.obj                    22      0         0      
       wcslen.c.obj                    22      0         0      
       memcpy.c.obj                    20      0         0      
       copy_decompress_none.c.obj      18      0         0      
       strcpy.c.obj                    18      0         0      
       toupper.c.obj                   18      0         0      
       labs.c.obj                      14      0         0      
       strlen.c.obj                    14      0         0      
       fltid.c.obj                     12      0         0      
       _lock.c.obj                     2       0         8      
       abs.c.obj                       10      0         0      
       lsl16.asm.obj                   10      0         0      
       exit_gvars.c.obj                0       0         8      
       isr_trap.asm.obj                8       0         0      
       pre_init.c.obj                  4       0         0      
       errno.c.obj                     0       0         2      
       int41.asm.obj                   0       2         0      
       int42.asm.obj                   0       2         0      
       int43.asm.obj                   0       2         0      
       int45.asm.obj                   0       2         0      
       int46.asm.obj                   0       2         0      
       int47.asm.obj                   0       2         0      
       int49.asm.obj                   0       2         0      
       int50.asm.obj                   0       2         0      
       int51.asm.obj                   0       2         0      
       int52.asm.obj                   0       2         0      
       int53.asm.obj                   0       2         0      
       int54.asm.obj                   0       2         0      
       int55.asm.obj                   0       2         0      
       int56.asm.obj                   0       2         0      
       int57.asm.obj                   0       2         0      
       int58.asm.obj                   0       2         0      
       int60.asm.obj                   0       2         0      
       int61.asm.obj                   0       2         0      
       int62.asm.obj                   0       2         0      
       startup.c.obj                   2       0         0      
    +--+-------------------------------+-------+---------+---------+
       Total:                          19400   335       870    
                                                                
       Heap:                           0       0         160    
       Stack:                          0       0         160    
       Linker Generated:               0       199       0      
    +--+-------------------------------+-------+---------+---------+
       Grand Total:                    36536   4351      1967   


LINKER GENERATED COPY TABLES

__TI_cinit_table @ 0000561a records: 2, size/record: 8, table size: 16
	.data: load addr=00005562, load size=000000a5 bytes, run addr=00002400, run size=0000035a bytes, compression=lzss
	.bss: load addr=00005614, load size=00000006 bytes, run addr=0000275a, run size=000001f6 bytes, compression=zero_init


LINKER GENERATED HANDLER TABLE

__TI_handler_table @ 00005608 records: 3, size/record: 4, table size: 12
	index: 0, handler: __TI_zero_init
	index: 1, handler: __TI_decompress_lzss
	index: 2, handler: __TI_decompress_none


GLOBAL SYMBOLS: SORTED ALPHABETICALLY BY Name 

address   name                                   
-------   ----                                   
00000700  ADC12CTL0                              
00000701  ADC12CTL0_H                            
00000700  ADC12CTL0_L                            
00000702  ADC12CTL1                              
00000703  ADC12CTL1_H                            
00000702  ADC12CTL1_L                            
00000704  ADC12CTL2                              
00000705  ADC12CTL2_H                            
00000704  ADC12CTL2_L                            
0000070c  ADC12IE                                
0000070d  ADC12IE_H                              
0000070c  ADC12IE_L                              
0000070a  ADC12IFG                               
0000070b  ADC12IFG_H                             
0000070a  ADC12IFG_L                             
0000070e  ADC12IV                                
0000070f  ADC12IV_H                              
0000070e  ADC12IV_L                              
00000710  ADC12MCTL0                             
00000711  ADC12MCTL1                             
0000071a  ADC12MCTL10                            
0000071b  ADC12MCTL11                            
0000071c  ADC12MCTL12                            
0000071d  ADC12MCTL13                            
0000071e  ADC12MCTL14                            
0000071f  ADC12MCTL15                            
00000712  ADC12MCTL2                             
00000713  ADC12MCTL3                             
00000714  ADC12MCTL4                             
00000715  ADC12MCTL5                             
00000716  ADC12MCTL6                             
00000717  ADC12MCTL7                             
00000718  ADC12MCTL8                             
00000719  ADC12MCTL9                             
00000720  ADC12MEM0                              
00000721  ADC12MEM0_H                            
00000720  ADC12MEM0_L                            
00000722  ADC12MEM1                              
00000734  ADC12MEM10                             
00000735  ADC12MEM10_H                           
00000734  ADC12MEM10_L                           
00000736  ADC12MEM11                             
00000737  ADC12MEM11_H                           
00000736  ADC12MEM11_L                           
00000738  ADC12MEM12                             
00000739  ADC12MEM12_H                           
00000738  ADC12MEM12_L                           
0000073a  ADC12MEM13                             
0000073b  ADC12MEM13_H                           
0000073a  ADC12MEM13_L                           
0000073c  ADC12MEM14                             
0000073d  ADC12MEM14_H                           
0000073c  ADC12MEM14_L                           
0000073e  ADC12MEM15                             
0000073f  ADC12MEM15_H                           
0000073e  ADC12MEM15_L                           
00000723  ADC12MEM1_H                            
00000722  ADC12MEM1_L                            
00000724  ADC12MEM2                              
00000725  ADC12MEM2_H                            
00000724  ADC12MEM2_L                            
00000726  ADC12MEM3                              
00000727  ADC12MEM3_H                            
00000726  ADC12MEM3_L                            
00000728  ADC12MEM4                              
00000729  ADC12MEM4_H                            
00000728  ADC12MEM4_L                            
0000072a  ADC12MEM5                              
0000072b  ADC12MEM5_H                            
0000072a  ADC12MEM5_L                            
0000072c  ADC12MEM6                              
0000072d  ADC12MEM6_H                            
0000072c  ADC12MEM6_L                            
0000072e  ADC12MEM7                              
0000072f  ADC12MEM7_H                            
0000072e  ADC12MEM7_L                            
00000730  ADC12MEM8                              
00000731  ADC12MEM8_H                            
00000730  ADC12MEM8_L                            
00000732  ADC12MEM9                              
00000733  ADC12MEM9_H                            
00000732  ADC12MEM9_L                            
00018d4c  C$$EXIT                                
000187d8  C$$IO$$                                
000008c0  CBCTL0                                 
000008c1  CBCTL0_H                               
000008c0  CBCTL0_L                               
000008c2  CBCTL1                                 
000008c3  CBCTL1_H                               
000008c2  CBCTL1_L                               
000008c4  CBCTL2                                 
000008c5  CBCTL2_H                               
000008c4  CBCTL2_L                               
000008c6  CBCTL3                                 
000008c7  CBCTL3_H                               
000008c6  CBCTL3_L                               
000008cc  CBINT                                  
000008cd  CBINT_H                                
000008cc  CBINT_L                                
000008ce  CBIV                                   
00000150  CRCDI                                  
00000152  CRCDIRB                                
00000153  CRCDIRB_H                              
00000152  CRCDIRB_L                              
00000151  CRCDI_H                                
00000150  CRCDI_L                                
00000154  CRCINIRES                              
00000155  CRCINIRES_H                            
00000154  CRCINIRES_L                            
00000156  CRCRESR                                
00000157  CRCRESR_H                              
00000156  CRCRESR_L                              
00000510  DMA0CTL                                
00000511  DMA0CTL_H                              
00000510  DMA0CTL_L                              
00000516  DMA0DA                                 
00000518  DMA0DAH                                
00000516  DMA0DAL                                
00000512  DMA0SA                                 
00000514  DMA0SAH                                
00000512  DMA0SAL                                
0000051a  DMA0SZ                                 
00000520  DMA1CTL                                
00000521  DMA1CTL_H                              
00000520  DMA1CTL_L                              
00000526  DMA1DA                                 
00000528  DMA1DAH                                
00000526  DMA1DAL                                
00000522  DMA1SA                                 
00000524  DMA1SAH                                
00000522  DMA1SAL                                
0000052a  DMA1SZ                                 
00000530  DMA2CTL                                
00000531  DMA2CTL_H                              
00000530  DMA2CTL_L                              
00000536  DMA2DA                                 
00000538  DMA2DAH                                
00000536  DMA2DAL                                
00000532  DMA2SA                                 
00000534  DMA2SAH                                
00000532  DMA2SAL                                
0000053a  DMA2SZ                                 
00000500  DMACTL0                                
00000501  DMACTL0_H                              
00000500  DMACTL0_L                              
00000502  DMACTL1                                
00000503  DMACTL1_H                              
00000502  DMACTL1_L                              
00000504  DMACTL2                                
00000505  DMACTL2_H                              
00000504  DMACTL2_L                              
00000506  DMACTL3                                
00000507  DMACTL3_H                              
00000506  DMACTL3_L                              
00000508  DMACTL4                                
00000509  DMACTL4_H                              
00000508  DMACTL4_L                              
0000050e  DMAIV                                  
0000050f  DMAIV_H                                
0000050e  DMAIV_L                                
00017de2  DataLimit                              
00000140  FCTL1                                  
00000141  FCTL1_H                                
00000140  FCTL1_L                                
00000144  FCTL3                                  
00000145  FCTL3_H                                
00000144  FCTL3_L                                
00000146  FCTL4                                  
00000147  FCTL4_H                                
00000146  FCTL4_L                                
00017f84  HOSTclose                              
00016866  HOSTlseek                              
0001721c  HOSTopen                               
00017440  HOSTread                               
0001704e  HOSTrename                             
00018276  HOSTunlink                             
000172fc  HOSTwrite                              
000139ac  IIR_I_Filter                           
000028c2  IMU                                    
000028ce  IMU_last                               
00002751  IfUnlock                               
000024c8  InPut_IIR                              
00015890  Init_FLL                               
000188ae  Init_FLL_Settle                        
0001822e  LPF_1st                                
000004c4  MAC                                    
000004da  MAC32H                                 
000004db  MAC32H_H                               
000004da  MAC32H_L                               
000004d8  MAC32L                                 
000004d9  MAC32L_H                               
000004d8  MAC32L_L                               
000004c6  MACS                                   
000004de  MACS32H                                
000004df  MACS32H_H                              
000004de  MACS32H_L                              
000004dc  MACS32L                                
000004dd  MACS32L_H                              
000004dc  MACS32L_L                              
000004c7  MACS_H                                 
000004c6  MACS_L                                 
000004c5  MAC_H                                  
000004c4  MAC_L                                  
00017aac  MPU_Get_Accelerometer                  
00017b0c  MPU_Get_Gyroscope                      
000177ec  MPU_IIC_Ack                            
00018d60  MPU_IIC_Init                           
00017852  MPU_IIC_NAck                           
00017514  MPU_IIC_Read_Byte                      
00016ce8  MPU_IIC_Send_Byte                      
0001757c  MPU_IIC_Start                          
000175e4  MPU_IIC_Stop                           
0001728c  MPU_IIC_Wait_Ack                       
0001764c  MPU_Read_Len                           
00017f32  MPU_Write_Len                          
000004c0  MPY                                    
000004ec  MPY32CTL0                              
000004ed  MPY32CTL0_H                            
000004ec  MPY32CTL0_L                            
000004d2  MPY32H                                 
000004d3  MPY32H_H                               
000004d2  MPY32H_L                               
000004d0  MPY32L                                 
000004d1  MPY32L_H                               
000004d0  MPY32L_L                               
000004c2  MPYS                                   
000004d6  MPYS32H                                
000004d7  MPYS32H_H                              
000004d6  MPYS32H_L                              
000004d4  MPYS32L                                
000004d5  MPYS32L_H                              
000004d4  MPYS32L_L                              
000004c3  MPYS_H                                 
000004c2  MPYS_L                                 
000004c1  MPY_H                                  
000004c0  MPY_L                                  
00018738  Motor_set_Values                       
000004c8  OP2                                    
000004e2  OP2H                                   
000004e3  OP2H_H                                 
000004e2  OP2H_L                                 
000004e0  OP2L                                   
000004e1  OP2L_H                                 
000004e0  OP2L_L                                 
000004c9  OP2_H                                  
000004c8  OP2_L                                  
00002540  OutPut_IIR                             
0000020e  P1IV                                   
0000021e  P2IV                                   
000001e0  P4MAP01                                
000001e1  P4MAP01_H                              
000001e0  P4MAP01_L                              
000001e2  P4MAP23                                
000001e3  P4MAP23_H                              
000001e2  P4MAP23_L                              
000001e4  P4MAP45                                
000001e5  P4MAP45_H                              
000001e4  P4MAP45_L                              
000001e6  P4MAP67                                
000001e7  P4MAP67_H                              
000001e6  P4MAP67_L                              
00000204  PADIR                                  
00000205  PADIR_H                                
00000204  PADIR_L                                
00000208  PADS                                   
00000209  PADS_H                                 
00000208  PADS_L                                 
0000021a  PAIE                                   
00000218  PAIES                                  
00000219  PAIES_H                                
00000218  PAIES_L                                
0000021b  PAIE_H                                 
0000021a  PAIE_L                                 
0000021c  PAIFG                                  
0000021d  PAIFG_H                                
0000021c  PAIFG_L                                
00000200  PAIN                                   
00000201  PAIN_H                                 
00000200  PAIN_L                                 
00000202  PAOUT                                  
00000203  PAOUT_H                                
00000202  PAOUT_L                                
00000206  PAREN                                  
00000207  PAREN_H                                
00000206  PAREN_L                                
0000020a  PASEL                                  
0000020b  PASEL_H                                
0000020a  PASEL_L                                
00000224  PBDIR                                  
00000225  PBDIR_H                                
00000224  PBDIR_L                                
00000228  PBDS                                   
00000229  PBDS_H                                 
00000228  PBDS_L                                 
00000220  PBIN                                   
00000221  PBIN_H                                 
00000220  PBIN_L                                 
00000222  PBOUT                                  
00000223  PBOUT_H                                
00000222  PBOUT_L                                
00000226  PBREN                                  
00000227  PBREN_H                                
00000226  PBREN_L                                
0000022a  PBSEL                                  
0000022b  PBSEL_H                                
0000022a  PBSEL_L                                
00000244  PCDIR                                  
00000245  PCDIR_H                                
00000244  PCDIR_L                                
00000248  PCDS                                   
00000249  PCDS_H                                 
00000248  PCDS_L                                 
00000240  PCIN                                   
00000241  PCIN_H                                 
00000240  PCIN_L                                 
00000242  PCOUT                                  
00000243  PCOUT_H                                
00000242  PCOUT_L                                
00000246  PCREN                                  
00000247  PCREN_H                                
00000246  PCREN_L                                
0000024a  PCSEL                                  
0000024b  PCSEL_H                                
0000024a  PCSEL_L                                
00000264  PDDIR                                  
00000265  PDDIR_H                                
00000264  PDDIR_L                                
00000268  PDDS                                   
00000269  PDDS_H                                 
00000268  PDDS_L                                 
00000260  PDIN                                   
00000261  PDIN_H                                 
00000260  PDIN_L                                 
00000262  PDOUT                                  
00000263  PDOUT_H                                
00000262  PDOUT_L                                
00000266  PDREN                                  
00000267  PDREN_H                                
00000266  PDREN_L                                
0000026a  PDSEL                                  
0000026b  PDSEL_H                                
0000026a  PDSEL_L                                
00000324  PJDIR                                  
00000325  PJDIR_H                                
00000324  PJDIR_L                                
00000328  PJDS                                   
00000329  PJDS_H                                 
00000328  PJDS_L                                 
00000320  PJIN                                   
00000321  PJIN_H                                 
00000320  PJIN_L                                 
00000322  PJOUT                                  
00000323  PJOUT_H                                
00000322  PJOUT_L                                
00000326  PJREN                                  
00000327  PJREN_H                                
00000326  PJREN_L                                
00000130  PM5CTL0                                
00000131  PM5CTL0_H                              
00000130  PM5CTL0_L                              
000001c2  PMAPCTL                                
000001c3  PMAPCTL_H                              
000001c2  PMAPCTL_L                              
000001c0  PMAPKEYID                              
000001c1  PMAPKEYID_H                            
000001c0  PMAPKEYID_L                            
00000120  PMMCTL0                                
00000121  PMMCTL0_H                              
00000120  PMMCTL0_L                              
00000122  PMMCTL1                                
00000123  PMMCTL1_H                              
00000122  PMMCTL1_L                              
0000012c  PMMIFG                                 
0000012d  PMMIFG_H                               
0000012c  PMMIFG_L                               
0000012e  PMMRIE                                 
0000012f  PMMRIE_H                               
0000012e  PMMRIE_L                               
00000158  RCCTL0                                 
00000159  RCCTL0_H                               
00000158  RCCTL0_L                               
000001b0  REFCTL0                                
000001b1  REFCTL0_H                              
000001b0  REFCTL0_L                              
000004e4  RES0                                   
000004e5  RES0_H                                 
000004e4  RES0_L                                 
000004e6  RES1                                   
000004e7  RES1_H                                 
000004e6  RES1_L                                 
000004e8  RES2                                   
000004e9  RES2_H                                 
000004e8  RES2_L                                 
000004ea  RES3                                   
000004eb  RES3_H                                 
000004ea  RES3_L                                 
000004cc  RESHI                                  
000004cd  RESHI_H                                
000004cc  RESHI_L                                
000004ca  RESLO                                  
000004cb  RESLO_H                                
000004ca  RESLO_L                                
000004ba  RTCADOWDAY                             
000004bb  RTCADOWDAY_H                           
000004ba  RTCADOWDAY_L                           
000004b8  RTCAMINHR                              
000004b9  RTCAMINHR_H                            
000004b8  RTCAMINHR_L                            
000004a0  RTCCTL01                               
000004a1  RTCCTL01_H                             
000004a0  RTCCTL01_L                             
000004a2  RTCCTL23                               
000004a3  RTCCTL23_H                             
000004a2  RTCCTL23_L                             
000004b4  RTCDATE                                
000004b5  RTCDATE_H                              
000004b4  RTCDATE_L                              
000004ae  RTCIV                                  
000004ac  RTCPS                                  
000004a8  RTCPS0CTL                              
000004a9  RTCPS0CTL_H                            
000004a8  RTCPS0CTL_L                            
000004aa  RTCPS1CTL                              
000004ab  RTCPS1CTL_H                            
000004aa  RTCPS1CTL_L                            
000004ad  RTCPS_H                                
000004ac  RTCPS_L                                
000004b0  RTCTIM0                                
000004b1  RTCTIM0_H                              
000004b0  RTCTIM0_L                              
000004b2  RTCTIM1                                
000004b3  RTCTIM1_H                              
000004b2  RTCTIM1_L                              
000004b6  RTCYEAR                                
000004b7  RTCYEAR_H                              
000004b6  RTCYEAR_L                              
00000100  SFRIE1                                 
00000101  SFRIE1_H                               
00000100  SFRIE1_L                               
00000102  SFRIFG1                                
00000103  SFRIFG1_H                              
00000102  SFRIFG1_L                              
00000104  SFRRPCR                                
00000105  SFRRPCR_H                              
00000104  SFRRPCR_L                              
000004ce  SUMEXT                                 
000004cf  SUMEXT_H                               
000004ce  SUMEXT_L                               
00000124  SVSMHCTL                               
00000125  SVSMHCTL_H                             
00000124  SVSMHCTL_L                             
00000128  SVSMIO                                 
00000129  SVSMIO_H                               
00000128  SVSMIO_L                               
00000126  SVSMLCTL                               
00000127  SVSMLCTL_H                             
00000126  SVSMLCTL_L                             
00000198  SYSBERRIV                              
00000199  SYSBERRIV_H                            
00000198  SYSBERRIV_L                            
00000182  SYSBSLC                                
00000183  SYSBSLC_H                              
00000182  SYSBSLC_L                              
00000180  SYSCTL                                 
00000181  SYSCTL_H                               
00000180  SYSCTL_L                               
00000186  SYSJMBC                                
00000187  SYSJMBC_H                              
00000186  SYSJMBC_L                              
00000188  SYSJMBI0                               
00000189  SYSJMBI0_H                             
00000188  SYSJMBI0_L                             
0000018a  SYSJMBI1                               
0000018b  SYSJMBI1_H                             
0000018a  SYSJMBI1_L                             
0000018c  SYSJMBO0                               
0000018d  SYSJMBO0_H                             
0000018c  SYSJMBO0_L                             
0000018e  SYSJMBO1                               
0000018f  SYSJMBO1_H                             
0000018e  SYSJMBO1_L                             
0000019e  SYSRSTIV                               
0000019f  SYSRSTIV_H                             
0000019e  SYSRSTIV_L                             
0000019c  SYSSNIV                                
0000019d  SYSSNIV_H                              
0000019c  SYSSNIV_L                              
0000019a  SYSUNIV                                
0000019b  SYSUNIV_H                              
0000019a  SYSUNIV_L                              
00000352  TA0CCR0                                
00000354  TA0CCR1                                
00000356  TA0CCR2                                
00000358  TA0CCR3                                
0000035a  TA0CCR4                                
00000342  TA0CCTL0                               
00000344  TA0CCTL1                               
00000346  TA0CCTL2                               
00000348  TA0CCTL3                               
0000034a  TA0CCTL4                               
00000340  TA0CTL                                 
00000360  TA0EX0                                 
0000036e  TA0IV                                  
00000350  TA0R                                   
00000392  TA1CCR0                                
00000394  TA1CCR1                                
00000396  TA1CCR2                                
00000382  TA1CCTL0                               
00000384  TA1CCTL1                               
00000386  TA1CCTL2                               
00000380  TA1CTL                                 
000003a0  TA1EX0                                 
000003ae  TA1IV                                  
00000390  TA1R                                   
00000412  TA2CCR0                                
00000414  TA2CCR1                                
00000416  TA2CCR2                                
00000402  TA2CCTL0                               
00000404  TA2CCTL1                               
00000406  TA2CCTL2                               
00000400  TA2CTL                                 
00000420  TA2EX0                                 
0000042e  TA2IV                                  
00000410  TA2R                                   
000003d2  TB0CCR0                                
000003d4  TB0CCR1                                
000003d6  TB0CCR2                                
000003d8  TB0CCR3                                
000003da  TB0CCR4                                
000003dc  TB0CCR5                                
000003de  TB0CCR6                                
000003c2  TB0CCTL0                               
000003c4  TB0CCTL1                               
000003c6  TB0CCTL2                               
000003c8  TB0CCTL3                               
000003ca  TB0CCTL4                               
000003cc  TB0CCTL5                               
000003ce  TB0CCTL6                               
000003c0  TB0CTL                                 
000003e0  TB0EX0                                 
000003ee  TB0IV                                  
000003d0  TB0R                                   
00004400  TIMER1_A1_ISR                          
000044ee  TIMERB0_ISR                            
00004486  Timer2_A0_IRQHandler                   
000005d0  UCA0ABCTL                              
000005c6  UCA0BRW                                
000005c7  UCA0BRW_H                              
000005c6  UCA0BRW_L                              
000005c0  UCA0CTLW0                              
000005c1  UCA0CTLW0_H                            
000005c0  UCA0CTLW0_L                            
000005dc  UCA0ICTL                               
000005dd  UCA0ICTL_H                             
000005dc  UCA0ICTL_L                             
000005d2  UCA0IRCTL                              
000005d3  UCA0IRCTL_H                            
000005d2  UCA0IRCTL_L                            
000005de  UCA0IV                                 
000005c8  UCA0MCTL                               
000005cc  UCA0RXBUF                              
000005ca  UCA0STAT                               
000005ce  UCA0TXBUF                              
00000610  UCA1ABCTL                              
00000606  UCA1BRW                                
00000607  UCA1BRW_H                              
00000606  UCA1BRW_L                              
00000600  UCA1CTLW0                              
00000601  UCA1CTLW0_H                            
00000600  UCA1CTLW0_L                            
0000061c  UCA1ICTL                               
0000061d  UCA1ICTL_H                             
0000061c  UCA1ICTL_L                             
00000612  UCA1IRCTL                              
00000613  UCA1IRCTL_H                            
00000612  UCA1IRCTL_L                            
0000061e  UCA1IV                                 
00000608  UCA1MCTL                               
0000060c  UCA1RXBUF                              
0000060a  UCA1STAT                               
0000060e  UCA1TXBUF                              
000005e6  UCB0BRW                                
000005e7  UCB0BRW_H                              
000005e6  UCB0BRW_L                              
000005e0  UCB0CTLW0                              
000005e1  UCB0CTLW0_H                            
000005e0  UCB0CTLW0_L                            
000005f0  UCB0I2COA                              
000005f1  UCB0I2COA_H                            
000005f0  UCB0I2COA_L                            
000005f2  UCB0I2CSA                              
000005f3  UCB0I2CSA_H                            
000005f2  UCB0I2CSA_L                            
000005fc  UCB0ICTL                               
000005fd  UCB0ICTL_H                             
000005fc  UCB0ICTL_L                             
000005fe  UCB0IV                                 
000005ec  UCB0RXBUF                              
000005ea  UCB0STAT                               
000005ee  UCB0TXBUF                              
00000626  UCB1BRW                                
00000627  UCB1BRW_H                              
00000626  UCB1BRW_L                              
00000620  UCB1CTLW0                              
00000621  UCB1CTLW0_H                            
00000620  UCB1CTLW0_L                            
00000630  UCB1I2COA                              
00000631  UCB1I2COA_H                            
00000630  UCB1I2COA_L                            
00000632  UCB1I2CSA                              
00000633  UCB1I2CSA_H                            
00000632  UCB1I2CSA_L                            
0000063c  UCB1ICTL                               
0000063d  UCB1ICTL_H                             
0000063c  UCB1ICTL_L                             
0000063e  UCB1IV                                 
0000062c  UCB1RXBUF                              
0000062a  UCB1STAT                               
0000062e  UCB1TXBUF                              
00000160  UCSCTL0                                
00000161  UCSCTL0_H                              
00000160  UCSCTL0_L                              
00000162  UCSCTL1                                
00000163  UCSCTL1_H                              
00000162  UCSCTL1_L                              
00000164  UCSCTL2                                
00000165  UCSCTL2_H                              
00000164  UCSCTL2_L                              
00000166  UCSCTL3                                
00000167  UCSCTL3_H                              
00000166  UCSCTL3_L                              
00000168  UCSCTL4                                
00000169  UCSCTL4_H                              
00000168  UCSCTL4_L                              
0000016a  UCSCTL5                                
0000016b  UCSCTL5_H                              
0000016a  UCSCTL5_L                              
0000016c  UCSCTL6                                
0000016d  UCSCTL6_H                              
0000016c  UCSCTL6_L                              
0000016e  UCSCTL7                                
0000016f  UCSCTL7_H                              
0000016e  UCSCTL7_L                              
[...]
00002392  USBOEPBCTX_2                           
00002395  USBOEPBBAY_2                           
00002396  USBOEPBCTY_2                           
00002397  USBOEPSIZXY_2                          
00002398  USBOEPCNF_3                            
00002399  USBOEPBBAX_3                           
0000239a  USBOEPBCTX_3                           
0000239d  USBOEPBBAY_3                           
0000239e  USBOEPBCTY_3                           
0000239f  USBOEPSIZXY_3                          
000023a0  USBOEPCNF_4                            
000023a1  USBOEPBBAX_4                           
000023a2  USBOEPBCTX_4                           
000023a5  USBOEPBBAY_4                           
000023a6  USBOEPBCTY_4                           
000023a7  USBOEPSIZXY_4                          
000023a8  USBOEPCNF_5                            
000023a9  USBOEPBBAX_5                           
000023aa  USBOEPBCTX_5                           
000023ad  USBOEPBBAY_5                           
000023ae  USBOEPBCTY_5                           
000023af  USBOEPSIZXY_5                          
000023b0  USBOEPCNF_6                            
000023b1  USBOEPBBAX_6                           
000023b2  USBOEPBCTX_6                           
000023b5  USBOEPBBAY_6                           
000023b6  USBOEPBCTY_6                           
000023b7  USBOEPSIZXY_6                          
000023b8  USBOEPCNF_7                            
000023b9  USBOEPBBAX_7                           
000023ba  USBOEPBCTX_7                           
000023bd  USBOEPBBAY_7                           
000023be  USBOEPBCTY_7                           
000023bf  USBOEPSIZXY_7                          
000023c8  USBIEPCNF_1                            
000023c9  USBIEPBBAX_1                           
000023ca  USBIEPBCTX_1                           
000023cd  USBIEPBBAY_1                           
000023ce  USBIEPBCTY_1                           
000023cf  USBIEPSIZXY_1                          
000023d0  USBIEPCNF_2                            
000023d1  USBIEPBBAX_2                           
000023d2  USBIEPBCTX_2                           
000023d5  USBIEPBBAY_2                           
000023d6  USBIEPBCTY_2                           
000023d7  USBIEPSIZXY_2                          
000023d8  USBIEPCNF_3                            
000023d9  USBIEPBBAX_3                           
000023da  USBIEPBCTX_3                           
000023dd  USBIEPBBAY_3                           
000023de  USBIEPBCTY_3                           
000023df  USBIEPSIZXY_3                          
000023e0  USBIEPCNF_4                            
000023e1  USBIEPBBAX_4                           
000023e2  USBIEPBCTX_4                           
000023e5  USBIEPBBAY_4                           
000023e6  USBIEPBCTY_4                           
000023e7  USBIEPSIZXY_4                          
000023e8  USBIEPCNF_5                            
000023e9  USBIEPBBAX_5                           
000023ea  USBIEPBCTX_5                           
000023ed  USBIEPBBAY_5                           
000023ee  USBIEPBCTY_5                           
000023ef  USBIEPSIZXY_5                          
000023f0  USBIEPCNF_6                            
000023f1  USBIEPBBAX_6                           
000023f2  USBIEPBCTX_6                           
000023f5  USBIEPBBAY_6                           
000023f6  USBIEPBCTY_6                           
000023f7  USBIEPSIZXY_6                          
000023f8  USBIEPCNF_7                            
000023f9  USBIEPBBAX_7                           
000023fa  USBIEPBCTX_7                           
000023fd  USBIEPBBAY_7                           
000023fe  USBIEPBCTY_7                           
000023ff  USBIEPSIZXY_7                          
00002400  _ftable                                
000024c8  InPut_IIR                              
00002540  OutPut_IIR                             
000025b8  _device                                
00002630  _stream                                
00002698  a_IIR                                  
000026c0  b_IIR                                  
00002706  channel                                
00002726  gyro_idle                              
0000273c  __TI_cleanup_ptr                       
00002740  __TI_dtors_ptr                         
00002744  _lock                                  
00002748  _unlock                                
0000274c  is_first_time                          
0000274d  is_find_start                          
00002750  WithoutDream                           
00002751  IfUnlock                               
00002752  __TI_ft_end                            
00002754  errno                                  
00002756  __TI_enable_exit_profile_output        
0000275a  __TI_tmpnams                           
000027fa  pid_p_rate_acro                        
00002836  pid_r_rate_acro                        
00002872  pid_y_rate_acro                        
000028ae  rc                                     
000028c2  IMU                                    
000028ce  IMU_last                               
000028da  acc                                    
000028e6  acc_last                               
000028f2  acc_raw                                
000028fe  gyro                                   
0000290a  gyro_last                              
00002916  gyro_raw                               
00002922  imu_dmp                                
0000292e  target_rate_acro                       
00002944  parmbuf                                
0000294c  _preval                                
0000294e  _val                                   
00002950  _CIOBUF_                               
00002a70  _sys_memory                            
00004360  _stack                                 
00004400  TIMER1_A1_ISR                          
00004400  __STACK_END                            
00004486  Timer2_A0_IRQHandler                   
000044ee  TIMERB0_ISR                            
0000452c  _c_int00_noargs                        
00004548  __TI_ISR_TRAP                          
00005146  _ctypes_                               
00005248  msp430_sqrt_lookup                     
000053a8  msp430_asin_coeffs                     
000053ec  msp430_recip_lookup                    
0000542c  msp430_atan_coeffs3                    
00005454  test                                   
000054a2  msp430_atan_coeffs2                    
000054c6  reg                                    
000054e2  msp430_asin_params                     
000054fa  msp430_atan_coeffs1                    
00005532  hw                                     
00005608  __TI_Handler_Table_Base                
00005614  __TI_Handler_Table_Limit               
0000561a  __TI_CINIT_Base                        
0000562a  __TI_CINIT_Limit                       
0000ffd2  __TI_int41                             
0000ffd4  __TI_int42                             
0000ffd6  __TI_int43                             
0000ffd8  __TI_int44                             
0000ffda  __TI_int45                             
0000ffdc  __TI_int46                             
0000ffde  __TI_int47                             
0000ffe0  __TI_int48                             
0000ffe2  __TI_int49                             
0000ffe4  __TI_int50                             
0000ffe6  __TI_int51                             
0000ffe8  __TI_int52                             
0000ffea  __TI_int53                             
0000ffec  __TI_int54                             
0000ffee  __TI_int55                             
0000fff0  __TI_int56                             
0000fff2  __TI_int57                             
0000fff4  __TI_int58                             
0000fff6  __TI_int59                             
0000fff8  __TI_int60                             
0000fffa  __TI_int61                             
0000fffc  __TI_int62                             
0000fffe  _reset_vector                          
00010000  atan2f                                 
00010598  __TI_frcdivd                           
00010e4e  msp430_acos_asin                       
0001122c  __mspabi_divull                        
0001157a  dmp_read_fifo                          
0001186a  __mspabi_addd                          
00011b4a  update_IMU_Data                        
00011e06  mpu_dmp_get_data                       
000120c0  __TI_printfi                           
00012366  __TI_frcmpyd                           
00012860  __mspabi_mpyd                          
00012ac6  dmp_enable_feature                     
00012d10  __TI_frcaddd                           
0001317c  __mspabi_divd                          
000139ac  IIR_I_Filter                           
00013eec  dmp_set_accel_bias                     
00014084  mpu_init                               
00014386  control_All                            
000144ec  dmp_set_gyro_bias                      
00014650  dmp_set_orientation                    
000147ac  mpu_reset_fifo                         
00014906  ldexp                                  
00014906  ldexpl                                 
00014906  scalbn                                 
00014906  scalbnl                                
00014ba8  dmp_set_tap_thresh                     
00014cea  __mspabi_divlli                        
00014e26  __mspabi_subf                          
00014e2c  __mspabi_addf                          
00015080  calcPid                                
0001519c  mpu_run_self_test                      
000152b2  control_PID_Acro                       
000156b6  fputs                                  
000157a6  mpu_set_bypass                         
00015890  Init_FLL                               
00015974  run_self_test                          
00015a58  setvbuf                                
00015b36  __mspabi_cmpd                          
00015c0e  msp430_calc_recip                      
00015daa  msp430_calc_sqrt                       
00015f3e  mpu_dmp_init                           
000160cc  mpu_lp_accel_mode                      
00016192  malloc                                 
0001624e  mpu_set_sensors                        
0001630a  __mspabi_mpyf                          
000163c2  __TI_renormd                           
00016474  msp430_clock_init                      
00016526  mpu_read_fifo_stream                   
0001667c  frexp                                  
0001667c  frexpl                                 
00016722  mpu_load_firmware                      
000167c8  __mspabi_fltlid                        
00016866  HOSTlseek                              
00016a20  fputc                                  
00016a20  putc                                   
00016ab0  __mspabi_divf                          
00016b40  free                                   
00016bce  mpu_set_sample_rate                    
00016c5c  __mspabi_cvtdf                         
00016ce8  MPU_IIC_Send_Byte                      
00016d6e  ltoa                                   
00016dee  __TI_wrt_ok                            
00016e6c  __mspabi_fixfli                        
00016f62  __TI_decompress_lzss                   
00016fd8  mpu_set_dmp_state                      
0001704e  HOSTrename                             
000170c2  __TI_closefile                         
00017136  mpu_set_lpf                            
000171aa  mpu_set_gyro_fsr                       
0001721c  HOSTopen                               
0001728c  MPU_IIC_Wait_Ack                       
000172fc  HOSTwrite                              
00017368  dmp_set_fifo_rate                      
000173d4  mpu_set_accel_fsr                      
00017440  HOSTread                               
000174aa  fseek                                  
00017514  MPU_IIC_Read_Byte                      
0001757c  MPU_IIC_Start                          
000175e4  MPU_IIC_Stop                           
0001764c  MPU_Read_Len                           
000176b4  mpu_read_mem                           
0001771c  mpu_write_mem                          
00017784  __mspabi_fixfi                         
000177ec  MPU_IIC_Ack                            
00017852  MPU_IIC_NAck                           
000178b8  __mspabi_cvtfd                         
0001791e  __mspabi_fixdli                        
00017984  __TI_doflush                           
000179e8  atoi                                   
00017a4a  mpu_configure_fifo                     
00017aac  MPU_Get_Accelerometer                  
00017b0c  MPU_Get_Gyroscope                      
00017b6c  __mspabi_mpyll_f5hw                    
00017bc8  mpu_set_int_latched                    
00017c24  calc_Target_Acro                       
00017c7e  close                                  
00017cd8  getdevice                              
00017d32  calc_Throttle_Acro                     
00017d8a  __mspabi_divul                         
00017d8a  __mspabi_remul                         
00017de2  DataLimit                              
00017e36  __TI_auto_init_nobinit_nopinit_hold_wdt
00017e8a  mpu_get_lpf                            
00017f32  MPU_Write_Len                          
00017f84  HOSTclose                              
00018020  inv_row_2_scale                        
0001806e  mpu_get_gyro_sens                      
000180bc  exit                                   
00018106  msp430_clock_enable                    
00018150  printf                                 
0001819a  __mspabi_cmpf                          
000181e4  __mspabi_fltlif                        
0001822e  LPF_1st                                
00018276  HOSTunlink                             
000182bc  dmp_set_shake_reject_thresh            
00018302  mpu_get_accel_sens                     
00018348  __mspabi_fixfu                         
0001838e  dmp_enable_6x_lp_quat                  
000183d2  dmp_enable_lp_quat                     
00018416  minit                                  
00018458  __mspabi_srall                         
00018498  mpu_get_accel_fsr                      
000184d8  __mspabi_divli                         
000184d8  __mspabi_remli                         
00018518  __mspabi_sral_15                       
0001851c  __mspabi_sral_14                       
00018520  __mspabi_sral_13                       
00018524  __mspabi_sral_12                       
00018528  __mspabi_sral_11                       
0001852c  __mspabi_sral_10                       
00018530  __mspabi_sral_9                        
00018534  __mspabi_sral_8                        
00018538  __mspabi_sral_7                        
0001853c  __mspabi_sral_6                        
00018540  __mspabi_sral_5                        
00018544  __mspabi_sral_4                        
00018548  __mspabi_sral_3                        
0001854c  __mspabi_sral_2                        
00018550  __mspabi_sral_1                        
00018556  __mspabi_slll_15                       
0001855a  __mspabi_slll_14                       
0001855e  __mspabi_slll_13                       
00018562  __mspabi_slll_12                       
00018566  __mspabi_slll_11                       
0001856a  __mspabi_slll_10                       
0001856e  __mspabi_slll_9                        
00018572  __mspabi_slll_8                        
00018576  __mspabi_slll_7                        
0001857a  __mspabi_slll_6                        
0001857e  __mspabi_slll_5                        
00018582  __mspabi_slll_4                        
00018586  __mspabi_slll_3                        
0001858a  __mspabi_slll_2                        
0001858e  __mspabi_slll_1                        
00018594  __mspabi_srll_15                       
00018598  __mspabi_srll_14                       
0001859c  __mspabi_srll_13                       
000185a0  __mspabi_srll_12                       
000185a4  __mspabi_srll_11                       
000185a8  __mspabi_srll_10                       
000185ac  __mspabi_srll_9                        
000185b0  __mspabi_srll_8                        
000185b4  __mspabi_srll_7                        
000185b8  __mspabi_srll_6                        
000185bc  __mspabi_srll_5                        
000185c0  __mspabi_srll_4                        
000185c4  __mspabi_srll_3                        
000185c8  __mspabi_srll_2                        
000185cc  __mspabi_srll_1                        
000185d2  lseek                                  
00018610  main                                   
0001864c  mpu_get_gyro_fsr                       
00018688  write                                  
000186c4  __mspabi_sllll                         
000186fe  __mspabi_srlll                         
00018738  Motor_set_Values                       
00018770  __TI_cleanup                           
000187a6  __TI_writemsg                          
000187d8  C$$IO$$                                
000187dc  __mspabi_fltif                         
00018812  XT1_Start                              
00018846  control_Safety                         
0001887a  dmp_set_tap_axes                       
000188ae  Init_FLL_Settle                        
000188e0  __TI_readmsg                           
00018912  __mspabi_subd                          
00018944  strncpy                                
00018976  XT2_Start                              
000189a6  dmp_enable_gyro_cal                    
000189d6  remove                                 
000189d6  unlink                                 
00018a06  __mspabi_negd                          
00018a34  copysign                               
00018a34  copysignl                              
00018a62  finddevice                             
00018a90  __mspabi_divi                          
00018a90  __mspabi_remi                          
00018abc  dmp_set_tap_count                      
00018ae6  __mspabi_fixdi                         
00018b0e  memcmp                                 
00018b34  __TI_zero_init_nomemset                
00018b58  __mspabi_fltuf                         
00018b7c  __mspabi_mpyl_f5hw                     
00018ba0  memccpy                                
00018bbe  strchr                                 
00018bda  strcmp                                 
00018bf6  __mspabi_mpyi_f5hw                     
00018c0e  llabs                                  
00018c24  memchr                                 
00018c3a  memset                                 
00018c50  __mspabi_divu                          
00018c50  __mspabi_remu                          
00018c66  wcslen                                 
00018c7c  dmp_load_motion_driver_firmware        
00018c90  memcpy                                 
00018ca4  __TI_decompress_none                   
00018cb6  strcpy                                 
00018cc8  toupper                                
00018cda  __mspabi_sral                          
00018cea  __mspabi_slll                          
00018cfa  __mspabi_srll                          
00018d0a  labs                                   
00018d18  strlen                                 
00018d26  __mspabi_fltid                         
00018d32  abs                                    
00018d3c  __mspabi_slli                          
00018d4c  C$$EXIT                                
00018d4c  abort                                  
00018d52  asinf                                  
00018d5c  _system_pre_init                       
00018d60  MPU_IIC_Init                           
00018d62  _nop                                   
00018d64  _system_post_cinit                     
00018d66  mget_ms                                
ffffffff  __TI_pprof_out_hndl                    
ffffffff  __TI_prof_data_size                    
ffffffff  __TI_prof_data_start                   
ffffffff  __c_args__                             

[1073 symbols]
