******************************************************************************
                  MSP430 Linker PC v18.1.2                     
******************************************************************************
>> Linked Sun Jul 22 11:11:42 2018

OUTPUT FILE NAME:   <FlightController_RabbitLab.out>
ENTRY POINT SYMBOL: "_c_int00_noargs"  address: 0000457a


MEMORY CONFIGURATION

         name            origin    length      used     unused   attr    fill
----------------------  --------  ---------  --------  --------  ----  --------
  SFR                   00000000   00000010  00000000  00000010  RWIX
  PERIPHERALS_8BIT      00000010   000000f0  00000000  000000f0  RWIX
  PERIPHERALS_16BIT     00000100   00000100  00000000  00000100  RWIX
  INFOD                 00001800   00000080  00000000  00000080  RWIX
  INFOC                 00001880   00000080  00000000  00000080  RWIX
  INFOB                 00001900   00000080  00000000  00000080  RWIX
  INFOA                 00001980   00000080  00000000  00000080  RWIX
  USBRAM                00001c00   00000800  00000000  00000800  RWIX
  RAM                   00002400   00002000  000009a9  00001657  RWIX
  FLASH                 00004400   0000bb80  000013fd  0000a783  RWIX
  INT00                 0000ff80   00000002  00000000  00000002  RWIX
  INT01                 0000ff82   00000002  00000000  00000002  RWIX
  INT02                 0000ff84   00000002  00000000  00000002  RWIX
  INT03                 0000ff86   00000002  00000000  00000002  RWIX
  INT04                 0000ff88   00000002  00000000  00000002  RWIX
  INT05                 0000ff8a   00000002  00000000  00000002  RWIX
  INT06                 0000ff8c   00000002  00000000  00000002  RWIX
  INT07                 0000ff8e   00000002  00000000  00000002  RWIX
  INT08                 0000ff90   00000002  00000000  00000002  RWIX
  INT09                 0000ff92   00000002  00000000  00000002  RWIX
  INT10                 0000ff94   00000002  00000000  00000002  RWIX
  INT11                 0000ff96   00000002  00000000  00000002  RWIX
  INT12                 0000ff98   00000002  00000000  00000002  RWIX
  INT13                 0000ff9a   00000002  00000000  00000002  RWIX
  INT14                 0000ff9c   00000002  00000000  00000002  RWIX
  INT15                 0000ff9e   00000002  00000000  00000002  RWIX
  INT16                 0000ffa0   00000002  00000000  00000002  RWIX
  INT17                 0000ffa2   00000002  00000000  00000002  RWIX
  INT18                 0000ffa4   00000002  00000000  00000002  RWIX
  INT19                 0000ffa6   00000002  00000000  00000002  RWIX
  INT20                 0000ffa8   00000002  00000000  00000002  RWIX
  INT21                 0000ffaa   00000002  00000000  00000002  RWIX
  INT22                 0000ffac   00000002  00000000  00000002  RWIX
  INT23                 0000ffae   00000002  00000000  00000002  RWIX
  INT24                 0000ffb0   00000002  00000000  00000002  RWIX
  INT25                 0000ffb2   00000002  00000000  00000002  RWIX
  INT26                 0000ffb4   00000002  00000000  00000002  RWIX
  INT27                 0000ffb6   00000002  00000000  00000002  RWIX
  INT28                 0000ffb8   00000002  00000000  00000002  RWIX
  INT29                 0000ffba   00000002  00000000  00000002  RWIX
  INT30                 0000ffbc   00000002  00000000  00000002  RWIX
  INT31                 0000ffbe   00000002  00000000  00000002  RWIX
  INT32                 0000ffc0   00000002  00000000  00000002  RWIX
  INT33                 0000ffc2   00000002  00000000  00000002  RWIX
  INT34                 0000ffc4   00000002  00000000  00000002  RWIX
  INT35                 0000ffc6   00000002  00000000  00000002  RWIX
  INT36                 0000ffc8   00000002  00000000  00000002  RWIX
  INT37                 0000ffca   00000002  00000000  00000002  RWIX
  INT38                 0000ffcc   00000002  00000000  00000002  RWIX
  INT39                 0000ffce   00000002  00000000  00000002  RWIX
  INT40                 0000ffd0   00000002  00000000  00000002  RWIX
  INT41                 0000ffd2   00000002  00000002  00000000  RWIX
  INT42                 0000ffd4   00000002  00000002  00000000  RWIX
  INT43                 0000ffd6   00000002  00000002  00000000  RWIX
  INT44                 0000ffd8   00000002  00000002  00000000  RWIX
  INT45                 0000ffda   00000002  00000002  00000000  RWIX
  INT46                 0000ffdc   00000002  00000002  00000000  RWIX
  INT47                 0000ffde   00000002  00000002  00000000  RWIX
  INT48                 0000ffe0   00000002  00000002  00000000  RWIX
  INT49                 0000ffe2   00000002  00000002  00000000  RWIX
  INT50                 0000ffe4   00000002  00000002  00000000  RWIX
  INT51                 0000ffe6   00000002  00000002  00000000  RWIX
  INT52                 0000ffe8   00000002  00000002  00000000  RWIX
  INT53                 0000ffea   00000002  00000002  00000000  RWIX
  INT54                 0000ffec   00000002  00000002  00000000  RWIX
  INT55                 0000ffee   00000002  00000002  00000000  RWIX
  INT56                 0000fff0   00000002  00000002  00000000  RWIX
  INT57                 0000fff2   00000002  00000002  00000000  RWIX
  INT58                 0000fff4   00000002  00000002  00000000  RWIX
  INT59                 0000fff6   00000002  00000002  00000000  RWIX
  INT60                 0000fff8   00000002  00000002  00000000  RWIX
  INT61                 0000fffa   00000002  00000002  00000000  RWIX
  INT62                 0000fffc   00000002  00000002  00000000  RWIX
  RESET                 0000fffe   00000002  00000002  00000000  RWIX
  FLASH2                00010000   00014400  0000c222  000081de  RWIX


SECTION ALLOCATION MAP

 output                                  attributes/
section   page    origin      length       input sections
--------  ----  ----------  ----------   ----------------
.data      0    00002400    000003de     UNINITIALIZED
                  00002400    000000c8     rts430x_lc_rd_eabi.lib : defs.c.obj (.data:_ftable)
                  000024c8    00000078     imu.obj (.data:InPut_IIR)
                  00002540    00000078     imu.obj (.data:OutPut_IIR)
                  000025b8    00000078     rts430x_lc_rd_eabi.lib : write.c.obj (.data:_device)
                  00002630    0000003c                            : write.c.obj (.data:_stream)
                  0000266c    0000002c     inv_mpu.obj (.data:st)
                  00002698    00000028     imu.obj (.data:a_IIR)
                  000026c0    00000028     imu.obj (.data:b_IIR)
                  000026e8    0000001e     msp430_clock.obj (.data:clock)
                  00002706    00000010     ppm.obj (.data:channel)
                  00002716    00000010     inv_mpu_dmp_motion_driver.obj (.data:dmp)
                  00002726    0000000c     imu.obj (.data:gyro_idle)
                  00002732    0000000c     AttitudePID.obj (.data:pidAngleConfig)
                  0000273e    0000000c     AttitudePID.obj (.data:pidHeightConfig)
                  0000274a    0000000c     AttitudePID.obj (.data:pidPitchAngleConfig)
                  00002756    0000000c     AttitudePID.obj (.data:pidPitchAngularRateConfig)
                  00002762    0000000c     AttitudePID.obj (.data:pidPosConfig)
                  0000276e    0000000c     AttitudePID.obj (.data:pidRollAngleConfig)
                  0000277a    0000000c     AttitudePID.obj (.data:pidRollAngularRateConfig)
                  00002786    0000000c     AttitudePID.obj (.data:pidYawAngleConfig)
                  00002792    0000000c     AttitudePID.obj (.data:pidYawAngularRateConfig)
                  0000279e    0000000c     ultrasonic.obj (.data)
                  000027aa    00000009     inv_mpu.obj (.data:gyro_orientation)
                  000027b3    00000001     --HOLE--
                  000027b4    00000006     ppm.obj (.data)
                  000027ba    00000005     control.obj (.data)
                  000027bf    00000001     --HOLE--
                  000027c0    00000004     rts430x_lc_rd_eabi.lib : exit_gvars.c.obj (.data:__TI_cleanup_ptr)
                  000027c4    00000004                            : exit_gvars.c.obj (.data:__TI_dtors_ptr)
                  000027c8    00000004                            : _lock.c.obj (.data:_lock)
                  000027cc    00000004                            : _lock.c.obj (.data:_unlock)
                  000027d0    00000004     main.obj (.data)
                  000027d4    00000002     motor.obj (.data)
                  000027d6    00000002     rts430x_lc_rd_eabi.lib : defs.c.obj (.data)
                  000027d8    00000002                            : errno.c.obj (.data)
                  000027da    00000002                            : exit.c.obj (.data)
                  000027dc    00000002                            : memory.c.obj (.data)

.bss       0    000027de    0000036b     UNINITIALIZED
                  000027de    000000a0     (.common:__TI_tmpnams)
                  0000287e    0000003c     (.common:pidAngle)
                  000028ba    0000003c     (.common:pidHeight)
                  000028f6    0000003c     (.common:pidPitchAngle)
                  00002932    0000003c     (.common:pidPitchAngularRate)
                  0000296e    0000003c     (.common:pidRollAngle)
                  000029aa    0000003c     (.common:pidRollAngularRate)
                  000029e6    0000003c     (.common:pidYawAngle)
                  00002a22    0000003c     (.common:pidYawAngularRate)
                  00002a5e    0000003c     (.common:piddistance)
                  00002a9a    0000000c     ultrasonic.obj (.bss:dsts$1)
                  00002aa6    0000000c     (.common:IMU)
                  00002ab2    0000000c     (.common:IMU_last)
                  00002abe    0000000c     (.common:acc)
                  00002aca    0000000c     (.common:acc_last)
                  00002ad6    0000000c     (.common:acc_raw)
                  00002ae2    0000000c     (.common:gyro)
                  00002aee    0000000c     (.common:gyro_last)
                  00002afa    0000000c     (.common:gyro_raw)
                  00002b06    0000000c     (.common:imu_dmp)
                  00002b12    0000000c     (.common:rc)
                  00002b1e    0000000a     rts430x_lc_rd_eabi.lib : memory.c.obj (.bss)
                  00002b28    00000008     (.common:parmbuf)
                  00002b30    00000004     (.common:Height_PID)
                  00002b34    00000004     (.common:Pitch_PID)
                  00002b38    00000004     (.common:Roll_PID)
                  00002b3c    00000004     (.common:Yaw_PID)
                  00002b40    00000004     (.common:dst_f)
                  00002b44    00000002     (.common:_preval)
                  00002b46    00000002     (.common:_val)
                  00002b48    00000001     ppm.obj (.bss)

.cio       0    00002b4a    00000120     UNINITIALIZED
                  00002b4a    00000120     rts430x_lc_rd_eabi.lib : trgmsg.c.obj (.cio)

.sysmem    0    00002c6c    000000a0     UNINITIALIZED
                  00002c6c    00000006     rts430x_lc_rd_eabi.lib : memory.c.obj (.sysmem)
                  00002c72    0000009a     --HOLE--

.stack     0    00004360    000000a0     UNINITIALIZED
                  00004360    00000004     rts430x_lc_rd_eabi.lib : boot.c.obj (.stack)
                  00004364    0000009c     --HOLE--

.text:_isr 
*          0    00004400    0000019e     
                  00004400    000000d0     ppm.obj (.text:_isr:TIMER1_A1_ISR)
                  000044d0    00000042     ultrasonic.obj (.text:_isr:TIMER2_A1_ISR)
                  00004512    00000042     msp430_clock.obj (.text:_isr:TIMERB0_ISR)
                  00004554    00000026     usart.obj (.text:_isr:USCI_A1_ISR)
                  0000457a    0000001c     rts430x_lc_rd_eabi.lib : boot.c.obj (.text:_isr:_c_int00_noargs)
                  00004596    00000008                            : isr_trap.asm.obj (.text:_isr:__TI_ISR_TRAP)

.cinit     0    000056fc    00000102     
                  000056fc    000000e0     (.cinit..data.load) [load image, compression = lzss]
                  000057dc    0000000c     (__TI_handler_table)
                  000057e8    00000006     (.cinit..bss.load) [load image, compression = zero_init]
                  000057ee    00000010     (__TI_cinit_table)

.binit     0    00004400    00000000     

.init_array 
*          0    00004400    00000000     UNINITIALIZED

.const     0    0000459e    0000115d     
                  0000459e    00000bf6     inv_mpu_dmp_motion_driver.obj (.const:.string:dmp_memory)
                  00005194    00000108     rts430x_lc_rd_eabi.lib : k_rem_pio2.c.obj (.const:ipio2)
                  0000529c    00000101                            : ctype.c.obj (.const:.string:_ctypes_)
                  0000539d    00000001     --HOLE-- [fill = 0]
                  0000539e    000000c0     MSPMATHLIB_CCS_msp430_5xx_6xx_FRxx_large_code_restricted_data.lib : msp430_tables.o (.const:msp430_sqrt_lookup)
                  0000545e    000000a0     inv_mpu.obj (.const:.string)
                  000054fe    00000044     MSPMATHLIB_CCS_msp430_5xx_6xx_FRxx_large_code_restricted_data.lib : msp430_tables.o (.const:msp430_asin_coeffs)
                  00005542    00000040     rts430x_lc_rd_eabi.lib : k_rem_pio2.c.obj (.const:PIo2)
                  00005582    00000040     MSPMATHLIB_CCS_msp430_5xx_6xx_FRxx_large_code_restricted_data.lib : msp430_tables.o (.const:msp430_recip_lookup)
                  000055c2    00000028                                                                       : msp430_tables.o (.const:msp430_atan_coeffs3)
                  000055ea    00000028     inv_mpu.obj (.const:test)
                  00005612    00000026     rts430x_lc_rd_eabi.lib : _printfi.c.obj (.const:.string)
                  00005638    00000024     MSPMATHLIB_CCS_msp430_5xx_6xx_FRxx_large_code_restricted_data.lib : msp430_tables.o (.const:msp430_atan_coeffs2)
                  0000565c    0000001b     inv_mpu.obj (.const:reg)
                  00005677    00000001     --HOLE-- [fill = 0]
                  00005678    00000018     MSPMATHLIB_CCS_msp430_5xx_6xx_FRxx_large_code_restricted_data.lib : msp430_tables.o (.const:msp430_asin_params)
                  00005690    00000018                                                                       : msp430_tables.o (.const:msp430_atan_coeffs1)
                  000056a8    00000010     imu.obj (.const)
                  000056b8    0000000c     inv_mpu_dmp_motion_driver.obj (.const:.string:$P$T4$5)
                  000056c4    0000000c     inv_mpu.obj (.const:hw)
                  000056d0    00000009     inv_mpu_dmp_motion_driver.obj (.const:.string:$P$T5$6)
                  000056d9    00000001     --HOLE-- [fill = 0]
                  000056da    00000009     inv_mpu_dmp_motion_driver.obj (.const:.string:$P$T6$7)
                  000056e3    00000001     --HOLE-- [fill = 0]
                  000056e4    00000008     rts430x_lc_rd_eabi.lib : k_rem_pio2.c.obj (.const:init_jk)
                  000056ec    00000003     inv_mpu_dmp_motion_driver.obj (.const:.string:$P$T0$1)
                  000056ef    00000001     --HOLE-- [fill = 0]
                  000056f0    00000003     inv_mpu_dmp_motion_driver.obj (.const:.string:$P$T1$2)
                  000056f3    00000001     --HOLE-- [fill = 0]
                  000056f4    00000003     inv_mpu_dmp_motion_driver.obj (.const:.string:$P$T2$3)
                  000056f7    00000001     --HOLE-- [fill = 0]
                  000056f8    00000003     inv_mpu_dmp_motion_driver.obj (.const:.string:$P$T3$4)

RTC        0    0000ffd2    00000002     
                  0000ffd2    00000002     rts430x_lc_rd_eabi.lib : int41.asm.obj (.int41)

PORT2      0    0000ffd4    00000002     
                  0000ffd4    00000002     rts430x_lc_rd_eabi.lib : int42.asm.obj (.int42)

TIMER2_A1 
*          0    0000ffd6    00000002     
                  0000ffd6    00000002     ultrasonic.obj (.int43)

TIMER2_A0 
*          0    0000ffd8    00000002     
                  0000ffd8    00000002     rts430x_lc_rd_eabi.lib : int44.asm.obj (.int44)

USCI_B1    0    0000ffda    00000002     
                  0000ffda    00000002     rts430x_lc_rd_eabi.lib : int45.asm.obj (.int45)

USCI_A1    0    0000ffdc    00000002     
                  0000ffdc    00000002     usart.obj (.int46)

PORT1      0    0000ffde    00000002     
                  0000ffde    00000002     rts430x_lc_rd_eabi.lib : int47.asm.obj (.int47)

TIMER1_A1 
*          0    0000ffe0    00000002     
                  0000ffe0    00000002     ppm.obj (.int48)

TIMER1_A0 
*          0    0000ffe2    00000002     
                  0000ffe2    00000002     rts430x_lc_rd_eabi.lib : int49.asm.obj (.int49)

DMA        0    0000ffe4    00000002     
                  0000ffe4    00000002     rts430x_lc_rd_eabi.lib : int50.asm.obj (.int50)

USB_UBM    0    0000ffe6    00000002     
                  0000ffe6    00000002     rts430x_lc_rd_eabi.lib : int51.asm.obj (.int51)

TIMER0_A1 
*          0    0000ffe8    00000002     
                  0000ffe8    00000002     rts430x_lc_rd_eabi.lib : int52.asm.obj (.int52)

TIMER0_A0 
*          0    0000ffea    00000002     
                  0000ffea    00000002     rts430x_lc_rd_eabi.lib : int53.asm.obj (.int53)

ADC12      0    0000ffec    00000002     
                  0000ffec    00000002     rts430x_lc_rd_eabi.lib : int54.asm.obj (.int54)

USCI_B0    0    0000ffee    00000002     
                  0000ffee    00000002     rts430x_lc_rd_eabi.lib : int55.asm.obj (.int55)

USCI_A0    0    0000fff0    00000002     
                  0000fff0    00000002     rts430x_lc_rd_eabi.lib : int56.asm.obj (.int56)

WDT        0    0000fff2    00000002     
                  0000fff2    00000002     rts430x_lc_rd_eabi.lib : int57.asm.obj (.int57)

TIMER0_B1 
*          0    0000fff4    00000002     
                  0000fff4    00000002     rts430x_lc_rd_eabi.lib : int58.asm.obj (.int58)

TIMER0_B0 
*          0    0000fff6    00000002     
                  0000fff6    00000002     msp430_clock.obj (.int59)

COMP_B     0    0000fff8    00000002     
                  0000fff8    00000002     rts430x_lc_rd_eabi.lib : int60.asm.obj (.int60)

UNMI       0    0000fffa    00000002     
                  0000fffa    00000002     rts430x_lc_rd_eabi.lib : int61.asm.obj (.int61)

SYSNMI     0    0000fffc    00000002     
                  0000fffc    00000002     rts430x_lc_rd_eabi.lib : int62.asm.obj (.int62)

.reset     0    0000fffe    00000002     
                  0000fffe    00000002     rts430x_lc_rd_eabi.lib : boot.c.obj (.reset)

.text      0    00010000    0000c222     
                  00010000    00000db6     rts430x_lc_rd_eabi.lib : k_rem_pio2.c.obj (.text:__kernel_rem_pio2)
                  00010db6    000008d2                            : s_cos.c.obj (.text:cos)
                  00011688    0000063c     inv_mpu.obj (.text:get_st_biases)
                  00011cc4    00000598     MSPMATHLIB_CCS_msp430_5xx_6xx_FRxx_large_code_restricted_data.lib : msp430_atan2.o (.text:atan2f)
                  0001225c    00000466     rts430x_lc_rd_eabi.lib : frcdivd.c.obj (.text:__TI_frcdivd)
                  000126c2    000003f2     imu.obj (.text:update_IMU_Data)
                  00012ab4    000003de     MSPMATHLIB_CCS_msp430_5xx_6xx_FRxx_large_code_restricted_data.lib : msp430_acos_asin.o (.text:msp430_acos_asin)
                  00012e92    00000398     inv_mpu_dmp_motion_driver.obj (.text:dmp_read_fifo)
                  0001322a    00000354     inv_mpu.obj (.text:mpu_dmp_get_data)
                  0001357e    0000034e     rts430x_lc_rd_eabi.lib : div64u.c.obj (.text:__mspabi_divull)
                  000138cc    000002e0                            : addd.c.obj (.text:__mspabi_addd)
                  00013bac    000002a8                            : k_sin.c.obj (.text:__kernel_sin)
                  00013e54    000002a6                            : _printfi.c.obj (.text:__TI_printfi)
                  000140fa    00000280                            : frcmpyd.c.obj (.text:__TI_frcmpyd)
                  0001437a    0000027a                            : _printfi.c.obj (.text:_setfield)
                  000145f4    00000266                            : mpyd.c.obj (.text:__mspabi_mpyd)
                  0001485a    00000264                            : k_cos.c.obj (.text:__kernel_cos)
                  00014abe    0000024a     filter.obj (.text:IIR_I_Filter)
                  00014d08    00000248     rts430x_lc_rd_eabi.lib : frcaddd.c.obj (.text:__TI_frcaddd)
                  00014f50    00000242     inv_mpu_dmp_motion_driver.obj (.text:dmp_enable_feature)
                  00015192    00000224     rts430x_lc_rd_eabi.lib : _printfi.c.obj (.text:acvt)
                  000153b6    00000222                            : divd.c.obj (.text:__mspabi_divd)
                  000155d8    0000021c                            : _printfi.c.obj (.text:_pproc_fgea)
                  000157f4    0000020c                            : _printfi.c.obj (.text:_getarg_diouxp)
                  00015a00    000001ea     inv_mpu_dmp_motion_driver.obj (.text:dmp_set_accel_bias)
                  00015bea    000001ea     inv_mpu_dmp_motion_driver.obj (.text:dmp_set_tap_thresh)
                  00015dd4    000001ea     inv_mpu.obj (.text:mpu_init)
                  00015fbe    000001e6     rts430x_lc_rd_eabi.lib : _printfi.c.obj (.text:ecvt)
                  000161a4    000001e4     inv_mpu_dmp_motion_driver.obj (.text:dmp_set_gyro_bias)
                  00016388    000001e2     control.obj (.text:control_All)
                  0001656a    000001de     inv_mpu.obj (.text:mpu_reset_fifo)
                  00016748    000001c8     rts430x_lc_rd_eabi.lib : _printfi.c.obj (.text:fcvt)
                  00016910    000001c4                            : s_floor.c.obj (.text:floor)
                  00016ad4    000001b0     inv_mpu.obj (.text:gyro_self_test)
                  00016c84    000001a2     rts430x_lc_rd_eabi.lib : _printfi.c.obj (.text:_pconv_e)
                  00016e26    000001a0     inv_mpu_dmp_motion_driver.obj (.text:dmp_set_orientation)
                  00016fc6    0000019a     PID.obj (.text:calcPid)
                  00017160    00000170     AttitudePID.obj (.text:InitSelfStability)
                  000172d0    00000170     rts430x_lc_rd_eabi.lib : _printfi.c.obj (.text:_pconv_a)
                  00017440    0000016c     ppm.obj (.text:fresh_rc)
                  000175ac    0000015c     inv_mpu.obj (.text:mpu_run_self_test)
                  00017708    0000015c     inv_mpu.obj (.text:mpu_set_bypass)
                  00017864    0000015a     rts430x_lc_rd_eabi.lib : s_scalbn.c.obj (.text:scalbn)
                  000179be    00000148                            : _printfi.c.obj (.text:_pproc_diouxp)
                  00017b06    00000140     inv_mpu.obj (.text:accel_self_test)
                  00017c46    0000013c     rts430x_lc_rd_eabi.lib : div64s.c.obj (.text:__mspabi_divlli)
                  00017d82    00000134     HAL_UCS.obj (.text:Init_FLL)
                  00017eb6    00000132     rts430x_lc_rd_eabi.lib : fs_add.asm.obj (.text)
                  00017fe8    00000128                            : _printfi.c.obj (.text:_ltostr)
                  00018110    0000011e     inv_mpu.obj (.text:get_accel_prod_shift)
                  0001822e    0000011a     main.obj (.text:main)
                  00018348    00000104     inv_mpu.obj (.text:run_self_test)
                  0001844c    000000fc     rts430x_lc_rd_eabi.lib : _printfi.c.obj (.text:_pconv_g)
                  00018548    000000fa                            : _printfi.c.obj (.text:_pproc_fwp)
                  00018642    000000f2     inv_mpu.obj (.text:mpu_lp_accel_mode)
                  00018734    000000f0     rts430x_lc_rd_eabi.lib : fputs.c.obj (.text:fputs)
                  00018824    000000f0     inv_mpu.obj (.text:mpu_load_firmware)
                  00018914    000000ee     PID.obj (.text:InitPidObject)
                  00018a02    000000ec     inv_mpu.obj (.text:mpu_read_fifo_stream)
                  00018aee    000000e8     inv_mpu.obj (.text:mpu_dmp_init)
                  00018bd6    000000e0     inv_mpu.obj (.text:mpu_set_sensors)
                  00018cb6    000000de     rts430x_lc_rd_eabi.lib : setvbuf.c.obj (.text:setvbuf)
                  00018d94    000000d8                            : cmpd.c.obj (.text:__mspabi_cmpd)
                  00018e6c    000000d0     MSPMATHLIB_CCS_msp430_5xx_6xx_FRxx_large_code_restricted_data.lib : msp430_common.o (.text:msp430_calc_recip)
                  00018f3c    000000cc                                                                       : msp430_common.o (.text:msp430_calc_sqrt)
                  00019008    000000c8     rts430x_lc_rd_eabi.lib : _printfi.c.obj (.text:_pproc_wstr)
                  000190d0    000000c2     msp430_clock.obj (.text:msp430_clock_init)
                  00019192    000000bc     rts430x_lc_rd_eabi.lib : memory.c.obj (.text:malloc)
                  0001924e    000000b8                            : fs_mpy.asm.obj (.text)
                  00019306    000000b6     ultrasonic.obj (.text:get_dst)
                  000193bc    000000b2     rts430x_lc_rd_eabi.lib : renormd.c.obj (.text:__TI_renormd)
                  0001946e    000000aa     inv_mpu.obj (.text:mpu_set_sample_rate)
                  00019518    000000a6     rts430x_lc_rd_eabi.lib : _printfi.c.obj (.text:_pproc_str)
                  000195be    000000a6                            : s_frexp.c.obj (.text:frexp)
                  00019664    0000009e                            : fltlid.c.obj (.text:__mspabi_fltlid)
                  00019702    0000009e     inv_mpu.obj (.text:set_int_enable)
                  000197a0    0000009c     inv_mpu.obj (.text:mpu_set_lpf)
                  0001983c    0000009a     rts430x_lc_rd_eabi.lib : hostlseek.c.obj (.text:HOSTlseek)
                  000198d6    0000009a     control_acro.obj (.text:calc_Throttle_Acro)
                  00019970    00000098     mpu6050.obj (.text:MPU_Read_Len)
                  00019a08    00000090     rts430x_lc_rd_eabi.lib : _printfi.c.obj (.text:_ecpy)
                  00019a98    00000090                            : _printfi.c.obj (.text:_mcpy)
                  00019b28    00000090                            : fputc.c.obj (.text:fputc)
                  00019bb8    00000090     inv_mpu.obj (.text:mpu_read_mem)
                  00019c48    00000090     inv_mpu.obj (.text:mpu_set_gyro_fsr)
                  00019cd8    00000090     inv_mpu.obj (.text:mpu_write_mem)
                  00019d68    00000090     rts430x_lc_rd_eabi.lib : fs_div.asm.obj (.text)
                  00019df8    0000008e                            : memory.c.obj (.text:free)
                  00019e86    0000008e     inv_mpu.obj (.text:mpu_set_dmp_state)
                  00019f14    0000008c     rts430x_lc_rd_eabi.lib : cvtdf.c.obj (.text:__mspabi_cvtdf)
                  00019fa0    00000088     inv_mpu.obj (.text:mpu_set_accel_fsr)
                  0001a028    00000086     AttitudePID.obj (.text:calcPidHeight)
                  0001a0ae    00000082     inv_mpu_dmp_motion_driver.obj (.text:decode_gesture)
                  0001a130    00000082     inv_mpu.obj (.text:mpu_configure_fifo)
                  0001a1b2    00000080     rts430x_lc_rd_eabi.lib : fltuld.c.obj (.text:__mspabi_fltuld)
                  0001a232    00000080                            : ltoa.c.obj (.text:ltoa)
                  0001a2b2    0000007e                            : _io_perm.c.obj (.text:__TI_wrt_ok)
                  0001a330    0000007e                            : fs_tol.asm.obj (.text)
                  0001a3ae    0000007c     mpu6050.obj (.text:MPU_Write_Len)
                  0001a42a    0000007c     inv_mpu_dmp_motion_driver.obj (.text:dmp_set_fifo_rate)
                  0001a4a6    0000007c     inv_mpu.obj (.text:mpu_get_lpf)
                  0001a522    00000078     rts430x_lc_rd_eabi.lib : _printfi.c.obj (.text:_pconv_f)
                  0001a59a    00000078     msp430_clock.obj (.text:msp430_clock_enable)
                  0001a612    00000076     PID.obj (.text:DataLimit)
                  0001a688    00000076     mpu6050.obj (.text:MPU_Get_Accelerometer)
                  0001a6fe    00000076     mpu6050.obj (.text:MPU_Get_Gyroscope)
                  0001a774    00000076     rts430x_lc_rd_eabi.lib : copy_decompress_lzss.c.obj (.text:decompress:lzss:__TI_decompress_lzss)
                  0001a7ea    00000074                            : hostrename.c.obj (.text:HOSTrename)
                  0001a85e    00000074                            : fclose.c.obj (.text:__TI_closefile)
                  0001a8d2    00000070                            : hostopen.c.obj (.text:HOSTopen)
                  0001a942    0000006c                            : hostwrite.c.obj (.text:HOSTwrite)
                  0001a9ae    0000006a                            : hostread.c.obj (.text:HOSTread)
                  0001aa18    0000006a                            : fseek.c.obj (.text:fseek)
                  0001aa82    00000068     motor.obj (.text:Motor_set_Values)
                  0001aaea    00000068     rts430x_lc_rd_eabi.lib : fs_toi.asm.obj (.text)
                  0001ab52    00000066                            : cvtfd.c.obj (.text:__mspabi_cvtfd)
                  0001abb8    00000066                            : fixdli.c.obj (.text:__mspabi_fixdli)
                  0001ac1e    00000066     inv_mpu.obj (.text:inv_row_2_scale)
                  0001ac84    00000064     motor.obj (.text:Motor_Init)
                  0001ace8    00000064     rts430x_lc_rd_eabi.lib : fflush.c.obj (.text:__TI_doflush)
                  0001ad4c    00000064     inv_mpu.obj (.text:mpu_set_int_latched)
                  0001adb0    00000062     i2c.obj (.text:MPU_IIC_Read_Byte)
                  0001ae12    00000062     rts430x_lc_rd_eabi.lib : atoi.c.obj (.text:atoi)
                  0001ae74    00000060     inv_mpu.obj (.text:mpu_get_gyro_sens)
                  0001aed4    0000005e     filter.obj (.text:LPF_1st)
                  0001af32    0000005e     ultrasonic.obj (.text:get_dst_f)
                  0001af90    0000005c     rts430x_lc_rd_eabi.lib : mult64_f5hw.asm.obj (.text:__mpyll)
                  0001afec    0000005c     inv_mpu_dmp_motion_driver.obj (.text:dmp_set_shake_reject_thresh)
                  0001b048    0000005c     inv_mpu.obj (.text:mpu_get_accel_sens)
                  0001b0a4    0000005a     rts430x_lc_rd_eabi.lib : close.c.obj (.text:close)
                  0001b0fe    0000005a                            : getdevice.c.obj (.text:getdevice)
                  0001b158    00000058     inv_mpu_dmp_motion_driver.obj (.text:dmp_enable_gyro_cal)
                  0001b1b0    00000058     rts430x_lc_rd_eabi.lib : div32u.asm.obj (.text)
                  0001b208    00000056     i2c.obj (.text:MPU_IIC_Send_Byte)
                  0001b25e    00000056     inv_mpu.obj (.text:mpu_get_accel_fsr)
                  0001b2b4    00000054     rts430x_lc_rd_eabi.lib : autoinit.c.obj (.text:__TI_auto_init_nobinit_nopinit_hold_wdt:__TI_auto_init_nobinit_nopinit_hold_wdt)
                  0001b308    0000004e                            : hostclose.c.obj (.text:HOSTclose)
                  0001b356    0000004e     HAL_UCS.obj (.text:Init_FLL_Settle)
                  0001b3a4    0000004e     rts430x_lc_rd_eabi.lib : _printfi.c.obj (.text:_fcpy)
                  0001b3f2    0000004e     inv_mpu.obj (.text:mpu_get_gyro_fsr)
                  0001b440    0000004a     inv_mpu_dmp_motion_driver.obj (.text:dmp_enable_6x_lp_quat)
                  0001b48a    0000004a     inv_mpu_dmp_motion_driver.obj (.text:dmp_enable_lp_quat)
                  0001b4d4    0000004a     rts430x_lc_rd_eabi.lib : exit.c.obj (.text:exit)
                  0001b51e    0000004a                            : printf.c.obj (.text:printf)
                  0001b568    0000004a                            : fs_cmp.asm.obj (.text)
                  0001b5b2    0000004a                            : fs_ltof.asm.obj (.text)
                  0001b5fc    00000046                            : hostunlink.c.obj (.text:HOSTunlink)
                  0001b642    00000046                            : fs_tou.asm.obj (.text)
                  0001b688    00000044     i2c.obj (.text:MPU_IIC_Wait_Ack)
                  0001b6cc    00000044     inv_mpu.obj (.text:inv_orientation_matrix_to_scalar)
                  0001b710    00000042     inv_mpu_dmp_motion_driver.obj (.text:dmp_set_tap_axes)
                  0001b752    00000042     usart.obj (.text:memset)
                  0001b794    00000042     rts430x_lc_rd_eabi.lib : memory.c.obj (.text:minit)
                  0001b7d6    00000040                            : asr64.c.obj (.text:__mspabi_srall)
                  0001b816    00000040                            : div32s.asm.obj (.text)
                  0001b856    0000003e                            : asr32.asm.obj (.text:l_asr_const)
                  0001b894    0000003e                            : lsl32.asm.obj (.text:l_lsl_const)
                  0001b8d2    0000003e                            : lsr32.asm.obj (.text:l_lsr_const)
                  0001b910    0000003e                            : lseek.c.obj (.text:lseek)
                  0001b94e    0000003c     HAL_UCS.obj (.text:XT1_Start)
                  0001b98a    0000003c     rts430x_lc_rd_eabi.lib : write.c.obj (.text:write)
                  0001b9c6    0000003a                            : lsl64.c.obj (.text:__mspabi_sllll)
                  0001ba00    0000003a                            : lsr64.c.obj (.text:__mspabi_srlll)
                  0001ba3a    0000003a     inv_mpu_dmp_motion_driver.obj (.text:dmp_set_tap_count)
                  0001ba74    00000038     HAL_UCS.obj (.text:XT2_Start)
                  0001baac    00000036     rts430x_lc_rd_eabi.lib : fopen.c.obj (.text:__TI_cleanup)
                  0001bae2    00000036                            : trgmsg.c.obj (.text:__TI_writemsg)
                  0001bb18    00000036     inv_mpu_dmp_motion_driver.obj (.text:dmp_set_tap_time)
                  0001bb4e    00000036     inv_mpu_dmp_motion_driver.obj (.text:dmp_set_tap_time_multi)
                  0001bb84    00000036     rts430x_lc_rd_eabi.lib : fs_itof.asm.obj (.text)
                  0001bbba    00000032                            : trgmsg.c.obj (.text:__TI_readmsg)
                  0001bbec    00000032                            : subd.c.obj (.text:__mspabi_subd)
                  0001bc1e    00000032     control.obj (.text:control_Safety)
                  0001bc50    00000032     inv_mpu_dmp_motion_driver.obj (.text:dmp_set_shake_reject_time)
                  0001bc82    00000032     inv_mpu_dmp_motion_driver.obj (.text:dmp_set_shake_reject_timeout)
                  0001bcb4    00000032     rts430x_lc_rd_eabi.lib : fs_ultof.asm.obj (.text)
                  0001bce6    00000032                            : strncpy.c.obj (.text:strncpy)
                  0001bd18    00000030                            : unlink.c.obj (.text:unlink)
                  0001bd48    0000002e                            : negd.c.obj (.text:__mspabi_negd)
                  0001bd76    0000002e                            : s_copysign.c.obj (.text:copysign)
                  0001bda4    0000002e                            : getdevice.c.obj (.text:finddevice)
                  0001bdd2    0000002c                            : div16s.asm.obj (.text)
                  0001bdfe    00000028                            : fixdi.c.obj (.text:__mspabi_fixdi)
                  0001be26    00000028     usart.obj (.text:uart_init)
                  0001be4e    00000026     rts430x_lc_rd_eabi.lib : memcmp.c.obj (.text:memcmp)
                  0001be74    00000024                            : copy_zero_init.c.obj (.text:decompress:ZI:__TI_zero_init_nomemset:__TI_zero_init_nomemset)
                  0001be98    00000024                            : fs_utof.asm.obj (.text)
                  0001bebc    00000024                            : mult32_f5hw.asm.obj (.text)
                  0001bee0    00000024     usart.obj (.text:send_byte)
                  0001bf04    00000024     ultrasonic.obj (.text:ultrasonic_Init)
                  0001bf28    00000020     i2c.obj (.text:MPU_IIC_Ack)
                  0001bf48    00000020     i2c.obj (.text:MPU_IIC_NAck)
                  0001bf68    00000020     i2c.obj (.text:MPU_IIC_Start)
                  0001bf88    00000020     i2c.obj (.text:MPU_IIC_Stop)
                  0001bfa8    00000020     inv_mpu.obj (.text:mpu_get_sample_rate)
                  0001bfc8    0000001e     rts430x_lc_rd_eabi.lib : memccpy.c.obj (.text:memccpy)
                  0001bfe6    0000001c                            : strchr.c.obj (.text:strchr)
                  0001c002    0000001c                            : strcmp.c.obj (.text:strcmp)
                  0001c01e    0000001a     ppm.obj (.text:PPM_Capture_Init)
                  0001c038    00000018     rts430x_lc_rd_eabi.lib : mult16_f5hw.asm.obj (.text)
                  0001c050    00000016     inv_mpu_dmp_motion_driver.obj (.text:dmp_load_motion_driver_firmware)
                  0001c066    00000016     rts430x_lc_rd_eabi.lib : llabs.c.obj (.text:llabs)
                  0001c07c    00000016                            : memchr.c.obj (.text:memchr)
                  0001c092    00000016     inv_mpu.obj (.text:mpu_get_fifo_config)
                  0001c0a8    00000016     rts430x_lc_rd_eabi.lib : div16u.asm.obj (.text)
                  0001c0be    00000016                            : wcslen.c.obj (.text:wcslen)
                  0001c0d4    00000014     i2c.obj (.text:MPU_IIC_Delay)
                  0001c0e8    00000014     i2c.obj (.text:SCL_High)
                  0001c0fc    00000014     i2c.obj (.text:SCL_Low)
                  0001c110    00000014     i2c.obj (.text:SDA_High)
                  0001c124    00000014     i2c.obj (.text:SDA_Low)
                  0001c138    00000014     rts430x_lc_rd_eabi.lib : memcpy.c.obj (.text:memcpy)
                  0001c14c    00000012                            : copy_decompress_none.c.obj (.text:decompress:none:__TI_decompress_none)
                  0001c15e    00000012                            : strcpy.c.obj (.text:strcpy)
                  0001c170    00000012                            : toupper.c.obj (.text:toupper)
                  0001c182    00000010                            : asr32.asm.obj (.text:l_asr)
                  0001c192    00000010                            : lsl32.asm.obj (.text:l_lsl)
                  0001c1a2    00000010                            : lsr32.asm.obj (.text:l_lsr)
                  0001c1b2    0000000e                            : labs.c.obj (.text:labs)
                  0001c1c0    0000000e     inv_mpu.obj (.text:mget_ms)
                  0001c1ce    0000000e     rts430x_lc_rd_eabi.lib : strlen.c.obj (.text:strlen)
                  0001c1dc    0000000c                            : fltid.c.obj (.text:__mspabi_fltid)
                  0001c1e8    0000000a                            : abs.c.obj (.text:abs)
                  0001c1f2    0000000a                            : lsl16.asm.obj (.text)
                  0001c1fc    00000006                            : fltud.c.obj (.text:__mspabi_fltud)
                  0001c202    00000006                            : printf.c.obj (.text:_outc)
                  0001c208    00000006                            : exit.c.obj (.text:abort)
                  0001c20e    00000006     MSPMATHLIB_CCS_msp430_5xx_6xx_FRxx_large_code_restricted_data.lib : msp430_acos_asin.o (.text:asinf)
                  0001c214    00000004     rts430x_lc_rd_eabi.lib : printf.c.obj (.text:_outs)
                  0001c218    00000004                            : pre_init.c.obj (.text:_system_pre_init)
                  0001c21c    00000002     i2c.obj (.text:MPU_IIC_Init)
                  0001c21e    00000002     rts430x_lc_rd_eabi.lib : _lock.c.obj (.text:_nop)
                  0001c220    00000002                            : startup.c.obj (.text:_system_post_cinit)

MODULE SUMMARY

       Module                          code    ro data   rw data
       ------                          ----    -------   -------
    .\F5xx_F6xx_Core_Lib\
       HAL_UCS.obj                     502     0         0      
    +--+-------------------------------+-------+---------+---------+
       Total:                          502     0         0      
                                                                
    .\driver\
       inv_mpu.obj                     8722    239       53     
       inv_mpu_dmp_motion_driver.obj   4314    3104      16     
       ppm.obj                         598     2         47     
       mpu6050.obj                     512     0         0      
       i2c.obj                         482     0         0      
       ultrasonic.obj                  378     2         24     
       motor.obj                       204     0         2      
       usart.obj                       180     2         0      
    +--+-------------------------------+-------+---------+---------+
       Total:                          15390   3349      142    
                                                                
    .\flight_ctrl\
       AttitudePID.obj                 502     0         660    
       PID.obj                         766     0         0      
       control.obj                     532     0         5      
       control_acro.obj                154     0         0      
    +--+-------------------------------+-------+---------+---------+
       Total:                          1954    0         665    
                                                                
    .\modules\
       imu.obj                         1010    16        440    
       filter.obj                      680     0         0      
    +--+-------------------------------+-------+---------+---------+
       Total:                          1690    16        440    
                                                                
    .\user\
       msp430_clock.obj                380     2         30     
       main.obj                        282     0         4      
    +--+-------------------------------+-------+---------+---------+
       Total:                          662     2         34     
                                                                
    F:\TI\ccsv8\ccs_base\msp430\lib\5xx_6xx_FRxx\MSPMATHLIB_CCS_msp430_5xx_6xx_FRxx_large_code_restricted_data.lib
       msp430_atan2.o                  1432    0         0      
       msp430_acos_asin.o              996     0         0      
       msp430_tables.o                 0       448       0      
       msp430_common.o                 412     0         0      
    +--+-------------------------------+-------+---------+---------+
       Total:                          2840    448       0      
                                                                
    F:\TI\ccsv8\tools\compiler\ti-cgt-msp430_18.1.2.LTS\lib\rts430x_lc_rd_eabi.lib
       _printfi.c.obj                  6630    38        0      
       k_rem_pio2.c.obj                3510    336       0      
       s_cos.c.obj                     2258    0         0      
       frcdivd.c.obj                   1126    0         0      
       div64u.c.obj                    846     0         0      
       addd.c.obj                      736     0         0      
       k_sin.c.obj                     680     0         0      
       frcmpyd.c.obj                   640     0         0      
       mpyd.c.obj                      614     0         0      
       k_cos.c.obj                     612     0         0      
       frcaddd.c.obj                   584     0         0      
       divd.c.obj                      546     0         0      
       s_floor.c.obj                   452     0         0      
       memory.c.obj                    396     0         12     
       trgmsg.c.obj                    104     0         288    
       defs.c.obj                      0       0         362    
       s_scalbn.c.obj                  346     0         0      
       div64s.c.obj                    316     0         0      
       fs_add.asm.obj                  306     0         0      
       ctype.c.obj                     0       257       0      
       fputs.c.obj                     240     0         0      
       write.c.obj                     60      0         180    
       setvbuf.c.obj                   222     0         0      
       cmpd.c.obj                      216     0         0      
       fs_mpy.asm.obj                  184     0         0      
       renormd.c.obj                   178     0         0      
       s_frexp.c.obj                   166     0         0      
       fltlid.c.obj                    158     0         0      
       hostlseek.c.obj                 154     0         0      
       fputc.c.obj                     144     0         0      
       fs_div.asm.obj                  144     0         0      
       cvtdf.c.obj                     140     0         0      
       getdevice.c.obj                 136     0         0      
       fltuld.c.obj                    128     0         0      
       ltoa.c.obj                      128     0         0      
       _io_perm.c.obj                  126     0         0      
       fs_tol.asm.obj                  126     0         0      
       hostopen.c.obj                  112     0         8      
       copy_decompress_lzss.c.obj      118     0         0      
       fclose.c.obj                    116     0         0      
       hostrename.c.obj                116     0         0      
       hostwrite.c.obj                 108     0         0      
       fseek.c.obj                     106     0         0      
       hostread.c.obj                  106     0         0      
       fs_toi.asm.obj                  104     0         0      
       cvtfd.c.obj                     102     0         0      
       fixdli.c.obj                    102     0         0      
       fflush.c.obj                    100     0         0      
       atoi.c.obj                      98      0         0      
       mult64_f5hw.asm.obj             92      0         0      
       close.c.obj                     90      0         0      
       div32u.asm.obj                  88      0         0      
       autoinit.c.obj                  84      0         0      
       printf.c.obj                    84      0         0      
       exit.c.obj                      80      0         2      
       asr32.asm.obj                   78      0         0      
       hostclose.c.obj                 78      0         0      
       lsl32.asm.obj                   78      0         0      
       lsr32.asm.obj                   78      0         0      
       fs_cmp.asm.obj                  74      0         0      
       fs_ltof.asm.obj                 74      0         0      
       fs_tou.asm.obj                  70      0         0      
       hostunlink.c.obj                70      0         0      
       asr64.c.obj                     64      0         0      
       div32s.asm.obj                  64      0         0      
       lseek.c.obj                     62      0         0      
       lsl64.c.obj                     58      0         0      
       lsr64.c.obj                     58      0         0      
       fopen.c.obj                     54      0         0      
       fs_itof.asm.obj                 54      0         0      
       fs_ultof.asm.obj                50      0         0      
       strncpy.c.obj                   50      0         0      
       subd.c.obj                      50      0         0      
       unlink.c.obj                    48      0         0      
       negd.c.obj                      46      0         0      
       s_copysign.c.obj                46      0         0      
       div16s.asm.obj                  44      0         0      
       fixdi.c.obj                     40      0         0      
       memcmp.c.obj                    38      0         0      
       copy_zero_init.c.obj            36      0         0      
       fs_utof.asm.obj                 36      0         0      
       mult32_f5hw.asm.obj             36      0         0      
       boot.c.obj                      28      2         0      
       memccpy.c.obj                   30      0         0      
       strchr.c.obj                    28      0         0      
       strcmp.c.obj                    28      0         0      
       mult16_f5hw.asm.obj             24      0         0      
       div16u.asm.obj                  22      0         0      
       llabs.c.obj                     22      0         0      
       memchr.c.obj                    22      0         0      
       wcslen.c.obj                    22      0         0      
       memcpy.c.obj                    20      0         0      
       copy_decompress_none.c.obj      18      0         0      
       strcpy.c.obj                    18      0         0      
       toupper.c.obj                   18      0         0      
       labs.c.obj                      14      0         0      
       strlen.c.obj                    14      0         0      
       fltid.c.obj                     12      0         0      
       _lock.c.obj                     2       0         8      
       abs.c.obj                       10      0         0      
       lsl16.asm.obj                   10      0         0      
       exit_gvars.c.obj                0       0         8      
       isr_trap.asm.obj                8       0         0      
       fltud.c.obj                     6       0         0      
       pre_init.c.obj                  4       0         0      
       errno.c.obj                     0       0         2      
       int41.asm.obj                   0       2         0      
       int42.asm.obj                   0       2         0      
       int44.asm.obj                   0       2         0      
       int45.asm.obj                   0       2         0      
       int47.asm.obj                   0       2         0      
       int49.asm.obj                   0       2         0      
       int50.asm.obj                   0       2         0      
       int51.asm.obj                   0       2         0      
       int52.asm.obj                   0       2         0      
       int53.asm.obj                   0       2         0      
       int54.asm.obj                   0       2         0      
       int55.asm.obj                   0       2         0      
       int56.asm.obj                   0       2         0      
       int57.asm.obj                   0       2         0      
       int58.asm.obj                   0       2         0      
       int60.asm.obj                   0       2         0      
       int61.asm.obj                   0       2         0      
       int62.asm.obj                   0       2         0      
       startup.c.obj                   2       0         0      
    +--+-------------------------------+-------+---------+---------+
       Total:                          27074   669       870    
                                                                
       Heap:                           0       0         160    
       Stack:                          0       0         160    
       Linker Generated:               0       258       0      
    +--+-------------------------------+-------+---------+---------+
       Grand Total:                    50112   4742      2471   


LINKER GENERATED COPY TABLES

__TI_cinit_table @ 000057ee records: 2, size/record: 8, table size: 16
	.data: load addr=000056fc, load size=000000e0 bytes, run addr=00002400, run size=000003de bytes, compression=lzss
	.bss: load addr=000057e8, load size=00000006 bytes, run addr=000027de, run size=0000036b bytes, compression=zero_init


LINKER GENERATED HANDLER TABLE

__TI_handler_table @ 000057dc records: 3, size/record: 4, table size: 12
	index: 0, handler: __TI_zero_init
	index: 1, handler: __TI_decompress_lzss
	index: 2, handler: __TI_decompress_none


GLOBAL SYMBOLS: SORTED ALPHABETICALLY BY Name 

address   name                                   
-------   ----                                   
00000700  ADC12CTL0                              
00000701  ADC12CTL0_H                            
00000700  ADC12CTL0_L                            
00000702  ADC12CTL1                              
00000703  ADC12CTL1_H                            
00000702  ADC12CTL1_L                            
00000704  ADC12CTL2                              
00000705  ADC12CTL2_H                            
00000704  ADC12CTL2_L                            
0000070c  ADC12IE                                
0000070d  ADC12IE_H                              
0000070c  ADC12IE_L                              
0000070a  ADC12IFG                               
0000070b  ADC12IFG_H                             
0000070a  ADC12IFG_L                             
0000070e  ADC12IV                                
0000070f  ADC12IV_H                              
0000070e  ADC12IV_L                              
00000710  ADC12MCTL0                             
00000711  ADC12MCTL1                             
0000071a  ADC12MCTL10                            
0000071b  ADC12MCTL11                            
0000071c  ADC12MCTL12                            
0000071d  ADC12MCTL13                            
0000071e  ADC12MCTL14                            
0000071f  ADC12MCTL15                            
00000712  ADC12MCTL2                             
00000713  ADC12MCTL3                             
00000714  ADC12MCTL4                             
00000715  ADC12MCTL5                             
00000716  ADC12MCTL6                             
00000717  ADC12MCTL7                             
00000718  ADC12MCTL8                             
00000719  ADC12MCTL9                             
00000720  ADC12MEM0                              
00000721  ADC12MEM0_H                            
00000720  ADC12MEM0_L                            
00000722  ADC12MEM1                              
00000734  ADC12MEM10                             
00000735  ADC12MEM10_H                           
00000734  ADC12MEM10_L                           
00000736  ADC12MEM11                             
00000737  ADC12MEM11_H                           
00000736  ADC12MEM11_L                           
00000738  ADC12MEM12                             
00000739  ADC12MEM12_H                           
00000738  ADC12MEM12_L                           
0000073a  ADC12MEM13                             
0000073b  ADC12MEM13_H                           
0000073a  ADC12MEM13_L                           
0000073c  ADC12MEM14                             
0000073d  ADC12MEM14_H                           
0000073c  ADC12MEM14_L                           
0000073e  ADC12MEM15                             
0000073f  ADC12MEM15_H                           
0000073e  ADC12MEM15_L                           
00000723  ADC12MEM1_H                            
00000722  ADC12MEM1_L                            
00000724  ADC12MEM2                              
00000725  ADC12MEM2_H                            
00000724  ADC12MEM2_L                            
00000726  ADC12MEM3                              
00000727  ADC12MEM3_H                            
00000726  ADC12MEM3_L                            
00000728  ADC12MEM4                              
00000729  ADC12MEM4_H                            
00000728  ADC12MEM4_L                            
0000072a  ADC12MEM5                              
0000072b  ADC12MEM5_H                            
0000072a  ADC12MEM5_L                            
0000072c  ADC12MEM6                              
0000072d  ADC12MEM6_H                            
0000072c  ADC12MEM6_L                            
0000072e  ADC12MEM7                              
0000072f  ADC12MEM7_H                            
0000072e  ADC12MEM7_L                            
00000730  ADC12MEM8                              
00000731  ADC12MEM8_H                            
00000730  ADC12MEM8_L                            
00000732  ADC12MEM9                              
00000733  ADC12MEM9_H                            
00000732  ADC12MEM9_L                            
0001c208  C$$EXIT                                
0001bb14  C$$IO$$                                
000008c0  CBCTL0                                 
000008c1  CBCTL0_H                               
000008c0  CBCTL0_L                               
000008c2  CBCTL1                                 
000008c3  CBCTL1_H                               
000008c2  CBCTL1_L                               
000008c4  CBCTL2                                 
000008c5  CBCTL2_H                               
000008c4  CBCTL2_L                               
000008c6  CBCTL3                                 
000008c7  CBCTL3_H                               
000008c6  CBCTL3_L                               
000008cc  CBINT                                  
000008cd  CBINT_H                                
000008cc  CBINT_L                                
000008ce  CBIV                                   
00000150  CRCDI                                  
00000152  CRCDIRB                                
00000153  CRCDIRB_H                              
00000152  CRCDIRB_L                              
00000151  CRCDI_H                                
00000150  CRCDI_L                                
00000154  CRCINIRES                              
00000155  CRCINIRES_H                            
00000154  CRCINIRES_L                            
00000156  CRCRESR                                
00000157  CRCRESR_H                              
00000156  CRCRESR_L                              
00000510  DMA0CTL                                
00000511  DMA0CTL_H                              
00000510  DMA0CTL_L                              
00000516  DMA0DA                                 
00000518  DMA0DAH                                
00000516  DMA0DAL                                
00000512  DMA0SA                                 
00000514  DMA0SAH                                
00000512  DMA0SAL                                
0000051a  DMA0SZ                                 
00000520  DMA1CTL                                
00000521  DMA1CTL_H                              
00000520  DMA1CTL_L                              
00000526  DMA1DA                                 
00000528  DMA1DAH                                
00000526  DMA1DAL                                
00000522  DMA1SA                                 
00000524  DMA1SAH                                
00000522  DMA1SAL                                
0000052a  DMA1SZ                                 
00000530  DMA2CTL                                
00000531  DMA2CTL_H                              
00000530  DMA2CTL_L                              
00000536  DMA2DA                                 
00000538  DMA2DAH                                
00000536  DMA2DAL                                
00000532  DMA2SA                                 
00000534  DMA2SAH                                
00000532  DMA2SAL                                
0000053a  DMA2SZ                                 
00000500  DMACTL0                                
00000501  DMACTL0_H                              
00000500  DMACTL0_L                              
00000502  DMACTL1                                
00000503  DMACTL1_H                              
00000502  DMACTL1_L                              
00000504  DMACTL2                                
00000505  DMACTL2_H                              
00000504  DMACTL2_L                              
00000506  DMACTL3                                
00000507  DMACTL3_H                              
00000506  DMACTL3_L                              
00000508  DMACTL4                                
00000509  DMACTL4_H                              
00000508  DMACTL4_L                              
0000050e  DMAIV                                  
0000050f  DMAIV_H                                
0000050e  DMAIV_L                                
0001a612  DataLimit                              
00000140  FCTL1                                  
00000141  FCTL1_H                                
00000140  FCTL1_L                                
00000144  FCTL3                                  
00000145  FCTL3_H                                
00000144  FCTL3_L                                
00000146  FCTL4                                  
00000147  FCTL4_H                                
00000146  FCTL4_L                                
0001b308  HOSTclose                              
0001983c  HOSTlseek                              
0001a8d2  HOSTopen                               
0001a9ae  HOSTread                               
0001a7ea  HOSTrename                             
0001b5fc  HOSTunlink                             
0001a942  HOSTwrite                              
00002b30  Height_PID                             
00014abe  IIR_I_Filter                           
00002aa6  IMU                                    
00002ab2  IMU_last                               
000027d5  IfUnlock                               
000024c8  InPut_IIR                              
00018914  InitPidObject                          
00017160  InitSelfStability                      
00017d82  Init_FLL                               
0001b356  Init_FLL_Settle                        
0001aed4  LPF_1st                                
000004c4  MAC                                    
000004da  MAC32H                                 
000004db  MAC32H_H                               
000004da  MAC32H_L                               
000004d8  MAC32L                                 
000004d9  MAC32L_H                               
000004d8  MAC32L_L                               
000004c6  MACS                                   
000004de  MACS32H                                
000004df  MACS32H_H                              
000004de  MACS32H_L                              
000004dc  MACS32L                                
000004dd  MACS32L_H                              
000004dc  MACS32L_L                              
000004c7  MACS_H                                 
000004c6  MACS_L                                 
000004c5  MAC_H                                  
000004c4  MAC_L                                  
0001a688  MPU_Get_Accelerometer                  
0001a6fe  MPU_Get_Gyroscope                      
0001bf28  MPU_IIC_Ack                            
0001c0d4  MPU_IIC_Delay                          
0001c21c  MPU_IIC_Init                           
0001bf48  MPU_IIC_NAck                           
0001adb0  MPU_IIC_Read_Byte                      
0001b208  MPU_IIC_Send_Byte                      
0001bf68  MPU_IIC_Start                          
0001bf88  MPU_IIC_Stop                           
0001b688  MPU_IIC_Wait_Ack                       
00019970  MPU_Read_Len                           
0001a3ae  MPU_Write_Len                          
000004c0  MPY                                    
000004ec  MPY32CTL0                              
000004ed  MPY32CTL0_H                            
000004ec  MPY32CTL0_L                            
000004d2  MPY32H                                 
000004d3  MPY32H_H                               
000004d2  MPY32H_L                               
000004d0  MPY32L                                 
000004d1  MPY32L_H                               
000004d0  MPY32L_L                               
000004c2  MPYS                                   
000004d6  MPYS32H                                
000004d7  MPYS32H_H                              
000004d6  MPYS32H_L                              
000004d4  MPYS32L                                
000004d5  MPYS32L_H                              
000004d4  MPYS32L_L                              
000004c3  MPYS_H                                 
000004c2  MPYS_L                                 
000004c1  MPY_H                                  
000004c0  MPY_L                                  
0001ac84  Motor_Init                             
0001aa82  Motor_set_Values                       
000004c8  OP2                                    
000004e2  OP2H                                   
000004e3  OP2H_H                                 
000004e2  OP2H_L                                 
000004e0  OP2L                                   
000004e1  OP2L_H                                 
000004e0  OP2L_L                                 
000004c9  OP2_H                                  
000004c8  OP2_L                                  
00002540  OutPut_IIR                             
0000020e  P1IV                                   
0000021e  P2IV                                   
000001e0  P4MAP01                                
000001e1  P4MAP01_H                              
000001e0  P4MAP01_L                              
000001e2  P4MAP23                                
000001e3  P4MAP23_H                              
000001e2  P4MAP23_L                              
000001e4  P4MAP45                                
000001e5  P4MAP45_H                              
000001e4  P4MAP45_L                              
000001e6  P4MAP67                                
000001e7  P4MAP67_H                              
000001e6  P4MAP67_L                              
00000204  PADIR                                  
00000205  PADIR_H                                
00000204  PADIR_L                                
00000208  PADS                                   
00000209  PADS_H                                 
00000208  PADS_L                                 
0000021a  PAIE                                   
00000218  PAIES                                  
00000219  PAIES_H                                
00000218  PAIES_L                                
0000021b  PAIE_H                                 
0000021a  PAIE_L                                 
0000021c  PAIFG                                  
0000021d  PAIFG_H                                
0000021c  PAIFG_L                                
00000200  PAIN                                   
00000201  PAIN_H                                 
00000200  PAIN_L                                 
00000202  PAOUT                                  
00000203  PAOUT_H                                
00000202  PAOUT_L                                
00000206  PAREN                                  
00000207  PAREN_H                                
00000206  PAREN_L                                
0000020a  PASEL                                  
0000020b  PASEL_H                                
0000020a  PASEL_L                                
00000224  PBDIR                                  
00000225  PBDIR_H                                
00000224  PBDIR_L                                
00000228  PBDS                                   
00000229  PBDS_H                                 
00000228  PBDS_L                                 
00000220  PBIN                                   
00000221  PBIN_H                                 
00000220  PBIN_L                                 
00000222  PBOUT                                  
00000223  PBOUT_H                                
00000222  PBOUT_L                                
00000226  PBREN                                  
00000227  PBREN_H                                
00000226  PBREN_L                                
0000022a  PBSEL                                  
0000022b  PBSEL_H                                
0000022a  PBSEL_L                                
00000244  PCDIR                                  
00000245  PCDIR_H                                
00000244  PCDIR_L                                
00000248  PCDS                                   
00000249  PCDS_H                                 
00000248  PCDS_L                                 
00000240  PCIN                                   
00000241  PCIN_H                                 
00000240  PCIN_L                                 
00000242  PCOUT                                  
00000243  PCOUT_H                                
00000242  PCOUT_L                                
00000246  PCREN                                  
00000247  PCREN_H                                
00000246  PCREN_L                                
0000024a  PCSEL                                  
0000024b  PCSEL_H                                
0000024a  PCSEL_L                                
00000264  PDDIR                                  
00000265  PDDIR_H                                
00000264  PDDIR_L                                
00000268  PDDS                                   
00000269  PDDS_H                                 
00000268  PDDS_L                                 
00000260  PDIN                                   
00000261  PDIN_H                                 
00000260  PDIN_L                                 
00000262  PDOUT                                  
00000263  PDOUT_H                                
00000262  PDOUT_L                                
00000266  PDREN                                  
00000267  PDREN_H                                
00000266  PDREN_L                                
0000026a  PDSEL                                  
0000026b  PDSEL_H                                
0000026a  PDSEL_L                                
00000324  PJDIR                                  
00000325  PJDIR_H                                
00000324  PJDIR_L                                
00000328  PJDS                                   
00000329  PJDS_H                                 
00000328  PJDS_L                                 
00000320  PJIN                                   
00000321  PJIN_H                                 
00000320  PJIN_L                                 
00000322  PJOUT                                  
00000323  PJOUT_H                                
00000322  PJOUT_L                                
00000326  PJREN                                  
00000327  PJREN_H                                
00000326  PJREN_L                                
00000130  PM5CTL0                                
00000131  PM5CTL0_H                              
00000130  PM5CTL0_L                              
000001c2  PMAPCTL                                
000001c3  PMAPCTL_H                              
000001c2  PMAPCTL_L                              
000001c0  PMAPKEYID                              
000001c1  PMAPKEYID_H                            
000001c0  PMAPKEYID_L                            
00000120  PMMCTL0                                
00000121  PMMCTL0_H                              
00000120  PMMCTL0_L                              
00000122  PMMCTL1                                
00000123  PMMCTL1_H                              
00000122  PMMCTL1_L                              
0000012c  PMMIFG                                 
0000012d  PMMIFG_H                               
0000012c  PMMIFG_L                               
0000012e  PMMRIE                                 
0000012f  PMMRIE_H                               
0000012e  PMMRIE_L                               
0001c01e  PPM_Capture_Init                       
00002b34  Pitch_PID                              
00000158  RCCTL0                                 
00000159  RCCTL0_H                               
00000158  RCCTL0_L                               
000001b0  REFCTL0                                
000001b1  REFCTL0_H                              
000001b0  REFCTL0_L                              
000004e4  RES0                                   
000004e5  RES0_H                                 
000004e4  RES0_L                                 
000004e6  RES1                                   
000004e7  RES1_H                                 
000004e6  RES1_L                                 
000004e8  RES2                                   
000004e9  RES2_H                                 
000004e8  RES2_L                                 
000004ea  RES3                                   
000004eb  RES3_H                                 
000004ea  RES3_L                                 
000004cc  RESHI                                  
000004cd  RESHI_H                                
000004cc  RESHI_L                                
000004ca  RESLO                                  
000004cb  RESLO_H                                
000004ca  RESLO_L                                
000004ba  RTCADOWDAY                             
000004bb  RTCADOWDAY_H                           
000004ba  RTCADOWDAY_L                           
000004b8  RTCAMINHR                              
000004b9  RTCAMINHR_H                            
000004b8  RTCAMINHR_L                            
000004a0  RTCCTL01                               
000004a1  RTCCTL01_H                             
000004a0  RTCCTL01_L                             
000004a2  RTCCTL23                               
000004a3  RTCCTL23_H                             
000004a2  RTCCTL23_L                             
000004b4  RTCDATE                                
000004b5  RTCDATE_H                              
000004b4  RTCDATE_L                              
000004ae  RTCIV                                  
000004ac  RTCPS                                  
000004a8  RTCPS0CTL                              
000004a9  RTCPS0CTL_H                            
000004a8  RTCPS0CTL_L                            
000004aa  RTCPS1CTL                              
000004ab  RTCPS1CTL_H                            
000004aa  RTCPS1CTL_L                            
000004ad  RTCPS_H                                
000004ac  RTCPS_L                                
000004b0  RTCTIM0                                
000004b1  RTCTIM0_H                              
000004b0  RTCTIM0_L                              
000004b2  RTCTIM1                                
000004b3  RTCTIM1_H                              
000004b2  RTCTIM1_L                              
000004b6  RTCYEAR                                
000004b7  RTCYEAR_H                              
000004b6  RTCYEAR_L                              
00002b38  Roll_PID                               
0001c0e8  SCL_High                               
0001c0fc  SCL_Low                                
0001c110  SDA_High                               
0001c124  SDA_Low                                
00000100  SFRIE1                                 
00000101  SFRIE1_H                               
00000100  SFRIE1_L                               
00000102  SFRIFG1                                
00000103  SFRIFG1_H                              
00000102  SFRIFG1_L                              
00000104  SFRRPCR                                
00000105  SFRRPCR_H                              
00000104  SFRRPCR_L                              
000004ce  SUMEXT                                 
000004cf  SUMEXT_H                               
000004ce  SUMEXT_L                               
00000124  SVSMHCTL                               
00000125  SVSMHCTL_H                             
00000124  SVSMHCTL_L                             
00000128  SVSMIO                                 
00000129  SVSMIO_H                               
00000128  SVSMIO_L                               
00000126  SVSMLCTL                               
00000127  SVSMLCTL_H                             
00000126  SVSMLCTL_L                             
00000198  SYSBERRIV                              
00000199  SYSBERRIV_H                            
00000198  SYSBERRIV_L                            
00000182  SYSBSLC                                
00000183  SYSBSLC_H                              
00000182  SYSBSLC_L                              
00000180  SYSCTL                                 
00000181  SYSCTL_H                               
00000180  SYSCTL_L                               
00000186  SYSJMBC                                
00000187  SYSJMBC_H                              
00000186  SYSJMBC_L                              
00000188  SYSJMBI0                               
00000189  SYSJMBI0_H                             
00000188  SYSJMBI0_L                             
0000018a  SYSJMBI1                               
0000018b  SYSJMBI1_H                             
0000018a  SYSJMBI1_L                             
0000018c  SYSJMBO0                               
0000018d  SYSJMBO0_H                             
0000018c  SYSJMBO0_L                             
0000018e  SYSJMBO1                               
0000018f  SYSJMBO1_H                             
0000018e  SYSJMBO1_L                             
0000019e  SYSRSTIV                               
0000019f  SYSRSTIV_H                             
0000019e  SYSRSTIV_L                             
0000019c  SYSSNIV                                
0000019d  SYSSNIV_H                              
0000019c  SYSSNIV_L                              
0000019a  SYSUNIV                                
0000019b  SYSUNIV_H                              
0000019a  SYSUNIV_L                              
00000352  TA0CCR0                                
00000354  TA0CCR1                                
00000356  TA0CCR2                                
00000358  TA0CCR3                                
0000035a  TA0CCR4                                
00000342  TA0CCTL0                               
00000344  TA0CCTL1                               
00000346  TA0CCTL2                               
00000348  TA0CCTL3                               
0000034a  TA0CCTL4                               
00000340  TA0CTL                                 
00000360  TA0EX0                                 
0000036e  TA0IV                                  
00000350  TA0R                                   
00000392  TA1CCR0                                
00000394  TA1CCR1                                
00000396  TA1CCR2                                
00000382  TA1CCTL0                               
00000384  TA1CCTL1                               
00000386  TA1CCTL2                               
00000380  TA1CTL                                 
000003a0  TA1EX0                                 
000003ae  TA1IV                                  
00000390  TA1R                                   
00000412  TA2CCR0                                
00000414  TA2CCR1                                
00000416  TA2CCR2                                
00000402  TA2CCTL0                               
00000404  TA2CCTL1                               
00000406  TA2CCTL2                               
00000400  TA2CTL                                 
00000420  TA2EX0                                 
0000042e  TA2IV                                  
00000410  TA2R                                   
000003d2  TB0CCR0                                
000003d4  TB0CCR1                                
000003d6  TB0CCR2                                
[...]
000023ed  USBIEPBBAY_5                           
000023ee  USBIEPBCTY_5                           
000023ef  USBIEPSIZXY_5                          
000023f0  USBIEPCNF_6                            
000023f1  USBIEPBBAX_6                           
000023f2  USBIEPBCTX_6                           
000023f5  USBIEPBBAY_6                           
000023f6  USBIEPBCTY_6                           
000023f7  USBIEPSIZXY_6                          
000023f8  USBIEPCNF_7                            
000023f9  USBIEPBBAX_7                           
000023fa  USBIEPBCTX_7                           
000023fd  USBIEPBBAY_7                           
000023fe  USBIEPBCTY_7                           
000023ff  USBIEPSIZXY_7                          
00002400  _ftable                                
000024c8  InPut_IIR                              
00002540  OutPut_IIR                             
000025b8  _device                                
00002630  _stream                                
00002698  a_IIR                                  
000026c0  b_IIR                                  
00002706  channel                                
00002726  gyro_idle                              
00002732  pidAngleConfig                         
0000273e  pidHeightConfig                        
0000274a  pidPitchAngleConfig                    
00002756  pidPitchAngularRateConfig              
00002762  pidPosConfig                           
0000276e  pidRollAngleConfig                     
0000277a  pidRollAngularRateConfig               
00002786  pidYawAngleConfig                      
00002792  pidYawAngularRateConfig                
0000279e  sonic_start                            
000027a0  sonic_end                              
000027a2  sonic_end_true                         
000027a4  sonic_end_etr                          
000027a6  sonic_val                              
000027b4  is_first_time                          
000027b5  is_find_start                          
000027ba  height_exp                             
000027c0  __TI_cleanup_ptr                       
000027c4  __TI_dtors_ptr                         
000027c8  _lock                                  
000027cc  _unlock                                
000027d4  WithoutDream                           
000027d5  IfUnlock                               
000027d6  __TI_ft_end                            
000027d8  errno                                  
000027da  __TI_enable_exit_profile_output        
000027de  __TI_tmpnams                           
0000287e  pidAngle                               
000028ba  pidHeight                              
000028f6  pidPitchAngle                          
00002932  pidPitchAngularRate                    
0000296e  pidRollAngle                           
000029aa  pidRollAngularRate                     
000029e6  pidYawAngle                            
00002a22  pidYawAngularRate                      
00002a5e  piddistance                            
00002aa6  IMU                                    
00002ab2  IMU_last                               
00002abe  acc                                    
00002aca  acc_last                               
00002ad6  acc_raw                                
00002ae2  gyro                                   
00002aee  gyro_last                              
00002afa  gyro_raw                               
00002b06  imu_dmp                                
00002b12  rc                                     
00002b28  parmbuf                                
00002b30  Height_PID                             
00002b34  Pitch_PID                              
00002b38  Roll_PID                               
00002b3c  Yaw_PID                                
00002b40  dst_f                                  
00002b44  _preval                                
00002b46  _val                                   
00002b4a  _CIOBUF_                               
00002c6c  _sys_memory                            
00004360  _stack                                 
00004400  TIMER1_A1_ISR                          
00004400  __STACK_END                            
000044d0  TIMER2_A1_ISR                          
00004512  TIMERB0_ISR                            
00004554  USCI_A1_ISR                            
0000457a  _c_int00_noargs                        
00004596  __TI_ISR_TRAP                          
0000529c  _ctypes_                               
0000539e  msp430_sqrt_lookup                     
000054fe  msp430_asin_coeffs                     
00005582  msp430_recip_lookup                    
000055c2  msp430_atan_coeffs3                    
000055ea  test                                   
00005638  msp430_atan_coeffs2                    
0000565c  reg                                    
00005678  msp430_asin_params                     
00005690  msp430_atan_coeffs1                    
000056a8  r2d                                    
000056ac  d2r                                    
000056b0  acc_range                              
000056b4  gyro_range                             
000056c4  hw                                     
000057dc  __TI_Handler_Table_Base                
000057e8  __TI_Handler_Table_Limit               
000057ee  __TI_CINIT_Base                        
000057fe  __TI_CINIT_Limit                       
0000ffd2  __TI_int41                             
0000ffd4  __TI_int42                             
0000ffd6  __TI_int43                             
0000ffd8  __TI_int44                             
0000ffda  __TI_int45                             
0000ffdc  __TI_int46                             
0000ffde  __TI_int47                             
0000ffe0  __TI_int48                             
0000ffe2  __TI_int49                             
0000ffe4  __TI_int50                             
0000ffe6  __TI_int51                             
0000ffe8  __TI_int52                             
0000ffea  __TI_int53                             
0000ffec  __TI_int54                             
0000ffee  __TI_int55                             
0000fff0  __TI_int56                             
0000fff2  __TI_int57                             
0000fff4  __TI_int58                             
0000fff6  __TI_int59                             
0000fff8  __TI_int60                             
0000fffa  __TI_int61                             
0000fffc  __TI_int62                             
0000fffe  _reset_vector                          
00010000  __kernel_rem_pio2                      
00010db6  cos                                    
00010db6  cosl                                   
00011cc4  atan2f                                 
0001225c  __TI_frcdivd                           
000126c2  update_IMU_Data                        
00012ab4  msp430_acos_asin                       
00012e92  dmp_read_fifo                          
0001322a  mpu_dmp_get_data                       
0001357e  __mspabi_divull                        
000138cc  __mspabi_addd                          
00013bac  __kernel_sin                           
00013e54  __TI_printfi                           
000140fa  __TI_frcmpyd                           
000145f4  __mspabi_mpyd                          
0001485a  __kernel_cos                           
00014abe  IIR_I_Filter                           
00014d08  __TI_frcaddd                           
00014f50  dmp_enable_feature                     
000153b6  __mspabi_divd                          
00015a00  dmp_set_accel_bias                     
00015bea  dmp_set_tap_thresh                     
00015dd4  mpu_init                               
000161a4  dmp_set_gyro_bias                      
00016388  control_All                            
0001656a  mpu_reset_fifo                         
00016910  floor                                  
00016910  floorl                                 
00016e26  dmp_set_orientation                    
00016fc6  calcPid                                
00017160  InitSelfStability                      
00017440  fresh_rc                               
000175ac  mpu_run_self_test                      
00017708  mpu_set_bypass                         
00017864  ldexp                                  
00017864  ldexpl                                 
00017864  scalbn                                 
00017864  scalbnl                                
00017c46  __mspabi_divlli                        
00017d82  Init_FLL                               
00017eb6  __mspabi_subf                          
00017ebc  __mspabi_addf                          
0001822e  main                                   
00018348  run_self_test                          
00018642  mpu_lp_accel_mode                      
00018734  fputs                                  
00018824  mpu_load_firmware                      
00018914  InitPidObject                          
00018a02  mpu_read_fifo_stream                   
00018aee  mpu_dmp_init                           
00018bd6  mpu_set_sensors                        
00018cb6  setvbuf                                
00018d94  __mspabi_cmpd                          
00018e6c  msp430_calc_recip                      
00018f3c  msp430_calc_sqrt                       
000190d0  msp430_clock_init                      
00019192  malloc                                 
0001924e  __mspabi_mpyf                          
00019306  get_dst                                
000193bc  __TI_renormd                           
0001946e  mpu_set_sample_rate                    
000195be  frexp                                  
000195be  frexpl                                 
00019664  __mspabi_fltlid                        
000197a0  mpu_set_lpf                            
0001983c  HOSTlseek                              
000198d6  calc_Throttle_Acro                     
00019970  MPU_Read_Len                           
00019b28  fputc                                  
00019b28  putc                                   
00019bb8  mpu_read_mem                           
00019c48  mpu_set_gyro_fsr                       
00019cd8  mpu_write_mem                          
00019d68  __mspabi_divf                          
00019df8  free                                   
00019e86  mpu_set_dmp_state                      
00019f14  __mspabi_cvtdf                         
00019fa0  mpu_set_accel_fsr                      
0001a028  calcPidHeight                          
0001a130  mpu_configure_fifo                     
0001a1b2  __mspabi_fltuld                        
0001a232  ltoa                                   
0001a2b2  __TI_wrt_ok                            
0001a330  __mspabi_fixfli                        
0001a3ae  MPU_Write_Len                          
0001a42a  dmp_set_fifo_rate                      
0001a4a6  mpu_get_lpf                            
0001a59a  msp430_clock_enable                    
0001a612  DataLimit                              
0001a688  MPU_Get_Accelerometer                  
0001a6fe  MPU_Get_Gyroscope                      
0001a774  __TI_decompress_lzss                   
0001a7ea  HOSTrename                             
0001a85e  __TI_closefile                         
0001a8d2  HOSTopen                               
0001a942  HOSTwrite                              
0001a9ae  HOSTread                               
0001aa18  fseek                                  
0001aa82  Motor_set_Values                       
0001aaea  __mspabi_fixfi                         
0001ab52  __mspabi_cvtfd                         
0001abb8  __mspabi_fixdli                        
0001ac1e  inv_row_2_scale                        
0001ac84  Motor_Init                             
0001ace8  __TI_doflush                           
0001ad4c  mpu_set_int_latched                    
0001adb0  MPU_IIC_Read_Byte                      
0001ae12  atoi                                   
0001ae74  mpu_get_gyro_sens                      
0001aed4  LPF_1st                                
0001af32  get_dst_f                              
0001af90  __mspabi_mpyll_f5hw                    
0001afec  dmp_set_shake_reject_thresh            
0001b048  mpu_get_accel_sens                     
0001b0a4  close                                  
0001b0fe  getdevice                              
0001b158  dmp_enable_gyro_cal                    
0001b1b0  __mspabi_divul                         
0001b1b0  __mspabi_remul                         
0001b208  MPU_IIC_Send_Byte                      
0001b25e  mpu_get_accel_fsr                      
0001b2b4  __TI_auto_init_nobinit_nopinit_hold_wdt
0001b308  HOSTclose                              
0001b356  Init_FLL_Settle                        
0001b3f2  mpu_get_gyro_fsr                       
0001b440  dmp_enable_6x_lp_quat                  
0001b48a  dmp_enable_lp_quat                     
0001b4d4  exit                                   
0001b51e  printf                                 
0001b568  __mspabi_cmpf                          
0001b5b2  __mspabi_fltlif                        
0001b5fc  HOSTunlink                             
0001b642  __mspabi_fixfu                         
0001b688  MPU_IIC_Wait_Ack                       
0001b6cc  inv_orientation_matrix_to_scalar       
0001b710  dmp_set_tap_axes                       
0001b752  memset                                 
0001b794  minit                                  
0001b7d6  __mspabi_srall                         
0001b816  __mspabi_divli                         
0001b816  __mspabi_remli                         
0001b856  __mspabi_sral_15                       
0001b85a  __mspabi_sral_14                       
0001b85e  __mspabi_sral_13                       
0001b862  __mspabi_sral_12                       
0001b866  __mspabi_sral_11                       
0001b86a  __mspabi_sral_10                       
0001b86e  __mspabi_sral_9                        
0001b872  __mspabi_sral_8                        
0001b876  __mspabi_sral_7                        
0001b87a  __mspabi_sral_6                        
0001b87e  __mspabi_sral_5                        
0001b882  __mspabi_sral_4                        
0001b886  __mspabi_sral_3                        
0001b88a  __mspabi_sral_2                        
0001b88e  __mspabi_sral_1                        
0001b894  __mspabi_slll_15                       
0001b898  __mspabi_slll_14                       
0001b89c  __mspabi_slll_13                       
0001b8a0  __mspabi_slll_12                       
0001b8a4  __mspabi_slll_11                       
0001b8a8  __mspabi_slll_10                       
0001b8ac  __mspabi_slll_9                        
0001b8b0  __mspabi_slll_8                        
0001b8b4  __mspabi_slll_7                        
0001b8b8  __mspabi_slll_6                        
0001b8bc  __mspabi_slll_5                        
0001b8c0  __mspabi_slll_4                        
0001b8c4  __mspabi_slll_3                        
0001b8c8  __mspabi_slll_2                        
0001b8cc  __mspabi_slll_1                        
0001b8d2  __mspabi_srll_15                       
0001b8d6  __mspabi_srll_14                       
0001b8da  __mspabi_srll_13                       
0001b8de  __mspabi_srll_12                       
0001b8e2  __mspabi_srll_11                       
0001b8e6  __mspabi_srll_10                       
0001b8ea  __mspabi_srll_9                        
0001b8ee  __mspabi_srll_8                        
0001b8f2  __mspabi_srll_7                        
0001b8f6  __mspabi_srll_6                        
0001b8fa  __mspabi_srll_5                        
0001b8fe  __mspabi_srll_4                        
0001b902  __mspabi_srll_3                        
0001b906  __mspabi_srll_2                        
0001b90a  __mspabi_srll_1                        
0001b910  lseek                                  
0001b94e  XT1_Start                              
0001b98a  write                                  
0001b9c6  __mspabi_sllll                         
0001ba00  __mspabi_srlll                         
0001ba3a  dmp_set_tap_count                      
0001ba74  XT2_Start                              
0001baac  __TI_cleanup                           
0001bae2  __TI_writemsg                          
0001bb14  C$$IO$$                                
0001bb18  dmp_set_tap_time                       
0001bb4e  dmp_set_tap_time_multi                 
0001bb84  __mspabi_fltif                         
0001bbba  __TI_readmsg                           
0001bbec  __mspabi_subd                          
0001bc1e  control_Safety                         
0001bc50  dmp_set_shake_reject_time              
0001bc82  dmp_set_shake_reject_timeout           
0001bcb4  __mspabi_fltulf                        
0001bce6  strncpy                                
0001bd18  remove                                 
0001bd18  unlink                                 
0001bd48  __mspabi_negd                          
0001bd76  copysign                               
0001bd76  copysignl                              
0001bda4  finddevice                             
0001bdd2  __mspabi_divi                          
0001bdd2  __mspabi_remi                          
0001bdfe  __mspabi_fixdi                         
0001be26  uart_init                              
0001be4e  memcmp                                 
0001be74  __TI_zero_init_nomemset                
0001be98  __mspabi_fltuf                         
0001bebc  __mspabi_mpyl_f5hw                     
0001bee0  send_byte                              
0001bf04  ultrasonic_Init                        
0001bf28  MPU_IIC_Ack                            
0001bf48  MPU_IIC_NAck                           
0001bf68  MPU_IIC_Start                          
0001bf88  MPU_IIC_Stop                           
0001bfa8  mpu_get_sample_rate                    
0001bfc8  memccpy                                
0001bfe6  strchr                                 
0001c002  strcmp                                 
0001c01e  PPM_Capture_Init                       
0001c038  __mspabi_mpyi_f5hw                     
0001c050  dmp_load_motion_driver_firmware        
0001c066  llabs                                  
0001c07c  memchr                                 
0001c092  mpu_get_fifo_config                    
0001c0a8  __mspabi_divu                          
0001c0a8  __mspabi_remu                          
0001c0be  wcslen                                 
0001c0d4  MPU_IIC_Delay                          
0001c0e8  SCL_High                               
0001c0fc  SCL_Low                                
0001c110  SDA_High                               
0001c124  SDA_Low                                
0001c138  memcpy                                 
0001c14c  __TI_decompress_none                   
0001c15e  strcpy                                 
0001c170  toupper                                
0001c182  __mspabi_sral                          
0001c192  __mspabi_slll                          
0001c1a2  __mspabi_srll                          
0001c1b2  labs                                   
0001c1c0  mget_ms                                
0001c1ce  strlen                                 
0001c1dc  __mspabi_fltid                         
0001c1e8  abs                                    
0001c1f2  __mspabi_slli                          
0001c1fc  __mspabi_fltud                         
0001c208  C$$EXIT                                
0001c208  abort                                  
0001c20e  asinf                                  
0001c218  _system_pre_init                       
0001c21c  MPU_IIC_Init                           
0001c21e  _nop                                   
0001c220  _system_post_cinit                     
ffffffff  __TI_pprof_out_hndl                    
ffffffff  __TI_prof_data_size                    
ffffffff  __TI_prof_data_start                   
ffffffff  __c_args__                             

[1134 symbols]
