<?xml version="1.0" encoding="ISO-8859-1" ?>
<link_info>
   <banner>MSP430 Linker PC v18.1.2.LTS</banner>
   <copyright>Copyright (c) 2003-2017 Texas Instruments Incorporated</copyright>
   <link_time>0x5b53f5ee</link_time>
   <link_errors>0x0</link_errors>
   <output_file>FlightController_RabbitLab.out</output_file>
   <entry_point>
      <name>_c_int00_noargs</name>
      <address>0x457a</address>
   </entry_point>
   <input_file_list>
      <input_file id="fl-2">
         <path>.\F5xx_F6xx_Core_Lib\</path>
         <kind>object</kind>
         <file>HAL_FLASH.obj</file>
         <name>HAL_FLASH.obj</name>
      </input_file>
      <input_file id="fl-3">
         <path>.\F5xx_F6xx_Core_Lib\</path>
         <kind>object</kind>
         <file>HAL_PMAP.obj</file>
         <name>HAL_PMAP.obj</name>
      </input_file>
      <input_file id="fl-4">
         <path>.\F5xx_F6xx_Core_Lib\</path>
         <kind>object</kind>
         <file>HAL_PMM.obj</file>
         <name>HAL_PMM.obj</name>
      </input_file>
      <input_file id="fl-5">
         <path>.\F5xx_F6xx_Core_Lib\</path>
         <kind>object</kind>
         <file>HAL_TLV.obj</file>
         <name>HAL_TLV.obj</name>
      </input_file>
      <input_file id="fl-6">
         <path>.\F5xx_F6xx_Core_Lib\</path>
         <kind>object</kind>
         <file>HAL_UCS.obj</file>
         <name>HAL_UCS.obj</name>
      </input_file>
      <input_file id="fl-7">
         <path>.\driver\</path>
         <kind>object</kind>
         <file>i2c.obj</file>
         <name>i2c.obj</name>
      </input_file>
      <input_file id="fl-8">
         <path>.\driver\</path>
         <kind>object</kind>
         <file>inv_mpu.obj</file>
         <name>inv_mpu.obj</name>
      </input_file>
      <input_file id="fl-9">
         <path>.\driver\</path>
         <kind>object</kind>
         <file>inv_mpu_dmp_motion_driver.obj</file>
         <name>inv_mpu_dmp_motion_driver.obj</name>
      </input_file>
      <input_file id="fl-a">
         <path>.\driver\</path>
         <kind>object</kind>
         <file>motor.obj</file>
         <name>motor.obj</name>
      </input_file>
      <input_file id="fl-b">
         <path>.\driver\</path>
         <kind>object</kind>
         <file>mpu6050.obj</file>
         <name>mpu6050.obj</name>
      </input_file>
      <input_file id="fl-c">
         <path>.\driver\</path>
         <kind>object</kind>
         <file>oled.obj</file>
         <name>oled.obj</name>
      </input_file>
      <input_file id="fl-d">
         <path>.\driver\</path>
         <kind>object</kind>
         <file>ppm.obj</file>
         <name>ppm.obj</name>
      </input_file>
      <input_file id="fl-e">
         <path>.\driver\</path>
         <kind>object</kind>
         <file>ultrasonic.obj</file>
         <name>ultrasonic.obj</name>
      </input_file>
      <input_file id="fl-f">
         <path>.\driver\</path>
         <kind>object</kind>
         <file>usart.obj</file>
         <name>usart.obj</name>
      </input_file>
      <input_file id="fl-10">
         <path>.\flight_ctrl\</path>
         <kind>object</kind>
         <file>AttitudePID.obj</file>
         <name>AttitudePID.obj</name>
      </input_file>
      <input_file id="fl-11">
         <path>.\flight_ctrl\</path>
         <kind>object</kind>
         <file>PID.obj</file>
         <name>PID.obj</name>
      </input_file>
      <input_file id="fl-12">
         <path>.\flight_ctrl\</path>
         <kind>object</kind>
         <file>camera.obj</file>
         <name>camera.obj</name>
      </input_file>
      <input_file id="fl-13">
         <path>.\flight_ctrl\</path>
         <kind>object</kind>
         <file>control.obj</file>
         <name>control.obj</name>
      </input_file>
      <input_file id="fl-14">
         <path>.\flight_ctrl\</path>
         <kind>object</kind>
         <file>control_acro.obj</file>
         <name>control_acro.obj</name>
      </input_file>
      <input_file id="fl-15">
         <path>.\modules\</path>
         <kind>object</kind>
         <file>filter.obj</file>
         <name>filter.obj</name>
      </input_file>
      <input_file id="fl-16">
         <path>.\modules\</path>
         <kind>object</kind>
         <file>imu.obj</file>
         <name>imu.obj</name>
      </input_file>
      <input_file id="fl-17">
         <path>.\user\</path>
         <kind>object</kind>
         <file>main.obj</file>
         <name>main.obj</name>
      </input_file>
      <input_file id="fl-18">
         <path>.\user\</path>
         <kind>object</kind>
         <file>msp430_clock.obj</file>
         <name>msp430_clock.obj</name>
      </input_file>
      <input_file id="fl-1e">
         <kind>object</kind>
         <file>&lt;internal&gt;</file>
         <name>&lt;internal&gt;</name>
      </input_file>
      <input_file id="fl-24">
         <path>F:\TI\ccsv8\ccs_base\msp430\lib\5xx_6xx_FRxx\</path>
         <kind>archive</kind>
         <file>MSPMATHLIB_CCS_msp430_5xx_6xx_FRxx_large_code_restricted_data.lib</file>
         <name>msp430_acos_asin.o</name>
      </input_file>
      <input_file id="fl-25">
         <path>F:\TI\ccsv8\ccs_base\msp430\lib\5xx_6xx_FRxx\</path>
         <kind>archive</kind>
         <file>MSPMATHLIB_CCS_msp430_5xx_6xx_FRxx_large_code_restricted_data.lib</file>
         <name>msp430_atan2.o</name>
      </input_file>
      <input_file id="fl-26">
         <path>F:\TI\ccsv8\ccs_base\msp430\lib\5xx_6xx_FRxx\</path>
         <kind>archive</kind>
         <file>MSPMATHLIB_CCS_msp430_5xx_6xx_FRxx_large_code_restricted_data.lib</file>
         <name>msp430_tables.o</name>
      </input_file>
      <input_file id="fl-27">
         <path>F:\TI\ccsv8\ccs_base\msp430\lib\5xx_6xx_FRxx\</path>
         <kind>archive</kind>
         <file>MSPMATHLIB_CCS_msp430_5xx_6xx_FRxx_large_code_restricted_data.lib</file>
         <name>msp430_common.o</name>
      </input_file>
      <input_file id="fl-3d">
         <path>F:\TI\ccsv8\tools\compiler\ti-cgt-msp430_18.1.2.LTS\lib\</path>
         <kind>archive</kind>
         <file>rts430x_lc_rd_eabi.lib</file>
         <name>s_cos.c.obj</name>
      </input_file>
      <input_file id="fl-3e">
         <path>F:\TI\ccsv8\tools\compiler\ti-cgt-msp430_18.1.2.LTS\lib\</path>
         <kind>archive</kind>
         <file>rts430x_lc_rd_eabi.lib</file>
         <name>div16s.asm.obj</name>
      </input_file>
      <input_file id="fl-3f">
         <path>F:\TI\ccsv8\tools\compiler\ti-cgt-msp430_18.1.2.LTS\lib\</path>
         <kind>archive</kind>
         <file>rts430x_lc_rd_eabi.lib</file>
         <name>div16u.asm.obj</name>
      </input_file>
      <input_file id="fl-40">
         <path>F:\TI\ccsv8\tools\compiler\ti-cgt-msp430_18.1.2.LTS\lib\</path>
         <kind>archive</kind>
         <file>rts430x_lc_rd_eabi.lib</file>
         <name>div32s.asm.obj</name>
      </input_file>
      <input_file id="fl-41">
         <path>F:\TI\ccsv8\tools\compiler\ti-cgt-msp430_18.1.2.LTS\lib\</path>
         <kind>archive</kind>
         <file>rts430x_lc_rd_eabi.lib</file>
         <name>div32u.asm.obj</name>
      </input_file>
      <input_file id="fl-42">
         <path>F:\TI\ccsv8\tools\compiler\ti-cgt-msp430_18.1.2.LTS\lib\</path>
         <kind>archive</kind>
         <file>rts430x_lc_rd_eabi.lib</file>
         <name>fs_add.asm.obj</name>
      </input_file>
      <input_file id="fl-43">
         <path>F:\TI\ccsv8\tools\compiler\ti-cgt-msp430_18.1.2.LTS\lib\</path>
         <kind>archive</kind>
         <file>rts430x_lc_rd_eabi.lib</file>
         <name>fs_cmp.asm.obj</name>
      </input_file>
      <input_file id="fl-44">
         <path>F:\TI\ccsv8\tools\compiler\ti-cgt-msp430_18.1.2.LTS\lib\</path>
         <kind>archive</kind>
         <file>rts430x_lc_rd_eabi.lib</file>
         <name>fs_div.asm.obj</name>
      </input_file>
      <input_file id="fl-45">
         <path>F:\TI\ccsv8\tools\compiler\ti-cgt-msp430_18.1.2.LTS\lib\</path>
         <kind>archive</kind>
         <file>rts430x_lc_rd_eabi.lib</file>
         <name>fs_itof.asm.obj</name>
      </input_file>
      <input_file id="fl-46">
         <path>F:\TI\ccsv8\tools\compiler\ti-cgt-msp430_18.1.2.LTS\lib\</path>
         <kind>archive</kind>
         <file>rts430x_lc_rd_eabi.lib</file>
         <name>fs_ltof.asm.obj</name>
      </input_file>
      <input_file id="fl-47">
         <path>F:\TI\ccsv8\tools\compiler\ti-cgt-msp430_18.1.2.LTS\lib\</path>
         <kind>archive</kind>
         <file>rts430x_lc_rd_eabi.lib</file>
         <name>fs_mpy.asm.obj</name>
      </input_file>
      <input_file id="fl-48">
         <path>F:\TI\ccsv8\tools\compiler\ti-cgt-msp430_18.1.2.LTS\lib\</path>
         <kind>archive</kind>
         <file>rts430x_lc_rd_eabi.lib</file>
         <name>fs_neg.asm.obj</name>
      </input_file>
      <input_file id="fl-49">
         <path>F:\TI\ccsv8\tools\compiler\ti-cgt-msp430_18.1.2.LTS\lib\</path>
         <kind>archive</kind>
         <file>rts430x_lc_rd_eabi.lib</file>
         <name>fs_toi.asm.obj</name>
      </input_file>
      <input_file id="fl-4a">
         <path>F:\TI\ccsv8\tools\compiler\ti-cgt-msp430_18.1.2.LTS\lib\</path>
         <kind>archive</kind>
         <file>rts430x_lc_rd_eabi.lib</file>
         <name>fs_tol.asm.obj</name>
      </input_file>
      <input_file id="fl-4b">
         <path>F:\TI\ccsv8\tools\compiler\ti-cgt-msp430_18.1.2.LTS\lib\</path>
         <kind>archive</kind>
         <file>rts430x_lc_rd_eabi.lib</file>
         <name>fs_tou.asm.obj</name>
      </input_file>
      <input_file id="fl-4c">
         <path>F:\TI\ccsv8\tools\compiler\ti-cgt-msp430_18.1.2.LTS\lib\</path>
         <kind>archive</kind>
         <file>rts430x_lc_rd_eabi.lib</file>
         <name>fs_ultof.asm.obj</name>
      </input_file>
      <input_file id="fl-4d">
         <path>F:\TI\ccsv8\tools\compiler\ti-cgt-msp430_18.1.2.LTS\lib\</path>
         <kind>archive</kind>
         <file>rts430x_lc_rd_eabi.lib</file>
         <name>fs_utof.asm.obj</name>
      </input_file>
      <input_file id="fl-4e">
         <path>F:\TI\ccsv8\tools\compiler\ti-cgt-msp430_18.1.2.LTS\lib\</path>
         <kind>archive</kind>
         <file>rts430x_lc_rd_eabi.lib</file>
         <name>int41.asm.obj</name>
      </input_file>
      <input_file id="fl-4f">
         <path>F:\TI\ccsv8\tools\compiler\ti-cgt-msp430_18.1.2.LTS\lib\</path>
         <kind>archive</kind>
         <file>rts430x_lc_rd_eabi.lib</file>
         <name>int42.asm.obj</name>
      </input_file>
      <input_file id="fl-50">
         <path>F:\TI\ccsv8\tools\compiler\ti-cgt-msp430_18.1.2.LTS\lib\</path>
         <kind>archive</kind>
         <file>rts430x_lc_rd_eabi.lib</file>
         <name>int44.asm.obj</name>
      </input_file>
      <input_file id="fl-51">
         <path>F:\TI\ccsv8\tools\compiler\ti-cgt-msp430_18.1.2.LTS\lib\</path>
         <kind>archive</kind>
         <file>rts430x_lc_rd_eabi.lib</file>
         <name>int45.asm.obj</name>
      </input_file>
      <input_file id="fl-52">
         <path>F:\TI\ccsv8\tools\compiler\ti-cgt-msp430_18.1.2.LTS\lib\</path>
         <kind>archive</kind>
         <file>rts430x_lc_rd_eabi.lib</file>
         <name>int47.asm.obj</name>
      </input_file>
      <input_file id="fl-53">
         <path>F:\TI\ccsv8\tools\compiler\ti-cgt-msp430_18.1.2.LTS\lib\</path>
         <kind>archive</kind>
         <file>rts430x_lc_rd_eabi.lib</file>
         <name>int49.asm.obj</name>
      </input_file>
      <input_file id="fl-54">
         <path>F:\TI\ccsv8\tools\compiler\ti-cgt-msp430_18.1.2.LTS\lib\</path>
         <kind>archive</kind>
         <file>rts430x_lc_rd_eabi.lib</file>
         <name>int50.asm.obj</name>
      </input_file>
      <input_file id="fl-55">
         <path>F:\TI\ccsv8\tools\compiler\ti-cgt-msp430_18.1.2.LTS\lib\</path>
         <kind>archive</kind>
         <file>rts430x_lc_rd_eabi.lib</file>
         <name>int51.asm.obj</name>
      </input_file>
      <input_file id="fl-56">
         <path>F:\TI\ccsv8\tools\compiler\ti-cgt-msp430_18.1.2.LTS\lib\</path>
         <kind>archive</kind>
         <file>rts430x_lc_rd_eabi.lib</file>
         <name>int52.asm.obj</name>
      </input_file>
      <input_file id="fl-57">
         <path>F:\TI\ccsv8\tools\compiler\ti-cgt-msp430_18.1.2.LTS\lib\</path>
         <kind>archive</kind>
         <file>rts430x_lc_rd_eabi.lib</file>
         <name>int53.asm.obj</name>
      </input_file>
      <input_file id="fl-58">
         <path>F:\TI\ccsv8\tools\compiler\ti-cgt-msp430_18.1.2.LTS\lib\</path>
         <kind>archive</kind>
         <file>rts430x_lc_rd_eabi.lib</file>
         <name>int54.asm.obj</name>
      </input_file>
      <input_file id="fl-59">
         <path>F:\TI\ccsv8\tools\compiler\ti-cgt-msp430_18.1.2.LTS\lib\</path>
         <kind>archive</kind>
         <file>rts430x_lc_rd_eabi.lib</file>
         <name>int55.asm.obj</name>
      </input_file>
      <input_file id="fl-5a">
         <path>F:\TI\ccsv8\tools\compiler\ti-cgt-msp430_18.1.2.LTS\lib\</path>
         <kind>archive</kind>
         <file>rts430x_lc_rd_eabi.lib</file>
         <name>int56.asm.obj</name>
      </input_file>
      <input_file id="fl-5b">
         <path>F:\TI\ccsv8\tools\compiler\ti-cgt-msp430_18.1.2.LTS\lib\</path>
         <kind>archive</kind>
         <file>rts430x_lc_rd_eabi.lib</file>
         <name>int57.asm.obj</name>
      </input_file>
      <input_file id="fl-5c">
         <path>F:\TI\ccsv8\tools\compiler\ti-cgt-msp430_18.1.2.LTS\lib\</path>
         <kind>archive</kind>
         <file>rts430x_lc_rd_eabi.lib</file>
         <name>int58.asm.obj</name>
      </input_file>
      <input_file id="fl-5d">
         <path>F:\TI\ccsv8\tools\compiler\ti-cgt-msp430_18.1.2.LTS\lib\</path>
         <kind>archive</kind>
         <file>rts430x_lc_rd_eabi.lib</file>
         <name>int60.asm.obj</name>
      </input_file>
      <input_file id="fl-5e">
         <path>F:\TI\ccsv8\tools\compiler\ti-cgt-msp430_18.1.2.LTS\lib\</path>
         <kind>archive</kind>
         <file>rts430x_lc_rd_eabi.lib</file>
         <name>int61.asm.obj</name>
      </input_file>
      <input_file id="fl-5f">
         <path>F:\TI\ccsv8\tools\compiler\ti-cgt-msp430_18.1.2.LTS\lib\</path>
         <kind>archive</kind>
         <file>rts430x_lc_rd_eabi.lib</file>
         <name>int62.asm.obj</name>
      </input_file>
      <input_file id="fl-60">
         <path>F:\TI\ccsv8\tools\compiler\ti-cgt-msp430_18.1.2.LTS\lib\</path>
         <kind>archive</kind>
         <file>rts430x_lc_rd_eabi.lib</file>
         <name>isr_trap.asm.obj</name>
      </input_file>
      <input_file id="fl-61">
         <path>F:\TI\ccsv8\tools\compiler\ti-cgt-msp430_18.1.2.LTS\lib\</path>
         <kind>archive</kind>
         <file>rts430x_lc_rd_eabi.lib</file>
         <name>lsl16.asm.obj</name>
      </input_file>
      <input_file id="fl-62">
         <path>F:\TI\ccsv8\tools\compiler\ti-cgt-msp430_18.1.2.LTS\lib\</path>
         <kind>archive</kind>
         <file>rts430x_lc_rd_eabi.lib</file>
         <name>lsl32.asm.obj</name>
      </input_file>
      <input_file id="fl-63">
         <path>F:\TI\ccsv8\tools\compiler\ti-cgt-msp430_18.1.2.LTS\lib\</path>
         <kind>archive</kind>
         <file>rts430x_lc_rd_eabi.lib</file>
         <name>lsr32.asm.obj</name>
      </input_file>
      <input_file id="fl-64">
         <path>F:\TI\ccsv8\tools\compiler\ti-cgt-msp430_18.1.2.LTS\lib\</path>
         <kind>archive</kind>
         <file>rts430x_lc_rd_eabi.lib</file>
         <name>mult16.asm.obj</name>
      </input_file>
      <input_file id="fl-65">
         <path>F:\TI\ccsv8\tools\compiler\ti-cgt-msp430_18.1.2.LTS\lib\</path>
         <kind>archive</kind>
         <file>rts430x_lc_rd_eabi.lib</file>
         <name>mult16_f5hw.asm.obj</name>
      </input_file>
      <input_file id="fl-66">
         <path>F:\TI\ccsv8\tools\compiler\ti-cgt-msp430_18.1.2.LTS\lib\</path>
         <kind>archive</kind>
         <file>rts430x_lc_rd_eabi.lib</file>
         <name>mult1632_f5hw.asm.obj</name>
      </input_file>
      <input_file id="fl-67">
         <path>F:\TI\ccsv8\tools\compiler\ti-cgt-msp430_18.1.2.LTS\lib\</path>
         <kind>archive</kind>
         <file>rts430x_lc_rd_eabi.lib</file>
         <name>mult32.asm.obj</name>
      </input_file>
      <input_file id="fl-68">
         <path>F:\TI\ccsv8\tools\compiler\ti-cgt-msp430_18.1.2.LTS\lib\</path>
         <kind>archive</kind>
         <file>rts430x_lc_rd_eabi.lib</file>
         <name>mult32_f5hw.asm.obj</name>
      </input_file>
      <input_file id="fl-69">
         <path>F:\TI\ccsv8\tools\compiler\ti-cgt-msp430_18.1.2.LTS\lib\</path>
         <kind>archive</kind>
         <file>rts430x_lc_rd_eabi.lib</file>
         <name>mult3264_f5hw.asm.obj</name>
      </input_file>
      <input_file id="fl-6a">
         <path>F:\TI\ccsv8\tools\compiler\ti-cgt-msp430_18.1.2.LTS\lib\</path>
         <kind>archive</kind>
         <file>rts430x_lc_rd_eabi.lib</file>
         <name>mult64.asm.obj</name>
      </input_file>
      <input_file id="fl-6b">
         <path>F:\TI\ccsv8\tools\compiler\ti-cgt-msp430_18.1.2.LTS\lib\</path>
         <kind>archive</kind>
         <file>rts430x_lc_rd_eabi.lib</file>
         <name>mult64_f5hw.asm.obj</name>
      </input_file>
      <input_file id="fl-6c">
         <path>F:\TI\ccsv8\tools\compiler\ti-cgt-msp430_18.1.2.LTS\lib\</path>
         <kind>archive</kind>
         <file>rts430x_lc_rd_eabi.lib</file>
         <name>boot.c.obj</name>
      </input_file>
      <input_file id="fl-6d">
         <path>F:\TI\ccsv8\tools\compiler\ti-cgt-msp430_18.1.2.LTS\lib\</path>
         <kind>archive</kind>
         <file>rts430x_lc_rd_eabi.lib</file>
         <name>autoinit.c.obj</name>
      </input_file>
      <input_file id="fl-6e">
         <path>F:\TI\ccsv8\tools\compiler\ti-cgt-msp430_18.1.2.LTS\lib\</path>
         <kind>archive</kind>
         <file>rts430x_lc_rd_eabi.lib</file>
         <name>copy_zero_init.c.obj</name>
      </input_file>
      <input_file id="fl-6f">
         <path>F:\TI\ccsv8\tools\compiler\ti-cgt-msp430_18.1.2.LTS\lib\</path>
         <kind>archive</kind>
         <file>rts430x_lc_rd_eabi.lib</file>
         <name>cpy_tbl.c.obj</name>
      </input_file>
      <input_file id="fl-70">
         <path>F:\TI\ccsv8\tools\compiler\ti-cgt-msp430_18.1.2.LTS\lib\</path>
         <kind>archive</kind>
         <file>rts430x_lc_rd_eabi.lib</file>
         <name>mpu_init.c.obj</name>
      </input_file>
      <input_file id="fl-71">
         <path>F:\TI\ccsv8\tools\compiler\ti-cgt-msp430_18.1.2.LTS\lib\</path>
         <kind>archive</kind>
         <file>rts430x_lc_rd_eabi.lib</file>
         <name>asr64.c.obj</name>
      </input_file>
      <input_file id="fl-72">
         <path>F:\TI\ccsv8\tools\compiler\ti-cgt-msp430_18.1.2.LTS\lib\</path>
         <kind>archive</kind>
         <file>rts430x_lc_rd_eabi.lib</file>
         <name>lsl64.c.obj</name>
      </input_file>
      <input_file id="fl-73">
         <path>F:\TI\ccsv8\tools\compiler\ti-cgt-msp430_18.1.2.LTS\lib\</path>
         <kind>archive</kind>
         <file>rts430x_lc_rd_eabi.lib</file>
         <name>lsr64.c.obj</name>
      </input_file>
      <input_file id="fl-74">
         <path>F:\TI\ccsv8\tools\compiler\ti-cgt-msp430_18.1.2.LTS\lib\</path>
         <kind>archive</kind>
         <file>rts430x_lc_rd_eabi.lib</file>
         <name>div64s.c.obj</name>
      </input_file>
      <input_file id="fl-75">
         <path>F:\TI\ccsv8\tools\compiler\ti-cgt-msp430_18.1.2.LTS\lib\</path>
         <kind>archive</kind>
         <file>rts430x_lc_rd_eabi.lib</file>
         <name>div64u.c.obj</name>
      </input_file>
      <input_file id="fl-76">
         <path>F:\TI\ccsv8\tools\compiler\ti-cgt-msp430_18.1.2.LTS\lib\</path>
         <kind>archive</kind>
         <file>rts430x_lc_rd_eabi.lib</file>
         <name>pre_init.c.obj</name>
      </input_file>
      <input_file id="fl-77">
         <path>F:\TI\ccsv8\tools\compiler\ti-cgt-msp430_18.1.2.LTS\lib\</path>
         <kind>archive</kind>
         <file>rts430x_lc_rd_eabi.lib</file>
         <name>startup.c.obj</name>
      </input_file>
      <input_file id="fl-78">
         <path>F:\TI\ccsv8\tools\compiler\ti-cgt-msp430_18.1.2.LTS\lib\</path>
         <kind>archive</kind>
         <file>rts430x_lc_rd_eabi.lib</file>
         <name>copy_decompress_none.c.obj</name>
      </input_file>
      <input_file id="fl-79">
         <path>F:\TI\ccsv8\tools\compiler\ti-cgt-msp430_18.1.2.LTS\lib\</path>
         <kind>archive</kind>
         <file>rts430x_lc_rd_eabi.lib</file>
         <name>copy_decompress_lzss.c.obj</name>
      </input_file>
      <input_file id="fl-7a">
         <path>F:\TI\ccsv8\tools\compiler\ti-cgt-msp430_18.1.2.LTS\lib\</path>
         <kind>archive</kind>
         <file>rts430x_lc_rd_eabi.lib</file>
         <name>addd.c.obj</name>
      </input_file>
      <input_file id="fl-7b">
         <path>F:\TI\ccsv8\tools\compiler\ti-cgt-msp430_18.1.2.LTS\lib\</path>
         <kind>archive</kind>
         <file>rts430x_lc_rd_eabi.lib</file>
         <name>cmpd.c.obj</name>
      </input_file>
      <input_file id="fl-7c">
         <path>F:\TI\ccsv8\tools\compiler\ti-cgt-msp430_18.1.2.LTS\lib\</path>
         <kind>archive</kind>
         <file>rts430x_lc_rd_eabi.lib</file>
         <name>cvtfd.c.obj</name>
      </input_file>
      <input_file id="fl-7d">
         <path>F:\TI\ccsv8\tools\compiler\ti-cgt-msp430_18.1.2.LTS\lib\</path>
         <kind>archive</kind>
         <file>rts430x_lc_rd_eabi.lib</file>
         <name>divd.c.obj</name>
      </input_file>
      <input_file id="fl-7e">
         <path>F:\TI\ccsv8\tools\compiler\ti-cgt-msp430_18.1.2.LTS\lib\</path>
         <kind>archive</kind>
         <file>rts430x_lc_rd_eabi.lib</file>
         <name>fixdi.c.obj</name>
      </input_file>
      <input_file id="fl-7f">
         <path>F:\TI\ccsv8\tools\compiler\ti-cgt-msp430_18.1.2.LTS\lib\</path>
         <kind>archive</kind>
         <file>rts430x_lc_rd_eabi.lib</file>
         <name>fixdli.c.obj</name>
      </input_file>
      <input_file id="fl-80">
         <path>F:\TI\ccsv8\tools\compiler\ti-cgt-msp430_18.1.2.LTS\lib\</path>
         <kind>archive</kind>
         <file>rts430x_lc_rd_eabi.lib</file>
         <name>fixdu.c.obj</name>
      </input_file>
      <input_file id="fl-81">
         <path>F:\TI\ccsv8\tools\compiler\ti-cgt-msp430_18.1.2.LTS\lib\</path>
         <kind>archive</kind>
         <file>rts430x_lc_rd_eabi.lib</file>
         <name>fixdul.c.obj</name>
      </input_file>
      <input_file id="fl-82">
         <path>F:\TI\ccsv8\tools\compiler\ti-cgt-msp430_18.1.2.LTS\lib\</path>
         <kind>archive</kind>
         <file>rts430x_lc_rd_eabi.lib</file>
         <name>fltid.c.obj</name>
      </input_file>
      <input_file id="fl-83">
         <path>F:\TI\ccsv8\tools\compiler\ti-cgt-msp430_18.1.2.LTS\lib\</path>
         <kind>archive</kind>
         <file>rts430x_lc_rd_eabi.lib</file>
         <name>fltlid.c.obj</name>
      </input_file>
      <input_file id="fl-84">
         <path>F:\TI\ccsv8\tools\compiler\ti-cgt-msp430_18.1.2.LTS\lib\</path>
         <kind>archive</kind>
         <file>rts430x_lc_rd_eabi.lib</file>
         <name>fltud.c.obj</name>
      </input_file>
      <input_file id="fl-85">
         <path>F:\TI\ccsv8\tools\compiler\ti-cgt-msp430_18.1.2.LTS\lib\</path>
         <kind>archive</kind>
         <file>rts430x_lc_rd_eabi.lib</file>
         <name>fltuld.c.obj</name>
      </input_file>
      <input_file id="fl-86">
         <path>F:\TI\ccsv8\tools\compiler\ti-cgt-msp430_18.1.2.LTS\lib\</path>
         <kind>archive</kind>
         <file>rts430x_lc_rd_eabi.lib</file>
         <name>frcaddd.c.obj</name>
      </input_file>
      <input_file id="fl-87">
         <path>F:\TI\ccsv8\tools\compiler\ti-cgt-msp430_18.1.2.LTS\lib\</path>
         <kind>archive</kind>
         <file>rts430x_lc_rd_eabi.lib</file>
         <name>frcdivd.c.obj</name>
      </input_file>
      <input_file id="fl-88">
         <path>F:\TI\ccsv8\tools\compiler\ti-cgt-msp430_18.1.2.LTS\lib\</path>
         <kind>archive</kind>
         <file>rts430x_lc_rd_eabi.lib</file>
         <name>mpyd.c.obj</name>
      </input_file>
      <input_file id="fl-89">
         <path>F:\TI\ccsv8\tools\compiler\ti-cgt-msp430_18.1.2.LTS\lib\</path>
         <kind>archive</kind>
         <file>rts430x_lc_rd_eabi.lib</file>
         <name>negd.c.obj</name>
      </input_file>
      <input_file id="fl-8a">
         <path>F:\TI\ccsv8\tools\compiler\ti-cgt-msp430_18.1.2.LTS\lib\</path>
         <kind>archive</kind>
         <file>rts430x_lc_rd_eabi.lib</file>
         <name>renormd.c.obj</name>
      </input_file>
      <input_file id="fl-8b">
         <path>F:\TI\ccsv8\tools\compiler\ti-cgt-msp430_18.1.2.LTS\lib\</path>
         <kind>archive</kind>
         <file>rts430x_lc_rd_eabi.lib</file>
         <name>subd.c.obj</name>
      </input_file>
      <input_file id="fl-8c">
         <path>F:\TI\ccsv8\tools\compiler\ti-cgt-msp430_18.1.2.LTS\lib\</path>
         <kind>archive</kind>
         <file>rts430x_lc_rd_eabi.lib</file>
         <name>cvtdf.c.obj</name>
      </input_file>
      <input_file id="fl-8d">
         <path>F:\TI\ccsv8\tools\compiler\ti-cgt-msp430_18.1.2.LTS\lib\</path>
         <kind>archive</kind>
         <file>rts430x_lc_rd_eabi.lib</file>
         <name>exit.c.obj</name>
      </input_file>
      <input_file id="fl-8e">
         <path>F:\TI\ccsv8\tools\compiler\ti-cgt-msp430_18.1.2.LTS\lib\</path>
         <kind>archive</kind>
         <file>rts430x_lc_rd_eabi.lib</file>
         <name>_lock.c.obj</name>
      </input_file>
      <input_file id="fl-8f">
         <path>F:\TI\ccsv8\tools\compiler\ti-cgt-msp430_18.1.2.LTS\lib\</path>
         <kind>archive</kind>
         <file>rts430x_lc_rd_eabi.lib</file>
         <name>args_main.c.obj</name>
      </input_file>
      <input_file id="fl-90">
         <path>F:\TI\ccsv8\tools\compiler\ti-cgt-msp430_18.1.2.LTS\lib\</path>
         <kind>archive</kind>
         <file>rts430x_lc_rd_eabi.lib</file>
         <name>memcmp.c.obj</name>
      </input_file>
      <input_file id="fl-91">
         <path>F:\TI\ccsv8\tools\compiler\ti-cgt-msp430_18.1.2.LTS\lib\</path>
         <kind>archive</kind>
         <file>rts430x_lc_rd_eabi.lib</file>
         <name>memcpy.c.obj</name>
      </input_file>
      <input_file id="fl-92">
         <path>F:\TI\ccsv8\tools\compiler\ti-cgt-msp430_18.1.2.LTS\lib\</path>
         <kind>archive</kind>
         <file>rts430x_lc_rd_eabi.lib</file>
         <name>printf.c.obj</name>
      </input_file>
      <input_file id="fl-93">
         <path>F:\TI\ccsv8\tools\compiler\ti-cgt-msp430_18.1.2.LTS\lib\</path>
         <kind>archive</kind>
         <file>rts430x_lc_rd_eabi.lib</file>
         <name>abs.c.obj</name>
      </input_file>
      <input_file id="fl-94">
         <path>F:\TI\ccsv8\tools\compiler\ti-cgt-msp430_18.1.2.LTS\lib\</path>
         <kind>archive</kind>
         <file>rts430x_lc_rd_eabi.lib</file>
         <name>labs.c.obj</name>
      </input_file>
      <input_file id="fl-95">
         <path>F:\TI\ccsv8\tools\compiler\ti-cgt-msp430_18.1.2.LTS\lib\</path>
         <kind>archive</kind>
         <file>rts430x_lc_rd_eabi.lib</file>
         <name>llabs.c.obj</name>
      </input_file>
      <input_file id="fl-96">
         <path>F:\TI\ccsv8\tools\compiler\ti-cgt-msp430_18.1.2.LTS\lib\</path>
         <kind>archive</kind>
         <file>rts430x_lc_rd_eabi.lib</file>
         <name>k_rem_pio2.c.obj</name>
      </input_file>
      <input_file id="fl-97">
         <path>F:\TI\ccsv8\tools\compiler\ti-cgt-msp430_18.1.2.LTS\lib\</path>
         <kind>archive</kind>
         <file>rts430x_lc_rd_eabi.lib</file>
         <name>k_cos.c.obj</name>
      </input_file>
      <input_file id="fl-98">
         <path>F:\TI\ccsv8\tools\compiler\ti-cgt-msp430_18.1.2.LTS\lib\</path>
         <kind>archive</kind>
         <file>rts430x_lc_rd_eabi.lib</file>
         <name>k_sin.c.obj</name>
      </input_file>
      <input_file id="fl-99">
         <path>F:\TI\ccsv8\tools\compiler\ti-cgt-msp430_18.1.2.LTS\lib\</path>
         <kind>archive</kind>
         <file>rts430x_lc_rd_eabi.lib</file>
         <name>s_floor.c.obj</name>
      </input_file>
      <input_file id="fl-9a">
         <path>F:\TI\ccsv8\tools\compiler\ti-cgt-msp430_18.1.2.LTS\lib\</path>
         <kind>archive</kind>
         <file>rts430x_lc_rd_eabi.lib</file>
         <name>s_scalbn.c.obj</name>
      </input_file>
      <input_file id="fl-9b">
         <path>F:\TI\ccsv8\tools\compiler\ti-cgt-msp430_18.1.2.LTS\lib\</path>
         <kind>archive</kind>
         <file>rts430x_lc_rd_eabi.lib</file>
         <name>asr32.asm.obj</name>
      </input_file>
      <input_file id="fl-9c">
         <path>F:\TI\ccsv8\tools\compiler\ti-cgt-msp430_18.1.2.LTS\lib\</path>
         <kind>archive</kind>
         <file>rts430x_lc_rd_eabi.lib</file>
         <name>mult1632.asm.obj</name>
      </input_file>
      <input_file id="fl-9d">
         <path>F:\TI\ccsv8\tools\compiler\ti-cgt-msp430_18.1.2.LTS\lib\</path>
         <kind>archive</kind>
         <file>rts430x_lc_rd_eabi.lib</file>
         <name>exit_gvars.c.obj</name>
      </input_file>
      <input_file id="fl-9e">
         <path>F:\TI\ccsv8\tools\compiler\ti-cgt-msp430_18.1.2.LTS\lib\</path>
         <kind>archive</kind>
         <file>rts430x_lc_rd_eabi.lib</file>
         <name>frcmpyd.c.obj</name>
      </input_file>
      <input_file id="fl-9f">
         <path>F:\TI\ccsv8\tools\compiler\ti-cgt-msp430_18.1.2.LTS\lib\</path>
         <kind>archive</kind>
         <file>rts430x_lc_rd_eabi.lib</file>
         <name>_printfi.c.obj</name>
      </input_file>
      <input_file id="fl-a0">
         <path>F:\TI\ccsv8\tools\compiler\ti-cgt-msp430_18.1.2.LTS\lib\</path>
         <kind>archive</kind>
         <file>rts430x_lc_rd_eabi.lib</file>
         <name>atoi.c.obj</name>
      </input_file>
      <input_file id="fl-a1">
         <path>F:\TI\ccsv8\tools\compiler\ti-cgt-msp430_18.1.2.LTS\lib\</path>
         <kind>archive</kind>
         <file>rts430x_lc_rd_eabi.lib</file>
         <name>ctype.c.obj</name>
      </input_file>
      <input_file id="fl-a2">
         <path>F:\TI\ccsv8\tools\compiler\ti-cgt-msp430_18.1.2.LTS\lib\</path>
         <kind>archive</kind>
         <file>rts430x_lc_rd_eabi.lib</file>
         <name>defs.c.obj</name>
      </input_file>
      <input_file id="fl-a3">
         <path>F:\TI\ccsv8\tools\compiler\ti-cgt-msp430_18.1.2.LTS\lib\</path>
         <kind>archive</kind>
         <file>rts430x_lc_rd_eabi.lib</file>
         <name>fputc.c.obj</name>
      </input_file>
      <input_file id="fl-a4">
         <path>F:\TI\ccsv8\tools\compiler\ti-cgt-msp430_18.1.2.LTS\lib\</path>
         <kind>archive</kind>
         <file>rts430x_lc_rd_eabi.lib</file>
         <name>fputs.c.obj</name>
      </input_file>
      <input_file id="fl-a5">
         <path>F:\TI\ccsv8\tools\compiler\ti-cgt-msp430_18.1.2.LTS\lib\</path>
         <kind>archive</kind>
         <file>rts430x_lc_rd_eabi.lib</file>
         <name>ltoa.c.obj</name>
      </input_file>
      <input_file id="fl-a6">
         <path>F:\TI\ccsv8\tools\compiler\ti-cgt-msp430_18.1.2.LTS\lib\</path>
         <kind>archive</kind>
         <file>rts430x_lc_rd_eabi.lib</file>
         <name>memccpy.c.obj</name>
      </input_file>
      <input_file id="fl-a7">
         <path>F:\TI\ccsv8\tools\compiler\ti-cgt-msp430_18.1.2.LTS\lib\</path>
         <kind>archive</kind>
         <file>rts430x_lc_rd_eabi.lib</file>
         <name>memchr.c.obj</name>
      </input_file>
      <input_file id="fl-a8">
         <path>F:\TI\ccsv8\tools\compiler\ti-cgt-msp430_18.1.2.LTS\lib\</path>
         <kind>archive</kind>
         <file>rts430x_lc_rd_eabi.lib</file>
         <name>strchr.c.obj</name>
      </input_file>
      <input_file id="fl-a9">
         <path>F:\TI\ccsv8\tools\compiler\ti-cgt-msp430_18.1.2.LTS\lib\</path>
         <kind>archive</kind>
         <file>rts430x_lc_rd_eabi.lib</file>
         <name>strlen.c.obj</name>
      </input_file>
      <input_file id="fl-aa">
         <path>F:\TI\ccsv8\tools\compiler\ti-cgt-msp430_18.1.2.LTS\lib\</path>
         <kind>archive</kind>
         <file>rts430x_lc_rd_eabi.lib</file>
         <name>toupper.c.obj</name>
      </input_file>
      <input_file id="fl-ab">
         <path>F:\TI\ccsv8\tools\compiler\ti-cgt-msp430_18.1.2.LTS\lib\</path>
         <kind>archive</kind>
         <file>rts430x_lc_rd_eabi.lib</file>
         <name>write.c.obj</name>
      </input_file>
      <input_file id="fl-ac">
         <path>F:\TI\ccsv8\tools\compiler\ti-cgt-msp430_18.1.2.LTS\lib\</path>
         <kind>archive</kind>
         <file>rts430x_lc_rd_eabi.lib</file>
         <name>errno.c.obj</name>
      </input_file>
      <input_file id="fl-ad">
         <path>F:\TI\ccsv8\tools\compiler\ti-cgt-msp430_18.1.2.LTS\lib\</path>
         <kind>archive</kind>
         <file>rts430x_lc_rd_eabi.lib</file>
         <name>s_copysign.c.obj</name>
      </input_file>
      <input_file id="fl-ae">
         <path>F:\TI\ccsv8\tools\compiler\ti-cgt-msp430_18.1.2.LTS\lib\</path>
         <kind>archive</kind>
         <file>rts430x_lc_rd_eabi.lib</file>
         <name>s_frexp.c.obj</name>
      </input_file>
      <input_file id="fl-af">
         <path>F:\TI\ccsv8\tools\compiler\ti-cgt-msp430_18.1.2.LTS\lib\</path>
         <kind>archive</kind>
         <file>rts430x_lc_rd_eabi.lib</file>
         <name>wcslen.c.obj</name>
      </input_file>
      <input_file id="fl-b0">
         <path>F:\TI\ccsv8\tools\compiler\ti-cgt-msp430_18.1.2.LTS\lib\</path>
         <kind>archive</kind>
         <file>rts430x_lc_rd_eabi.lib</file>
         <name>_io_perm.c.obj</name>
      </input_file>
      <input_file id="fl-b1">
         <path>F:\TI\ccsv8\tools\compiler\ti-cgt-msp430_18.1.2.LTS\lib\</path>
         <kind>archive</kind>
         <file>rts430x_lc_rd_eabi.lib</file>
         <name>fflush.c.obj</name>
      </input_file>
      <input_file id="fl-b2">
         <path>F:\TI\ccsv8\tools\compiler\ti-cgt-msp430_18.1.2.LTS\lib\</path>
         <kind>archive</kind>
         <file>rts430x_lc_rd_eabi.lib</file>
         <name>fseek.c.obj</name>
      </input_file>
      <input_file id="fl-b3">
         <path>F:\TI\ccsv8\tools\compiler\ti-cgt-msp430_18.1.2.LTS\lib\</path>
         <kind>archive</kind>
         <file>rts430x_lc_rd_eabi.lib</file>
         <name>lseek.c.obj</name>
      </input_file>
      <input_file id="fl-b4">
         <path>F:\TI\ccsv8\tools\compiler\ti-cgt-msp430_18.1.2.LTS\lib\</path>
         <kind>archive</kind>
         <file>rts430x_lc_rd_eabi.lib</file>
         <name>setvbuf.c.obj</name>
      </input_file>
      <input_file id="fl-b5">
         <path>F:\TI\ccsv8\tools\compiler\ti-cgt-msp430_18.1.2.LTS\lib\</path>
         <kind>archive</kind>
         <file>rts430x_lc_rd_eabi.lib</file>
         <name>hostclose.c.obj</name>
      </input_file>
      <input_file id="fl-b6">
         <path>F:\TI\ccsv8\tools\compiler\ti-cgt-msp430_18.1.2.LTS\lib\</path>
         <kind>archive</kind>
         <file>rts430x_lc_rd_eabi.lib</file>
         <name>hostlseek.c.obj</name>
      </input_file>
      <input_file id="fl-b7">
         <path>F:\TI\ccsv8\tools\compiler\ti-cgt-msp430_18.1.2.LTS\lib\</path>
         <kind>archive</kind>
         <file>rts430x_lc_rd_eabi.lib</file>
         <name>hostopen.c.obj</name>
      </input_file>
      <input_file id="fl-b8">
         <path>F:\TI\ccsv8\tools\compiler\ti-cgt-msp430_18.1.2.LTS\lib\</path>
         <kind>archive</kind>
         <file>rts430x_lc_rd_eabi.lib</file>
         <name>hostread.c.obj</name>
      </input_file>
      <input_file id="fl-b9">
         <path>F:\TI\ccsv8\tools\compiler\ti-cgt-msp430_18.1.2.LTS\lib\</path>
         <kind>archive</kind>
         <file>rts430x_lc_rd_eabi.lib</file>
         <name>hostrename.c.obj</name>
      </input_file>
      <input_file id="fl-ba">
         <path>F:\TI\ccsv8\tools\compiler\ti-cgt-msp430_18.1.2.LTS\lib\</path>
         <kind>archive</kind>
         <file>rts430x_lc_rd_eabi.lib</file>
         <name>hostunlink.c.obj</name>
      </input_file>
      <input_file id="fl-bb">
         <path>F:\TI\ccsv8\tools\compiler\ti-cgt-msp430_18.1.2.LTS\lib\</path>
         <kind>archive</kind>
         <file>rts430x_lc_rd_eabi.lib</file>
         <name>hostwrite.c.obj</name>
      </input_file>
      <input_file id="fl-bc">
         <path>F:\TI\ccsv8\tools\compiler\ti-cgt-msp430_18.1.2.LTS\lib\</path>
         <kind>archive</kind>
         <file>rts430x_lc_rd_eabi.lib</file>
         <name>trgmsg.c.obj</name>
      </input_file>
      <input_file id="fl-bd">
         <path>F:\TI\ccsv8\tools\compiler\ti-cgt-msp430_18.1.2.LTS\lib\</path>
         <kind>archive</kind>
         <file>rts430x_lc_rd_eabi.lib</file>
         <name>memory.c.obj</name>
      </input_file>
      <input_file id="fl-be">
         <path>F:\TI\ccsv8\tools\compiler\ti-cgt-msp430_18.1.2.LTS\lib\</path>
         <kind>archive</kind>
         <file>rts430x_lc_rd_eabi.lib</file>
         <name>fopen.c.obj</name>
      </input_file>
      <input_file id="fl-bf">
         <path>F:\TI\ccsv8\tools\compiler\ti-cgt-msp430_18.1.2.LTS\lib\</path>
         <kind>archive</kind>
         <file>rts430x_lc_rd_eabi.lib</file>
         <name>open.c.obj</name>
      </input_file>
      <input_file id="fl-c0">
         <path>F:\TI\ccsv8\tools\compiler\ti-cgt-msp430_18.1.2.LTS\lib\</path>
         <kind>archive</kind>
         <file>rts430x_lc_rd_eabi.lib</file>
         <name>strcpy.c.obj</name>
      </input_file>
      <input_file id="fl-c1">
         <path>F:\TI\ccsv8\tools\compiler\ti-cgt-msp430_18.1.2.LTS\lib\</path>
         <kind>archive</kind>
         <file>rts430x_lc_rd_eabi.lib</file>
         <name>fclose.c.obj</name>
      </input_file>
      <input_file id="fl-c2">
         <path>F:\TI\ccsv8\tools\compiler\ti-cgt-msp430_18.1.2.LTS\lib\</path>
         <kind>archive</kind>
         <file>rts430x_lc_rd_eabi.lib</file>
         <name>getdevice.c.obj</name>
      </input_file>
      <input_file id="fl-c3">
         <path>F:\TI\ccsv8\tools\compiler\ti-cgt-msp430_18.1.2.LTS\lib\</path>
         <kind>archive</kind>
         <file>rts430x_lc_rd_eabi.lib</file>
         <name>remove.c.obj</name>
      </input_file>
      <input_file id="fl-c4">
         <path>F:\TI\ccsv8\tools\compiler\ti-cgt-msp430_18.1.2.LTS\lib\</path>
         <kind>archive</kind>
         <file>rts430x_lc_rd_eabi.lib</file>
         <name>strcmp.c.obj</name>
      </input_file>
      <input_file id="fl-c5">
         <path>F:\TI\ccsv8\tools\compiler\ti-cgt-msp430_18.1.2.LTS\lib\</path>
         <kind>archive</kind>
         <file>rts430x_lc_rd_eabi.lib</file>
         <name>strncpy.c.obj</name>
      </input_file>
      <input_file id="fl-c6">
         <path>F:\TI\ccsv8\tools\compiler\ti-cgt-msp430_18.1.2.LTS\lib\</path>
         <kind>archive</kind>
         <file>rts430x_lc_rd_eabi.lib</file>
         <name>unlink.c.obj</name>
      </input_file>
      <input_file id="fl-c7">
         <path>F:\TI\ccsv8\tools\compiler\ti-cgt-msp430_18.1.2.LTS\lib\</path>
         <kind>archive</kind>
         <file>rts430x_lc_rd_eabi.lib</file>
         <name>close.c.obj</name>
      </input_file>
   </input_file_list>
   <object_component_list>
      <object_component id="oc-47e">
         <name>.bss</name>
         <uninitialized>true</uninitialized>
         <run_address>0x2b48</run_address>
         <size>0x1</size>
         <input_file_ref idref="fl-d"/>
      </object_component>
      <object_component id="oc-666">
         <name>.bss:dsts$1</name>
         <uninitialized>true</uninitialized>
         <run_address>0x2a9a</run_address>
         <size>0xc</size>
         <input_file_ref idref="fl-e"/>
      </object_component>
      <object_component id="oc-c61">
         <name>.bss</name>
         <uninitialized>true</uninitialized>
         <run_address>0x2b1e</run_address>
         <size>0xa</size>
         <input_file_ref idref="fl-bd"/>
      </object_component>
      <object_component id="oc-4eb">
         <name>.common:dst_f</name>
         <uninitialized>true</uninitialized>
         <run_address>0x2b40</run_address>
         <size>0x4</size>
      </object_component>
      <object_component id="oc-68e">
         <name>.common:Height_PID</name>
         <uninitialized>true</uninitialized>
         <run_address>0x2b30</run_address>
         <size>0x4</size>
      </object_component>
      <object_component id="oc-47d">
         <name>.common:rc</name>
         <uninitialized>true</uninitialized>
         <run_address>0x2b12</run_address>
         <size>0xc</size>
      </object_component>
      <object_component id="oc-418">
         <name>.common:_val</name>
         <uninitialized>true</uninitialized>
         <run_address>0x2b46</run_address>
         <size>0x2</size>
      </object_component>
      <object_component id="oc-415">
         <name>.common:_preval</name>
         <uninitialized>true</uninitialized>
         <run_address>0x2b44</run_address>
         <size>0x2</size>
      </object_component>
      <object_component id="oc-695">
         <name>.common:Pitch_PID</name>
         <uninitialized>true</uninitialized>
         <run_address>0x2b34</run_address>
         <size>0x4</size>
      </object_component>
      <object_component id="oc-696">
         <name>.common:Roll_PID</name>
         <uninitialized>true</uninitialized>
         <run_address>0x2b38</run_address>
         <size>0x4</size>
      </object_component>
      <object_component id="oc-697">
         <name>.common:Yaw_PID</name>
         <uninitialized>true</uninitialized>
         <run_address>0x2b3c</run_address>
         <size>0x4</size>
      </object_component>
      <object_component id="oc-585">
         <name>.common:pidPitchAngle</name>
         <uninitialized>true</uninitialized>
         <run_address>0x28f6</run_address>
         <size>0x3c</size>
      </object_component>
      <object_component id="oc-591">
         <name>.common:pidRollAngle</name>
         <uninitialized>true</uninitialized>
         <run_address>0x296e</run_address>
         <size>0x3c</size>
      </object_component>
      <object_component id="oc-595">
         <name>.common:pidYawAngle</name>
         <uninitialized>true</uninitialized>
         <run_address>0x29e6</run_address>
         <size>0x3c</size>
      </object_component>
      <object_component id="oc-599">
         <name>.common:pidPitchAngularRate</name>
         <uninitialized>true</uninitialized>
         <run_address>0x2932</run_address>
         <size>0x3c</size>
      </object_component>
      <object_component id="oc-59d">
         <name>.common:pidRollAngularRate</name>
         <uninitialized>true</uninitialized>
         <run_address>0x29aa</run_address>
         <size>0x3c</size>
      </object_component>
      <object_component id="oc-5a1">
         <name>.common:pidYawAngularRate</name>
         <uninitialized>true</uninitialized>
         <run_address>0x2a22</run_address>
         <size>0x3c</size>
      </object_component>
      <object_component id="oc-5a5">
         <name>.common:pidHeight</name>
         <uninitialized>true</uninitialized>
         <run_address>0x28ba</run_address>
         <size>0x3c</size>
      </object_component>
      <object_component id="oc-5a9">
         <name>.common:piddistance</name>
         <uninitialized>true</uninitialized>
         <run_address>0x2a5e</run_address>
         <size>0x3c</size>
      </object_component>
      <object_component id="oc-5ad">
         <name>.common:pidAngle</name>
         <uninitialized>true</uninitialized>
         <run_address>0x287e</run_address>
         <size>0x3c</size>
      </object_component>
      <object_component id="oc-65e">
         <name>.common:IMU</name>
         <uninitialized>true</uninitialized>
         <run_address>0x2aa6</run_address>
         <size>0xc</size>
      </object_component>
      <object_component id="oc-65d">
         <name>.common:IMU_last</name>
         <uninitialized>true</uninitialized>
         <run_address>0x2ab2</run_address>
         <size>0xc</size>
      </object_component>
      <object_component id="oc-600">
         <name>.common:imu_dmp</name>
         <uninitialized>true</uninitialized>
         <run_address>0x2b06</run_address>
         <size>0xc</size>
      </object_component>
      <object_component id="oc-648">
         <name>.common:acc_raw</name>
         <uninitialized>true</uninitialized>
         <run_address>0x2ad6</run_address>
         <size>0xc</size>
      </object_component>
      <object_component id="oc-64a">
         <name>.common:acc</name>
         <uninitialized>true</uninitialized>
         <run_address>0x2abe</run_address>
         <size>0xc</size>
      </object_component>
      <object_component id="oc-649">
         <name>.common:acc_last</name>
         <uninitialized>true</uninitialized>
         <run_address>0x2aca</run_address>
         <size>0xc</size>
      </object_component>
      <object_component id="oc-654">
         <name>.common:gyro_raw</name>
         <uninitialized>true</uninitialized>
         <run_address>0x2afa</run_address>
         <size>0xc</size>
      </object_component>
      <object_component id="oc-656">
         <name>.common:gyro</name>
         <uninitialized>true</uninitialized>
         <run_address>0x2ae2</run_address>
         <size>0xc</size>
      </object_component>
      <object_component id="oc-655">
         <name>.common:gyro_last</name>
         <uninitialized>true</uninitialized>
         <run_address>0x2aee</run_address>
         <size>0xc</size>
      </object_component>
      <object_component id="oc-cd2">
         <name>.common:__TI_tmpnams</name>
         <uninitialized>true</uninitialized>
         <run_address>0x27de</run_address>
         <size>0xa0</size>
      </object_component>
      <object_component id="oc-cdd">
         <name>.common:parmbuf</name>
         <uninitialized>true</uninitialized>
         <run_address>0x2b28</run_address>
         <size>0x8</size>
      </object_component>
      <object_component id="oc-708">
         <name>.data:st</name>
         <load_address>0x266c</load_address>
         <run_address>0x266c</run_address>
         <size>0x2c</size>
         <input_file_ref idref="fl-8"/>
      </object_component>
      <object_component id="oc-5d8">
         <name>.data:gyro_orientation</name>
         <load_address>0x27aa</load_address>
         <run_address>0x27aa</run_address>
         <size>0x9</size>
         <input_file_ref idref="fl-8"/>
      </object_component>
      <object_component id="oc-77e">
         <name>.data:dmp</name>
         <load_address>0x2716</load_address>
         <run_address>0x2716</run_address>
         <size>0x10</size>
         <input_file_ref idref="fl-9"/>
      </object_component>
      <object_component id="oc-69d">
         <name>.data</name>
         <load_address>0x27d4</load_address>
         <run_address>0x27d4</run_address>
         <size>0x2</size>
         <input_file_ref idref="fl-a"/>
      </object_component>
      <object_component id="oc-41e">
         <name>.data:channel</name>
         <load_address>0x2706</load_address>
         <run_address>0x2706</run_address>
         <size>0x10</size>
         <input_file_ref idref="fl-d"/>
      </object_component>
      <object_component id="oc-412">
         <name>.data</name>
         <load_address>0x27b4</load_address>
         <run_address>0x27b4</run_address>
         <size>0x6</size>
         <input_file_ref idref="fl-d"/>
      </object_component>
      <object_component id="oc-40a">
         <name>.data</name>
         <load_address>0x279e</load_address>
         <run_address>0x279e</run_address>
         <size>0xc</size>
         <input_file_ref idref="fl-e"/>
      </object_component>
      <object_component id="oc-588">
         <name>.data:pidPitchAngleConfig</name>
         <load_address>0x274a</load_address>
         <run_address>0x274a</run_address>
         <size>0xc</size>
         <input_file_ref idref="fl-10"/>
      </object_component>
      <object_component id="oc-592">
         <name>.data:pidRollAngleConfig</name>
         <load_address>0x276e</load_address>
         <run_address>0x276e</run_address>
         <size>0xc</size>
         <input_file_ref idref="fl-10"/>
      </object_component>
      <object_component id="oc-596">
         <name>.data:pidYawAngleConfig</name>
         <load_address>0x2786</load_address>
         <run_address>0x2786</run_address>
         <size>0xc</size>
         <input_file_ref idref="fl-10"/>
      </object_component>
      <object_component id="oc-59a">
         <name>.data:pidPitchAngularRateConfig</name>
         <load_address>0x2756</load_address>
         <run_address>0x2756</run_address>
         <size>0xc</size>
         <input_file_ref idref="fl-10"/>
      </object_component>
      <object_component id="oc-59e">
         <name>.data:pidRollAngularRateConfig</name>
         <load_address>0x277a</load_address>
         <run_address>0x277a</run_address>
         <size>0xc</size>
         <input_file_ref idref="fl-10"/>
      </object_component>
      <object_component id="oc-5a2">
         <name>.data:pidYawAngularRateConfig</name>
         <load_address>0x2792</load_address>
         <run_address>0x2792</run_address>
         <size>0xc</size>
         <input_file_ref idref="fl-10"/>
      </object_component>
      <object_component id="oc-5a6">
         <name>.data:pidHeightConfig</name>
         <load_address>0x273e</load_address>
         <run_address>0x273e</run_address>
         <size>0xc</size>
         <input_file_ref idref="fl-10"/>
      </object_component>
      <object_component id="oc-5aa">
         <name>.data:pidPosConfig</name>
         <load_address>0x2762</load_address>
         <run_address>0x2762</run_address>
         <size>0xc</size>
         <input_file_ref idref="fl-10"/>
      </object_component>
      <object_component id="oc-5ae">
         <name>.data:pidAngleConfig</name>
         <load_address>0x2732</load_address>
         <run_address>0x2732</run_address>
         <size>0xc</size>
         <input_file_ref idref="fl-10"/>
      </object_component>
      <object_component id="oc-497">
         <name>.data</name>
         <load_address>0x27ba</load_address>
         <run_address>0x27ba</run_address>
         <size>0x5</size>
         <input_file_ref idref="fl-13"/>
      </object_component>
      <object_component id="oc-61b">
         <name>.data:b_IIR</name>
         <load_address>0x26c0</load_address>
         <run_address>0x26c0</run_address>
         <size>0x28</size>
         <input_file_ref idref="fl-16"/>
      </object_component>
      <object_component id="oc-61e">
         <name>.data:a_IIR</name>
         <load_address>0x2698</load_address>
         <run_address>0x2698</run_address>
         <size>0x28</size>
         <input_file_ref idref="fl-16"/>
      </object_component>
      <object_component id="oc-615">
         <name>.data:InPut_IIR</name>
         <load_address>0x24c8</load_address>
         <run_address>0x24c8</run_address>
         <size>0x78</size>
         <input_file_ref idref="fl-16"/>
      </object_component>
      <object_component id="oc-618">
         <name>.data:OutPut_IIR</name>
         <load_address>0x2540</load_address>
         <run_address>0x2540</run_address>
         <size>0x78</size>
         <input_file_ref idref="fl-16"/>
      </object_component>
      <object_component id="oc-64b">
         <name>.data:gyro_idle</name>
         <load_address>0x2726</load_address>
         <run_address>0x2726</run_address>
         <size>0xc</size>
         <input_file_ref idref="fl-16"/>
      </object_component>
      <object_component id="oc-4e8">
         <name>.data</name>
         <load_address>0x27d0</load_address>
         <run_address>0x27d0</run_address>
         <size>0x4</size>
         <input_file_ref idref="fl-17"/>
      </object_component>
      <object_component id="oc-428">
         <name>.data:clock</name>
         <load_address>0x26e8</load_address>
         <run_address>0x26e8</run_address>
         <size>0x1e</size>
         <input_file_ref idref="fl-18"/>
      </object_component>
      <object_component id="oc-6a2">
         <name>.data</name>
         <load_address>0x27da</load_address>
         <run_address>0x27da</run_address>
         <size>0x2</size>
         <input_file_ref idref="fl-8d"/>
      </object_component>
      <object_component id="oc-6a5">
         <name>.data:_lock</name>
         <load_address>0x27c8</load_address>
         <run_address>0x27c8</run_address>
         <size>0x4</size>
         <input_file_ref idref="fl-8e"/>
      </object_component>
      <object_component id="oc-6ae">
         <name>.data:_unlock</name>
         <load_address>0x27cc</load_address>
         <run_address>0x27cc</run_address>
         <size>0x4</size>
         <input_file_ref idref="fl-8e"/>
      </object_component>
      <object_component id="oc-6ab">
         <name>.data:__TI_cleanup_ptr</name>
         <load_address>0x27c0</load_address>
         <run_address>0x27c0</run_address>
         <size>0x4</size>
         <input_file_ref idref="fl-9d"/>
      </object_component>
      <object_component id="oc-6a8">
         <name>.data:__TI_dtors_ptr</name>
         <load_address>0x27c4</load_address>
         <run_address>0x27c4</run_address>
         <size>0x4</size>
         <input_file_ref idref="fl-9d"/>
      </object_component>
      <object_component id="oc-8db">
         <name>.data:_ftable</name>
         <load_address>0x2400</load_address>
         <run_address>0x2400</run_address>
         <size>0xc8</size>
         <input_file_ref idref="fl-a2"/>
      </object_component>
      <object_component id="oc-c75">
         <name>.data</name>
         <load_address>0x27d6</load_address>
         <run_address>0x27d6</run_address>
         <size>0x2</size>
         <input_file_ref idref="fl-a2"/>
      </object_component>
      <object_component id="oc-c04">
         <name>.data:_device</name>
         <load_address>0x25b8</load_address>
         <run_address>0x25b8</run_address>
         <size>0x78</size>
         <input_file_ref idref="fl-ab"/>
      </object_component>
      <object_component id="oc-b86">
         <name>.data:_stream</name>
         <load_address>0x2630</load_address>
         <run_address>0x2630</run_address>
         <size>0x3c</size>
         <input_file_ref idref="fl-ab"/>
      </object_component>
      <object_component id="oc-ada">
         <name>.data</name>
         <load_address>0x27d8</load_address>
         <run_address>0x27d8</run_address>
         <size>0x2</size>
         <input_file_ref idref="fl-ac"/>
      </object_component>
      <object_component id="oc-c65">
         <name>.data</name>
         <load_address>0x27dc</load_address>
         <run_address>0x27dc</run_address>
         <size>0x2</size>
         <input_file_ref idref="fl-bd"/>
      </object_component>
      <object_component id="oc-381">
         <name>.sysmem</name>
         <uninitialized>true</uninitialized>
         <run_address>0x2c6c</run_address>
         <size>0x6</size>
         <input_file_ref idref="fl-bd"/>
      </object_component>
      <object_component id="oc-dce">
         <name>.sysmem</name>
         <uninitialized>true</uninitialized>
         <run_address>0x2c6c</run_address>
         <size>0x0</size>
      </object_component>
      <object_component id="oc-37d">
         <name>.stack</name>
         <uninitialized>true</uninitialized>
         <run_address>0x4360</run_address>
         <size>0x4</size>
         <input_file_ref idref="fl-6c"/>
      </object_component>
      <object_component id="oc-dcd">
         <name>.stack</name>
         <uninitialized>true</uninitialized>
         <run_address>0x4360</run_address>
         <size>0x0</size>
      </object_component>
      <object_component id="oc-850">
         <name>.text:__kernel_rem_pio2</name>
         <load_address>0x10000</load_address>
         <run_address>0x10000</run_address>
         <size>0xdb6</size>
         <input_file_ref idref="fl-96"/>
      </object_component>
      <object_component id="oc-67e">
         <name>.text:cos</name>
         <load_address>0x10db6</load_address>
         <run_address>0x10db6</run_address>
         <size>0x8d2</size>
         <input_file_ref idref="fl-3d"/>
      </object_component>
      <object_component id="oc-966">
         <name>.text:get_st_biases</name>
         <load_address>0x11688</load_address>
         <run_address>0x11688</run_address>
         <size>0x63c</size>
         <input_file_ref idref="fl-8"/>
      </object_component>
      <object_component id="oc-807">
         <name>.text:atan2f</name>
         <load_address>0x11cc4</load_address>
         <run_address>0x11cc4</run_address>
         <size>0x598</size>
         <input_file_ref idref="fl-25"/>
      </object_component>
      <object_component id="oc-82f">
         <name>.text:__TI_frcdivd</name>
         <load_address>0x1225c</load_address>
         <run_address>0x1225c</run_address>
         <size>0x466</size>
         <input_file_ref idref="fl-87"/>
      </object_component>
      <object_component id="oc-4e2">
         <name>.text:update_IMU_Data</name>
         <load_address>0x126c2</load_address>
         <run_address>0x126c2</run_address>
         <size>0x3f2</size>
         <input_file_ref idref="fl-16"/>
      </object_component>
      <object_component id="oc-9a5">
         <name>.text:msp430_acos_asin</name>
         <load_address>0x12ab4</load_address>
         <run_address>0x12ab4</run_address>
         <size>0x3de</size>
         <input_file_ref idref="fl-24"/>
      </object_component>
      <object_component id="oc-800">
         <name>.text:dmp_read_fifo</name>
         <load_address>0x12e92</load_address>
         <run_address>0x12e92</run_address>
         <size>0x398</size>
         <input_file_ref idref="fl-9"/>
      </object_component>
      <object_component id="oc-603">
         <name>.text:mpu_dmp_get_data</name>
         <load_address>0x1322a</load_address>
         <run_address>0x1322a</run_address>
         <size>0x354</size>
         <input_file_ref idref="fl-8"/>
      </object_component>
      <object_component id="oc-b5a">
         <name>.text:__mspabi_divull</name>
         <load_address>0x1357e</load_address>
         <run_address>0x1357e</run_address>
         <size>0x34e</size>
         <input_file_ref idref="fl-75"/>
      </object_component>
      <object_component id="oc-814">
         <name>.text:__mspabi_addd</name>
         <load_address>0x138cc</load_address>
         <run_address>0x138cc</run_address>
         <size>0x2e0</size>
         <input_file_ref idref="fl-7a"/>
      </object_component>
      <object_component id="oc-862">
         <name>.text:__kernel_sin</name>
         <load_address>0x13bac</load_address>
         <run_address>0x13bac</run_address>
         <size>0x2a8</size>
         <input_file_ref idref="fl-98"/>
      </object_component>
      <object_component id="oc-8ea">
         <name>.text:__TI_printfi</name>
         <load_address>0x13e54</load_address>
         <run_address>0x13e54</run_address>
         <size>0x2a6</size>
         <input_file_ref idref="fl-9f"/>
      </object_component>
      <object_component id="oc-839">
         <name>.text:__TI_frcmpyd</name>
         <load_address>0x140fa</load_address>
         <run_address>0x140fa</run_address>
         <size>0x280</size>
         <input_file_ref idref="fl-9e"/>
      </object_component>
      <object_component id="oc-a66">
         <name>.text:_setfield</name>
         <load_address>0x1437a</load_address>
         <run_address>0x1437a</run_address>
         <size>0x27a</size>
         <input_file_ref idref="fl-9f"/>
      </object_component>
      <object_component id="oc-63c">
         <name>.text:__mspabi_mpyd</name>
         <load_address>0x145f4</load_address>
         <run_address>0x145f4</run_address>
         <size>0x266</size>
         <input_file_ref idref="fl-88"/>
      </object_component>
      <object_component id="oc-85c">
         <name>.text:__kernel_cos</name>
         <load_address>0x1485a</load_address>
         <run_address>0x1485a</run_address>
         <size>0x264</size>
         <input_file_ref idref="fl-97"/>
      </object_component>
      <object_component id="oc-621">
         <name>.text:IIR_I_Filter</name>
         <load_address>0x14abe</load_address>
         <run_address>0x14abe</run_address>
         <size>0x24a</size>
         <input_file_ref idref="fl-15"/>
      </object_component>
      <object_component id="oc-9b1">
         <name>.text:__TI_frcaddd</name>
         <load_address>0x14d08</load_address>
         <run_address>0x14d08</run_address>
         <size>0x248</size>
         <input_file_ref idref="fl-86"/>
      </object_component>
      <object_component id="oc-5e7">
         <name>.text:dmp_enable_feature</name>
         <load_address>0x14f50</load_address>
         <run_address>0x14f50</run_address>
         <size>0x242</size>
         <input_file_ref idref="fl-9"/>
      </object_component>
      <object_component id="oc-c45">
         <name>.text:acvt</name>
         <load_address>0x15192</load_address>
         <run_address>0x15192</run_address>
         <size>0x224</size>
         <input_file_ref idref="fl-9f"/>
      </object_component>
      <object_component id="oc-633">
         <name>.text:__mspabi_divd</name>
         <load_address>0x153b6</load_address>
         <run_address>0x153b6</run_address>
         <size>0x222</size>
         <input_file_ref idref="fl-7d"/>
      </object_component>
      <object_component id="oc-b2c">
         <name>.text:_pproc_fgea</name>
         <load_address>0x155d8</load_address>
         <run_address>0x155d8</run_address>
         <size>0x21c</size>
         <input_file_ref idref="fl-9f"/>
      </object_component>
      <object_component id="oc-b96">
         <name>.text:_getarg_diouxp</name>
         <load_address>0x157f4</load_address>
         <run_address>0x157f4</run_address>
         <size>0x20c</size>
         <input_file_ref idref="fl-9f"/>
      </object_component>
      <object_component id="oc-7f6">
         <name>.text:dmp_set_accel_bias</name>
         <load_address>0x15a00</load_address>
         <run_address>0x15a00</run_address>
         <size>0x1ea</size>
         <input_file_ref idref="fl-9"/>
      </object_component>
      <object_component id="oc-789">
         <name>.text:dmp_set_tap_thresh</name>
         <load_address>0x15bea</load_address>
         <run_address>0x15bea</run_address>
         <size>0x1ea</size>
         <input_file_ref idref="fl-9"/>
      </object_component>
      <object_component id="oc-5ba">
         <name>.text:mpu_init</name>
         <load_address>0x15dd4</load_address>
         <run_address>0x15dd4</run_address>
         <size>0x1ea</size>
         <input_file_ref idref="fl-8"/>
      </object_component>
      <object_component id="oc-c1e">
         <name>.text:ecvt</name>
         <load_address>0x15fbe</load_address>
         <run_address>0x15fbe</run_address>
         <size>0x1e6</size>
         <input_file_ref idref="fl-9f"/>
      </object_component>
      <object_component id="oc-7e5">
         <name>.text:dmp_set_gyro_bias</name>
         <load_address>0x161a4</load_address>
         <run_address>0x161a4</run_address>
         <size>0x1e4</size>
         <input_file_ref idref="fl-9"/>
      </object_component>
      <object_component id="oc-4f2">
         <name>.text:control_All</name>
         <load_address>0x16388</load_address>
         <run_address>0x16388</run_address>
         <size>0x1e2</size>
         <input_file_ref idref="fl-13"/>
      </object_component>
      <object_component id="oc-74b">
         <name>.text:mpu_reset_fifo</name>
         <load_address>0x1656a</load_address>
         <run_address>0x1656a</run_address>
         <size>0x1de</size>
         <input_file_ref idref="fl-8"/>
      </object_component>
      <object_component id="oc-c31">
         <name>.text:fcvt</name>
         <load_address>0x16748</load_address>
         <run_address>0x16748</run_address>
         <size>0x1c8</size>
         <input_file_ref idref="fl-9f"/>
      </object_component>
      <object_component id="oc-9da">
         <name>.text:floor</name>
         <load_address>0x16910</load_address>
         <run_address>0x16910</run_address>
         <size>0x1c4</size>
         <input_file_ref idref="fl-99"/>
      </object_component>
      <object_component id="oc-972">
         <name>.text:gyro_self_test</name>
         <load_address>0x16ad4</load_address>
         <run_address>0x16ad4</run_address>
         <size>0x1b0</size>
         <input_file_ref idref="fl-8"/>
      </object_component>
      <object_component id="oc-bb5">
         <name>.text:_pconv_e</name>
         <load_address>0x16c84</load_address>
         <run_address>0x16c84</run_address>
         <size>0x1a2</size>
         <input_file_ref idref="fl-9f"/>
      </object_component>
      <object_component id="oc-5e1">
         <name>.text:dmp_set_orientation</name>
         <load_address>0x16e26</load_address>
         <run_address>0x16e26</run_address>
         <size>0x1a0</size>
         <input_file_ref idref="fl-9"/>
      </object_component>
      <object_component id="oc-871">
         <name>.text:calcPid</name>
         <load_address>0x16fc6</load_address>
         <run_address>0x16fc6</run_address>
         <size>0x19a</size>
         <input_file_ref idref="fl-11"/>
      </object_component>
      <object_component id="oc-4ca">
         <name>.text:InitSelfStability</name>
         <load_address>0x17160</load_address>
         <run_address>0x17160</run_address>
         <size>0x170</size>
         <input_file_ref idref="fl-10"/>
      </object_component>
      <object_component id="oc-bbb">
         <name>.text:_pconv_a</name>
         <load_address>0x172d0</load_address>
         <run_address>0x172d0</run_address>
         <size>0x170</size>
         <input_file_ref idref="fl-9f"/>
      </object_component>
      <object_component id="oc-421">
         <name>.text:fresh_rc</name>
         <load_address>0x17440</load_address>
         <run_address>0x17440</run_address>
         <size>0x16c</size>
         <input_file_ref idref="fl-d"/>
      </object_component>
      <object_component id="oc-7ca">
         <name>.text:mpu_run_self_test</name>
         <load_address>0x175ac</load_address>
         <run_address>0x175ac</run_address>
         <size>0x15c</size>
         <input_file_ref idref="fl-8"/>
      </object_component>
      <object_component id="oc-736">
         <name>.text:mpu_set_bypass</name>
         <load_address>0x17708</load_address>
         <run_address>0x17708</run_address>
         <size>0x15c</size>
         <input_file_ref idref="fl-8"/>
      </object_component>
      <object_component id="oc-9d4">
         <name>.text:scalbn</name>
         <load_address>0x17864</load_address>
         <run_address>0x17864</run_address>
         <size>0x15a</size>
         <input_file_ref idref="fl-9a"/>
      </object_component>
      <object_component id="oc-b26">
         <name>.text:_pproc_diouxp</name>
         <load_address>0x179be</load_address>
         <run_address>0x179be</run_address>
         <size>0x148</size>
         <input_file_ref idref="fl-9f"/>
      </object_component>
      <object_component id="oc-96c">
         <name>.text:accel_self_test</name>
         <load_address>0x17b06</load_address>
         <run_address>0x17b06</run_address>
         <size>0x140</size>
         <input_file_ref idref="fl-8"/>
      </object_component>
      <object_component id="oc-a9c">
         <name>.text:__mspabi_divlli</name>
         <load_address>0x17c46</load_address>
         <run_address>0x17c46</run_address>
         <size>0x13c</size>
         <input_file_ref idref="fl-74"/>
      </object_component>
      <object_component id="oc-6e6">
         <name>.text:Init_FLL</name>
         <load_address>0x17d82</load_address>
         <run_address>0x17d82</run_address>
         <size>0x134</size>
         <input_file_ref idref="fl-6"/>
      </object_component>
      <object_component id="oc-49d">
         <name>.text</name>
         <load_address>0x17eb6</load_address>
         <run_address>0x17eb6</run_address>
         <size>0x132</size>
         <input_file_ref idref="fl-42"/>
      </object_component>
      <object_component id="oc-b9c">
         <name>.text:_ltostr</name>
         <load_address>0x17fe8</load_address>
         <run_address>0x17fe8</run_address>
         <size>0x128</size>
         <input_file_ref idref="fl-9f"/>
      </object_component>
      <object_component id="oc-aa3">
         <name>.text:get_accel_prod_shift</name>
         <load_address>0x18110</load_address>
         <run_address>0x18110</run_address>
         <size>0x11e</size>
         <input_file_ref idref="fl-8"/>
      </object_component>
      <object_component id="oc-43a">
         <name>.text:main</name>
         <load_address>0x1822e</load_address>
         <run_address>0x1822e</run_address>
         <size>0x11a</size>
         <input_file_ref idref="fl-17"/>
      </object_component>
      <object_component id="oc-5f3">
         <name>.text:run_self_test</name>
         <load_address>0x18348</load_address>
         <run_address>0x18348</run_address>
         <size>0x104</size>
         <input_file_ref idref="fl-8"/>
      </object_component>
      <object_component id="oc-ba9">
         <name>.text:_pconv_g</name>
         <load_address>0x1844c</load_address>
         <run_address>0x1844c</run_address>
         <size>0xfc</size>
         <input_file_ref idref="fl-9f"/>
      </object_component>
      <object_component id="oc-a60">
         <name>.text:_pproc_fwp</name>
         <load_address>0x18548</load_address>
         <run_address>0x18548</run_address>
         <size>0xfa</size>
         <input_file_ref idref="fl-9f"/>
      </object_component>
      <object_component id="oc-752">
         <name>.text:mpu_lp_accel_mode</name>
         <load_address>0x18642</load_address>
         <run_address>0x18642</run_address>
         <size>0xf2</size>
         <input_file_ref idref="fl-8"/>
      </object_component>
      <object_component id="oc-a4c">
         <name>.text:fputs</name>
         <load_address>0x18734</load_address>
         <run_address>0x18734</run_address>
         <size>0xf0</size>
         <input_file_ref idref="fl-a4"/>
      </object_component>
      <object_component id="oc-75c">
         <name>.text:mpu_load_firmware</name>
         <load_address>0x18824</load_address>
         <run_address>0x18824</run_address>
         <size>0xf0</size>
         <input_file_ref idref="fl-8"/>
      </object_component>
      <object_component id="oc-58b">
         <name>.text:InitPidObject</name>
         <load_address>0x18914</load_address>
         <run_address>0x18914</run_address>
         <size>0xee</size>
         <input_file_ref idref="fl-11"/>
      </object_component>
      <object_component id="oc-992">
         <name>.text:mpu_read_fifo_stream</name>
         <load_address>0x18a02</load_address>
         <run_address>0x18a02</run_address>
         <size>0xec</size>
         <input_file_ref idref="fl-8"/>
      </object_component>
      <object_component id="oc-4dc">
         <name>.text:mpu_dmp_init</name>
         <load_address>0x18aee</load_address>
         <run_address>0x18aee</run_address>
         <size>0xe8</size>
         <input_file_ref idref="fl-8"/>
      </object_component>
      <object_component id="oc-5c0">
         <name>.text:mpu_set_sensors</name>
         <load_address>0x18bd6</load_address>
         <run_address>0x18bd6</run_address>
         <size>0xe0</size>
         <input_file_ref idref="fl-8"/>
      </object_component>
      <object_component id="oc-b7a">
         <name>.text:setvbuf</name>
         <load_address>0x18cb6</load_address>
         <run_address>0x18cb6</run_address>
         <size>0xde</size>
         <input_file_ref idref="fl-b4"/>
      </object_component>
      <object_component id="oc-487">
         <name>.text:__mspabi_cmpd</name>
         <load_address>0x18d94</load_address>
         <run_address>0x18d94</run_address>
         <size>0xd8</size>
         <input_file_ref idref="fl-7b"/>
      </object_component>
      <object_component id="oc-9a6">
         <name>.text:msp430_calc_recip</name>
         <load_address>0x18e6c</load_address>
         <run_address>0x18e6c</run_address>
         <size>0xd0</size>
         <input_file_ref idref="fl-27"/>
      </object_component>
      <object_component id="oc-ac1">
         <name>.text:msp430_calc_sqrt</name>
         <load_address>0x18f3c</load_address>
         <run_address>0x18f3c</run_address>
         <size>0xcc</size>
         <input_file_ref idref="fl-27"/>
      </object_component>
      <object_component id="oc-a72">
         <name>.text:_pproc_wstr</name>
         <load_address>0x19008</load_address>
         <run_address>0x19008</run_address>
         <size>0xc8</size>
         <input_file_ref idref="fl-9f"/>
      </object_component>
      <object_component id="oc-4b2">
         <name>.text:msp430_clock_init</name>
         <load_address>0x190d0</load_address>
         <run_address>0x190d0</run_address>
         <size>0xc2</size>
         <input_file_ref idref="fl-18"/>
      </object_component>
      <object_component id="oc-beb">
         <name>.text:malloc</name>
         <load_address>0x19192</load_address>
         <run_address>0x19192</run_address>
         <size>0xbc</size>
         <input_file_ref idref="fl-bd"/>
      </object_component>
      <object_component id="oc-7db">
         <name>.text</name>
         <load_address>0x1924e</load_address>
         <run_address>0x1924e</run_address>
         <size>0xb8</size>
         <input_file_ref idref="fl-47"/>
      </object_component>
      <object_component id="oc-660">
         <name>.text:get_dst</name>
         <load_address>0x19306</load_address>
         <run_address>0x19306</run_address>
         <size>0xb6</size>
         <input_file_ref idref="fl-e"/>
      </object_component>
      <object_component id="oc-ac6">
         <name>.text:__TI_renormd</name>
         <load_address>0x193bc</load_address>
         <run_address>0x193bc</run_address>
         <size>0xb2</size>
         <input_file_ref idref="fl-8a"/>
      </object_component>
      <object_component id="oc-5cc">
         <name>.text:mpu_set_sample_rate</name>
         <load_address>0x1946e</load_address>
         <run_address>0x1946e</run_address>
         <size>0xaa</size>
         <input_file_ref idref="fl-8"/>
      </object_component>
      <object_component id="oc-a6c">
         <name>.text:_pproc_str</name>
         <load_address>0x19518</load_address>
         <run_address>0x19518</run_address>
         <size>0xa6</size>
         <input_file_ref idref="fl-9f"/>
      </object_component>
      <object_component id="oc-c3f">
         <name>.text:frexp</name>
         <load_address>0x195be</load_address>
         <run_address>0x195be</run_address>
         <size>0xa6</size>
         <input_file_ref idref="fl-ae"/>
      </object_component>
      <object_component id="oc-54a">
         <name>.text:__mspabi_fltlid</name>
         <load_address>0x19664</load_address>
         <run_address>0x19664</run_address>
         <size>0x9e</size>
         <input_file_ref idref="fl-83"/>
      </object_component>
      <object_component id="oc-745">
         <name>.text:set_int_enable</name>
         <load_address>0x19702</load_address>
         <run_address>0x19702</run_address>
         <size>0x9e</size>
         <input_file_ref idref="fl-8"/>
      </object_component>
      <object_component id="oc-730">
         <name>.text:mpu_set_lpf</name>
         <load_address>0x197a0</load_address>
         <run_address>0x197a0</run_address>
         <size>0x9c</size>
         <input_file_ref idref="fl-8"/>
      </object_component>
      <object_component id="oc-c93">
         <name>.text:HOSTlseek</name>
         <load_address>0x1983c</load_address>
         <run_address>0x1983c</run_address>
         <size>0x9a</size>
         <input_file_ref idref="fl-b6"/>
      </object_component>
      <object_component id="oc-678">
         <name>.text:calc_Throttle_Acro</name>
         <load_address>0x198d6</load_address>
         <run_address>0x198d6</run_address>
         <size>0x9a</size>
         <input_file_ref idref="fl-14"/>
      </object_component>
      <object_component id="oc-711">
         <name>.text:MPU_Read_Len</name>
         <load_address>0x19970</load_address>
         <run_address>0x19970</run_address>
         <size>0x98</size>
         <input_file_ref idref="fl-b"/>
      </object_component>
      <object_component id="oc-c24">
         <name>.text:_ecpy</name>
         <load_address>0x19a08</load_address>
         <run_address>0x19a08</run_address>
         <size>0x90</size>
         <input_file_ref idref="fl-9f"/>
      </object_component>
      <object_component id="oc-c2a">
         <name>.text:_mcpy</name>
         <load_address>0x19a98</load_address>
         <run_address>0x19a98</run_address>
         <size>0x90</size>
         <input_file_ref idref="fl-9f"/>
      </object_component>
      <object_component id="oc-a53">
         <name>.text:fputc</name>
         <load_address>0x19b28</load_address>
         <run_address>0x19b28</run_address>
         <size>0x90</size>
         <input_file_ref idref="fl-a3"/>
      </object_component>
      <object_component id="oc-906">
         <name>.text:mpu_read_mem</name>
         <load_address>0x19bb8</load_address>
         <run_address>0x19bb8</run_address>
         <size>0x90</size>
         <input_file_ref idref="fl-8"/>
      </object_component>
      <object_component id="oc-724">
         <name>.text:mpu_set_gyro_fsr</name>
         <load_address>0x19c48</load_address>
         <run_address>0x19c48</run_address>
         <size>0x90</size>
         <input_file_ref idref="fl-8"/>
      </object_component>
      <object_component id="oc-778">
         <name>.text:mpu_write_mem</name>
         <load_address>0x19cd8</load_address>
         <run_address>0x19cd8</run_address>
         <size>0x90</size>
         <input_file_ref idref="fl-8"/>
      </object_component>
      <object_component id="oc-492">
         <name>.text</name>
         <load_address>0x19d68</load_address>
         <run_address>0x19d68</run_address>
         <size>0x90</size>
         <input_file_ref idref="fl-44"/>
      </object_component>
      <object_component id="oc-be5">
         <name>.text:free</name>
         <load_address>0x19df8</load_address>
         <run_address>0x19df8</run_address>
         <size>0x8e</size>
         <input_file_ref idref="fl-bd"/>
      </object_component>
      <object_component id="oc-5f9">
         <name>.text:mpu_set_dmp_state</name>
         <load_address>0x19e86</load_address>
         <run_address>0x19e86</run_address>
         <size>0x8e</size>
         <input_file_ref idref="fl-8"/>
      </object_component>
      <object_component id="oc-642">
         <name>.text:__mspabi_cvtdf</name>
         <load_address>0x19f14</load_address>
         <run_address>0x19f14</run_address>
         <size>0x8c</size>
         <input_file_ref idref="fl-8c"/>
      </object_component>
      <object_component id="oc-72a">
         <name>.text:mpu_set_accel_fsr</name>
         <load_address>0x19fa0</load_address>
         <run_address>0x19fa0</run_address>
         <size>0x88</size>
         <input_file_ref idref="fl-8"/>
      </object_component>
      <object_component id="oc-68f">
         <name>.text:calcPidHeight</name>
         <load_address>0x1a028</load_address>
         <run_address>0x1a028</run_address>
[...]
         <value>0x1af90</value>
         <object_component_ref idref="oc-97d"/>
      </symbol>
      <symbol id="sm-cab">
         <name>_stack</name>
         <value>0x4360</value>
         <object_component_ref idref="oc-37d"/>
      </symbol>
      <symbol id="sm-cac">
         <name>_c_int00_noargs</name>
         <value>0x457a</value>
         <object_component_ref idref="oc-3cb"/>
      </symbol>
      <symbol id="sm-cad">
         <name>_reset_vector</name>
         <value>0xfffe</value>
         <object_component_ref idref="oc-380"/>
      </symbol>
      <symbol id="sm-cd0">
         <name>__TI_auto_init_nobinit_nopinit_hold_wdt</name>
         <value>0x1b2b4</value>
         <object_component_ref idref="oc-520"/>
      </symbol>
      <symbol id="sm-ce3">
         <name>__TI_zero_init_nomemset</name>
         <value>0x1be74</value>
         <object_component_ref idref="oc-3b9"/>
      </symbol>
      <symbol id="sm-cf7">
         <name>__mspabi_srall</name>
         <value>0x1b7d6</value>
         <object_component_ref idref="oc-982"/>
      </symbol>
      <symbol id="sm-d04">
         <name>__mspabi_sllll</name>
         <value>0x1b9c6</value>
         <object_component_ref idref="oc-98b"/>
      </symbol>
      <symbol id="sm-d11">
         <name>__mspabi_srlll</name>
         <value>0x1ba00</value>
         <object_component_ref idref="oc-bd1"/>
      </symbol>
      <symbol id="sm-d29">
         <name>__mspabi_divlli</name>
         <value>0x17c46</value>
         <object_component_ref idref="oc-a9c"/>
      </symbol>
      <symbol id="sm-d5c">
         <name>__mspabi_divull</name>
         <value>0x1357e</value>
         <object_component_ref idref="oc-b5a"/>
      </symbol>
      <symbol id="sm-d65">
         <name>_system_pre_init</name>
         <value>0x1c218</value>
         <object_component_ref idref="oc-434"/>
      </symbol>
      <symbol id="sm-d6e">
         <name>_system_post_cinit</name>
         <value>0x1c220</value>
         <object_component_ref idref="oc-6b3"/>
      </symbol>
      <symbol id="sm-d7f">
         <name>__TI_decompress_none</name>
         <value>0x1c14c</value>
         <object_component_ref idref="oc-73"/>
      </symbol>
      <symbol id="sm-da2">
         <name>__TI_decompress_lzss</name>
         <value>0x1a774</value>
         <object_component_ref idref="oc-6d"/>
      </symbol>
      <symbol id="sm-dc9">
         <name>__mspabi_addd</name>
         <value>0x138cc</value>
         <object_component_ref idref="oc-814"/>
      </symbol>
      <symbol id="sm-de3">
         <name>__mspabi_cmpd</name>
         <value>0x18d94</value>
         <object_component_ref idref="oc-487"/>
      </symbol>
      <symbol id="sm-df6">
         <name>__mspabi_cvtfd</name>
         <value>0x1ab52</value>
         <object_component_ref idref="oc-62d"/>
      </symbol>
      <symbol id="sm-e17">
         <name>__mspabi_divd</name>
         <value>0x153b6</value>
         <object_component_ref idref="oc-633"/>
      </symbol>
      <symbol id="sm-e24">
         <name>__mspabi_fixdi</name>
         <value>0x1bdfe</value>
         <object_component_ref idref="oc-627"/>
      </symbol>
      <symbol id="sm-e33">
         <name>__mspabi_fixdli</name>
         <value>0x1abb8</value>
         <object_component_ref idref="oc-81d"/>
      </symbol>
      <symbol id="sm-e3e">
         <name>__mspabi_fltid</name>
         <value>0x1c1dc</value>
         <object_component_ref idref="oc-481"/>
      </symbol>
      <symbol id="sm-e56">
         <name>__mspabi_fltlid</name>
         <value>0x19664</value>
         <object_component_ref idref="oc-54a"/>
      </symbol>
      <symbol id="sm-e5f">
         <name>__mspabi_fltud</name>
         <value>0x1c1fc</value>
         <object_component_ref idref="oc-847"/>
      </symbol>
      <symbol id="sm-e74">
         <name>__mspabi_fltuld</name>
         <value>0x1a1b2</value>
         <object_component_ref idref="oc-9c7"/>
      </symbol>
      <symbol id="sm-e95">
         <name>__TI_frcaddd</name>
         <value>0x14d08</value>
         <object_component_ref idref="oc-9b1"/>
      </symbol>
      <symbol id="sm-eb0">
         <name>__TI_frcdivd</name>
         <value>0x1225c</value>
         <object_component_ref idref="oc-82f"/>
      </symbol>
      <symbol id="sm-ed1">
         <name>__mspabi_mpyd</name>
         <value>0x145f4</value>
         <object_component_ref idref="oc-63c"/>
      </symbol>
      <symbol id="sm-eda">
         <name>__mspabi_negd</name>
         <value>0x1bd48</value>
         <object_component_ref idref="oc-856"/>
      </symbol>
      <symbol id="sm-eee">
         <name>__TI_renormd</name>
         <value>0x193bc</value>
         <object_component_ref idref="oc-ac6"/>
      </symbol>
      <symbol id="sm-ef7">
         <name>__mspabi_subd</name>
         <value>0x1bbec</value>
         <object_component_ref idref="oc-64e"/>
      </symbol>
      <symbol id="sm-f0a">
         <name>__mspabi_cvtdf</name>
         <value>0x19f14</value>
         <object_component_ref idref="oc-642"/>
      </symbol>
      <symbol id="sm-f27">
         <name>C$$EXIT</name>
         <value>0x1c208</value>
         <object_component_ref idref="oc-4fc"/>
      </symbol>
      <symbol id="sm-f28">
         <name>abort</name>
         <value>0x1c208</value>
         <object_component_ref idref="oc-4fc"/>
      </symbol>
      <symbol id="sm-f29">
         <name>__TI_enable_exit_profile_output</name>
         <value>0x27da</value>
         <object_component_ref idref="oc-6a2"/>
      </symbol>
      <symbol id="sm-f2a">
         <name>exit</name>
         <value>0x1b4d4</value>
         <object_component_ref idref="oc-502"/>
      </symbol>
      <symbol id="sm-f40">
         <name>_nop</name>
         <value>0x1c21e</value>
         <object_component_ref idref="oc-87d"/>
      </symbol>
      <symbol id="sm-f41">
         <name>_lock</name>
         <value>0x27c8</value>
         <object_component_ref idref="oc-6a5"/>
      </symbol>
      <symbol id="sm-f42">
         <name>_unlock</name>
         <value>0x27cc</value>
         <object_component_ref idref="oc-6ae"/>
      </symbol>
      <symbol id="sm-f52">
         <name>memcmp</name>
         <value>0x1be4e</value>
         <object_component_ref idref="oc-90c"/>
      </symbol>
      <symbol id="sm-f60">
         <name>memcpy</name>
         <value>0x1c138</value>
         <object_component_ref idref="oc-38f"/>
      </symbol>
      <symbol id="sm-f83">
         <name>printf</name>
         <value>0x1b51e</value>
         <object_component_ref idref="oc-718"/>
      </symbol>
      <symbol id="sm-f8d">
         <name>abs</name>
         <value>0x1c1e8</value>
         <object_component_ref idref="oc-cb2"/>
      </symbol>
      <symbol id="sm-f97">
         <name>labs</name>
         <value>0x1c1b2</value>
         <object_component_ref idref="oc-aa9"/>
      </symbol>
      <symbol id="sm-fa1">
         <name>llabs</name>
         <value>0x1c066</value>
         <object_component_ref idref="oc-b54"/>
      </symbol>
      <symbol id="sm-102f">
         <name>__kernel_rem_pio2</name>
         <value>0x10000</value>
         <object_component_ref idref="oc-850"/>
      </symbol>
      <symbol id="sm-1040">
         <name>__kernel_cos</name>
         <value>0x1485a</value>
         <object_component_ref idref="oc-85c"/>
      </symbol>
      <symbol id="sm-1053">
         <name>__kernel_sin</name>
         <value>0x13bac</value>
         <object_component_ref idref="oc-862"/>
      </symbol>
      <symbol id="sm-1073">
         <name>floorl</name>
         <value>0x16910</value>
         <object_component_ref idref="oc-9da"/>
      </symbol>
      <symbol id="sm-1074">
         <name>floor</name>
         <value>0x16910</value>
         <object_component_ref idref="oc-9da"/>
      </symbol>
      <symbol id="sm-108d">
         <name>scalbn</name>
         <value>0x17864</value>
         <object_component_ref idref="oc-9d4"/>
      </symbol>
      <symbol id="sm-108e">
         <name>scalbnl</name>
         <value>0x17864</value>
         <object_component_ref idref="oc-9d4"/>
      </symbol>
      <symbol id="sm-108f">
         <name>ldexpl</name>
         <value>0x17864</value>
         <object_component_ref idref="oc-9d4"/>
      </symbol>
      <symbol id="sm-1090">
         <name>ldexp</name>
         <value>0x17864</value>
         <object_component_ref idref="oc-9d4"/>
      </symbol>
      <symbol id="sm-10a0">
         <name>__mspabi_sral</name>
         <value>0x1c182</value>
         <object_component_ref idref="oc-9e0"/>
      </symbol>
      <symbol id="sm-10a1">
         <name>__mspabi_sral_15</name>
         <value>0x1b856</value>
         <object_component_ref idref="oc-824"/>
      </symbol>
      <symbol id="sm-10a2">
         <name>__mspabi_sral_14</name>
         <value>0x1b85a</value>
         <object_component_ref idref="oc-824"/>
      </symbol>
      <symbol id="sm-10a3">
         <name>__mspabi_sral_13</name>
         <value>0x1b85e</value>
         <object_component_ref idref="oc-824"/>
      </symbol>
      <symbol id="sm-10a4">
         <name>__mspabi_sral_12</name>
         <value>0x1b862</value>
         <object_component_ref idref="oc-824"/>
      </symbol>
      <symbol id="sm-10a5">
         <name>__mspabi_sral_11</name>
         <value>0x1b866</value>
         <object_component_ref idref="oc-824"/>
      </symbol>
      <symbol id="sm-10a6">
         <name>__mspabi_sral_10</name>
         <value>0x1b86a</value>
         <object_component_ref idref="oc-824"/>
      </symbol>
      <symbol id="sm-10a7">
         <name>__mspabi_sral_8</name>
         <value>0x1b872</value>
         <object_component_ref idref="oc-824"/>
      </symbol>
      <symbol id="sm-10a8">
         <name>__mspabi_sral_9</name>
         <value>0x1b86e</value>
         <object_component_ref idref="oc-824"/>
      </symbol>
      <symbol id="sm-10a9">
         <name>__mspabi_sral_6</name>
         <value>0x1b87a</value>
         <object_component_ref idref="oc-824"/>
      </symbol>
      <symbol id="sm-10aa">
         <name>__mspabi_sral_7</name>
         <value>0x1b876</value>
         <object_component_ref idref="oc-824"/>
      </symbol>
      <symbol id="sm-10ab">
         <name>__mspabi_sral_4</name>
         <value>0x1b882</value>
         <object_component_ref idref="oc-824"/>
      </symbol>
      <symbol id="sm-10ac">
         <name>__mspabi_sral_5</name>
         <value>0x1b87e</value>
         <object_component_ref idref="oc-824"/>
      </symbol>
      <symbol id="sm-10ad">
         <name>__mspabi_sral_2</name>
         <value>0x1b88a</value>
         <object_component_ref idref="oc-824"/>
      </symbol>
      <symbol id="sm-10ae">
         <name>__mspabi_sral_3</name>
         <value>0x1b886</value>
         <object_component_ref idref="oc-824"/>
      </symbol>
      <symbol id="sm-10af">
         <name>__mspabi_sral_1</name>
         <value>0x1b88e</value>
         <object_component_ref idref="oc-824"/>
      </symbol>
      <symbol id="sm-10bf">
         <name>__TI_dtors_ptr</name>
         <value>0x27c4</value>
         <object_component_ref idref="oc-6a8"/>
      </symbol>
      <symbol id="sm-10c0">
         <name>__TI_cleanup_ptr</name>
         <value>0x27c0</value>
         <object_component_ref idref="oc-6ab"/>
      </symbol>
      <symbol id="sm-10d0">
         <name>__TI_frcmpyd</name>
         <value>0x140fa</value>
         <object_component_ref idref="oc-839"/>
      </symbol>
      <symbol id="sm-12a6">
         <name>__TI_printfi</name>
         <value>0x13e54</value>
         <object_component_ref idref="oc-8ea"/>
      </symbol>
      <symbol id="sm-12b9">
         <name>atoi</name>
         <value>0x1ae12</value>
         <object_component_ref idref="oc-b1e"/>
      </symbol>
      <symbol id="sm-12c3">
         <name>_ctypes_</name>
         <value>0x529c</value>
         <object_component_ref idref="oc-b91"/>
      </symbol>
      <symbol id="sm-12d3">
         <name>__TI_tmpnams</name>
         <value>0x27de</value>
      </symbol>
      <symbol id="sm-12d4">
         <name>_ftable</name>
         <value>0x2400</value>
         <object_component_ref idref="oc-8db"/>
      </symbol>
      <symbol id="sm-12d5">
         <name>__TI_ft_end</name>
         <value>0x27d6</value>
         <object_component_ref idref="oc-c75"/>
      </symbol>
      <symbol id="sm-12e8">
         <name>putc</name>
         <value>0x19b28</value>
         <object_component_ref idref="oc-a53"/>
      </symbol>
      <symbol id="sm-12e9">
         <name>fputc</name>
         <value>0x19b28</value>
         <object_component_ref idref="oc-a53"/>
      </symbol>
      <symbol id="sm-1301">
         <name>fputs</name>
         <value>0x18734</value>
         <object_component_ref idref="oc-a4c"/>
      </symbol>
      <symbol id="sm-1310">
         <name>ltoa</name>
         <value>0x1a232</value>
         <object_component_ref idref="oc-cab"/>
      </symbol>
      <symbol id="sm-131f">
         <name>memccpy</name>
         <value>0x1bfc8</value>
         <object_component_ref idref="oc-b32"/>
      </symbol>
      <symbol id="sm-132e">
         <name>memchr</name>
         <value>0x1c07c</value>
         <object_component_ref idref="oc-b06"/>
      </symbol>
      <symbol id="sm-133d">
         <name>strchr</name>
         <value>0x1bfe6</value>
         <object_component_ref idref="oc-cbe"/>
      </symbol>
      <symbol id="sm-134a">
         <name>strlen</name>
         <value>0x1c1ce</value>
         <object_component_ref idref="oc-a5a"/>
      </symbol>
      <symbol id="sm-1357">
         <name>toupper</name>
         <value>0x1c170</value>
         <object_component_ref idref="oc-ba3"/>
      </symbol>
      <symbol id="sm-1379">
         <name>_stream</name>
         <value>0x2630</value>
         <object_component_ref idref="oc-b86"/>
      </symbol>
      <symbol id="sm-137a">
         <name>_device</name>
         <value>0x25b8</value>
         <object_component_ref idref="oc-c04"/>
      </symbol>
      <symbol id="sm-137b">
         <name>write</name>
         <value>0x1b98a</value>
         <object_component_ref idref="oc-b12"/>
      </symbol>
      <symbol id="sm-1382">
         <name>errno</name>
         <value>0x27d8</value>
         <object_component_ref idref="oc-ada"/>
      </symbol>
      <symbol id="sm-138b">
         <name>copysign</name>
         <value>0x1bd76</value>
         <object_component_ref idref="oc-add"/>
      </symbol>
      <symbol id="sm-138c">
         <name>copysignl</name>
         <value>0x1bd76</value>
         <object_component_ref idref="oc-add"/>
      </symbol>
      <symbol id="sm-139e">
         <name>frexpl</name>
         <value>0x195be</value>
         <object_component_ref idref="oc-c3f"/>
      </symbol>
      <symbol id="sm-139f">
         <name>frexp</name>
         <value>0x195be</value>
         <object_component_ref idref="oc-c3f"/>
      </symbol>
      <symbol id="sm-13b7">
         <name>wcslen</name>
         <value>0x1c0be</value>
         <object_component_ref idref="oc-b3a"/>
      </symbol>
      <symbol id="sm-13cf">
         <name>__TI_wrt_ok</name>
         <value>0x1a2b2</value>
         <object_component_ref idref="oc-b00"/>
      </symbol>
      <symbol id="sm-13e0">
         <name>__TI_doflush</name>
         <value>0x1ace8</value>
         <object_component_ref idref="oc-b0c"/>
      </symbol>
      <symbol id="sm-13f0">
         <name>fseek</name>
         <value>0x1aa18</value>
         <object_component_ref idref="oc-b74"/>
      </symbol>
      <symbol id="sm-13fe">
         <name>lseek</name>
         <value>0x1b910</value>
         <object_component_ref idref="oc-bdd"/>
      </symbol>
      <symbol id="sm-1416">
         <name>setvbuf</name>
         <value>0x18cb6</value>
         <object_component_ref idref="oc-b7a"/>
      </symbol>
      <symbol id="sm-1422">
         <name>HOSTclose</name>
         <value>0x1b308</value>
         <object_component_ref idref="oc-c81"/>
      </symbol>
      <symbol id="sm-142e">
         <name>HOSTlseek</name>
         <value>0x1983c</value>
         <object_component_ref idref="oc-c93"/>
      </symbol>
      <symbol id="sm-143c">
         <name>parmbuf</name>
         <value>0x2b28</value>
      </symbol>
      <symbol id="sm-143d">
         <name>HOSTopen</name>
         <value>0x1a8d2</value>
         <object_component_ref idref="oc-c7b"/>
      </symbol>
      <symbol id="sm-144a">
         <name>HOSTread</name>
         <value>0x1a9ae</value>
         <object_component_ref idref="oc-c87"/>
      </symbol>
      <symbol id="sm-1456">
         <name>HOSTrename</name>
         <value>0x1a7ea</value>
         <object_component_ref idref="oc-c9f"/>
      </symbol>
      <symbol id="sm-1462">
         <name>HOSTunlink</name>
         <value>0x1b5fc</value>
         <object_component_ref idref="oc-c99"/>
      </symbol>
      <symbol id="sm-146f">
         <name>HOSTwrite</name>
         <value>0x1a942</value>
         <object_component_ref idref="oc-c8d"/>
      </symbol>
      <symbol id="sm-148d">
         <name>__TI_readmsg</name>
         <value>0x1bbba</value>
         <object_component_ref idref="oc-ce6"/>
      </symbol>
      <symbol id="sm-148e">
         <name>C$$IO$$</name>
         <value>0x1bb14</value>
         <object_component_ref idref="oc-ce0"/>
      </symbol>
      <symbol id="sm-148f">
         <name>_CIOBUF_</name>
         <value>0x2b4a</value>
         <object_component_ref idref="oc-d14"/>
      </symbol>
      <symbol id="sm-1490">
         <name>__TI_writemsg</name>
         <value>0x1bae2</value>
         <object_component_ref idref="oc-ce0"/>
      </symbol>
      <symbol id="sm-14df">
         <name>_sys_memory</name>
         <value>0x2c6c</value>
         <object_component_ref idref="oc-381"/>
      </symbol>
      <symbol id="sm-14e0">
         <name>free</name>
         <value>0x19df8</value>
         <object_component_ref idref="oc-be5"/>
      </symbol>
      <symbol id="sm-14e1">
         <name>malloc</name>
         <value>0x19192</value>
         <object_component_ref idref="oc-beb"/>
      </symbol>
      <symbol id="sm-14e2">
         <name>minit</name>
         <value>0x1b794</value>
         <object_component_ref idref="oc-c68"/>
      </symbol>
      <symbol id="sm-14ee">
         <name>__TI_cleanup</name>
         <value>0x1baac</value>
         <object_component_ref idref="oc-bf1"/>
      </symbol>
      <symbol id="sm-14fc">
         <name>strcpy</name>
         <value>0x1c15e</value>
         <object_component_ref idref="oc-cf7"/>
      </symbol>
      <symbol id="sm-150d">
         <name>__TI_closefile</name>
         <value>0x1a85e</value>
         <object_component_ref idref="oc-c6f"/>
      </symbol>
      <symbol id="sm-152c">
         <name>finddevice</name>
         <value>0x1bda4</value>
         <object_component_ref idref="oc-d34"/>
      </symbol>
      <symbol id="sm-152d">
         <name>getdevice</name>
         <value>0x1b0fe</value>
         <object_component_ref idref="oc-d08"/>
      </symbol>
      <symbol id="sm-153c">
         <name>strcmp</name>
         <value>0x1c002</value>
         <object_component_ref idref="oc-d4b"/>
      </symbol>
      <symbol id="sm-154c">
         <name>strncpy</name>
         <value>0x1bce6</value>
         <object_component_ref idref="oc-d2e"/>
      </symbol>
      <symbol id="sm-1558">
         <name>unlink</name>
         <value>0x1bd18</value>
         <object_component_ref idref="oc-cd3"/>
      </symbol>
      <symbol id="sm-156a">
         <name>close</name>
         <value>0x1b0a4</value>
         <object_component_ref idref="oc-ccc"/>
      </symbol>
      <symbol id="sm-156c">
         <name>remove</name>
         <value>0x1bd18</value>
      </symbol>
   </symbol_table>
   <title>Link successful</title>
</link_info>
